<html>
<body>
<pre>
<h1>礦ision Build Log</h1>
<h2>Tool Versions:</h2>
IDE-Version: μVision V5.25.3.0
Copyright (C) 2018 ARM Ltd and ARM Germany GmbH. All rights reserved.
License Information: 软件管家 软件管家, 软件管家, LIC=7YKYW-Q5AFG-4AHDE-51CW1-A9NMT-W3G36
 
Tool Versions:
Toolchain:       MDK-ARM Professional  Version: 5.34.0.0
Toolchain Path:  D:\Sofeware\Keil5_534\ARM\ARMCC\Bin
C Compiler:      Armcc.exe V5.06 update 7 (build 960)
Assembler:       Armasm.exe V5.06 update 7 (build 960)
Linker/Locator:  ArmLink.exe V5.06 update 7 (build 960)
Library Manager: ArmAr.exe V5.06 update 7 (build 960)
Hex Converter:   FromElf.exe V5.06 update 7 (build 960)
CPU DLL:         SARMCM3.DLL V5.34.0.0
Dialog DLL:      DCM.DLL V1.17.3.0
Target DLL:      Segger\JL2CM3.dll V2.99.38.0
Dialog DLL:      TCM.DLL V1.48.0.0
 
<h2>Project:</h2>
C:\Users\xhf\Desktop\Big_Fu\Energy_Mechine 3.0\Main_Contorl_未打中2.5秒重置\MDK-ARM\MAN_A.uvprojx
Project File Date:  03/10/2026

<h2>Output:</h2>
*** Using Compiler 'V5.06 update 7 (build 960)', folder: 'D:\Sofeware\Keil5_534\ARM\ARMCC\Bin'
*** Note: Rebuilding project, since 'Options->Output->Create Batch File' is selected.
Rebuild target 'MAN_A'
assembling startup_stm32f427xx.s...
compiling Mpu_Task.c...
compiling Arm_Final_Task.c...
compiling Data_train.c...
..\MY_Task\Data_train.c(63): warning:  #177-D: variable "wcis"  was declared but never referenced
      uint8_t wjz = 0, wcis = 0;
..\MY_Task\Data_train.c(1450): warning:  #177-D: variable "vx_set"  was declared but never referenced
      float vx_set, vy_set, wz_set;
..\MY_Task\Data_train.c(1450): warning:  #177-D: variable "vy_set"  was declared but never referenced
      float vx_set, vy_set, wz_set;
..\MY_Task\Data_train.c(1450): warning:  #177-D: variable "wz_set"  was declared but never referenced
      float vx_set, vy_set, wz_set;
..\MY_Task\Data_train.c(1461): warning:  #177-D: variable "vx_set"  was declared but never referenced
      float vx_set, vy_set, wz_set;
..\MY_Task\Data_train.c(1461): warning:  #177-D: variable "vy_set"  was declared but never referenced
      float vx_set, vy_set, wz_set;
..\MY_Task\Data_train.c(1461): warning:  #177-D: variable "wz_set"  was declared but never referenced
      float vx_set, vy_set, wz_set;
..\MY_Task\Data_train.c: 7 warnings, 0 errors
compiling main.c...
compiling gpio.c...
compiling freertos.c...
compiling can.c...
compiling spi.c...
compiling tim.c...
compiling stm32f4xx_it.c...
compiling stm32f4xx_hal_msp.c...
compiling system_stm32f4xx.c...
compiling Mpu6500.c...
compiling motor.c...
compiling PID.c...
compiling dm4340_ctrl.c...
compiling dm4340_drv.c...
compiling can_bsp.c...
compiling can_driver.c...
compiling stm32f4xx_hal_can.c...
compiling stm32f4xx_hal_rcc.c...
compiling stm32f4xx_hal_rcc_ex.c...
compiling stm32f4xx_hal_flash.c...
compiling stm32f4xx_hal_flash_ex.c...
compiling stm32f4xx_hal_flash_ramfunc.c...
compiling stm32f4xx_hal_gpio.c...
compiling stm32f4xx_hal_dma_ex.c...
compiling stm32f4xx_hal_dma.c...
compiling stm32f4xx_hal_pwr.c...
compiling stm32f4xx_hal_pwr_ex.c...
compiling stm32f4xx_hal_cortex.c...
compiling stm32f4xx_hal.c...
compiling stm32f4xx_hal_exti.c...
compiling stm32f4xx_hal_spi.c...
compiling stm32f4xx_hal_tim.c...
compiling stm32f4xx_hal_tim_ex.c...
compiling croutine.c...
compiling event_groups.c...
compiling list.c...
compiling queue.c...
compiling stream_buffer.c...
compiling tasks.c...
compiling timers.c...
compiling cmsis_os.c...
compiling heap_4.c...
compiling port.c...
linking...
Program Size: Code=17744 RO-data=2672 RW-data=336 ZI-data=18888  
FromELF: creating hex file...
"MAN_A\MAN_A.axf" - 0 Error(s), 7 Warning(s).

<h2>Software Packages used:</h2>

Package Vendor: ARM
                https://www.keil.com/pack/ARM.CMSIS.6.3.0.pack
                ARM.CMSIS.6.3.0
                CMSIS (Common Microcontroller Software Interface Standard)
   * Component: CORE Version: 6.2.0

Package Vendor: Keil
                http://www.keil.com/pack/Keil.STM32F4xx_DFP.2.15.0.pack
                Keil.STM32F4xx_DFP.2.15.0
                STMicroelectronics STM32F4 Series Device Support, Drivers and Examples

<h2>Collection of Component include folders:</h2>
  .\RTE\_MAN_A
  D:\Users\xhf\AppData\Local\Arm\Packs\ARM\CMSIS\6.3.0\CMSIS\Core\Include
  D:\Users\xhf\AppData\Local\Arm\Packs\Keil\STM32F4xx_DFP\2.15.0\Drivers\CMSIS\Device\ST\STM32F4xx\Include

<h2>Collection of Component Files used:</h2>

   * Component: ARM::CMSIS:CORE:6.2.0
      Include file:  CMSIS\Core\Include\tz_context.h
Build Time Elapsed:  00:01:09
</pre>
</body>
</html>
