<html>
<body>
<pre>
<h1>µVision Build Log</h1>
<h2>Tool Versions:</h2>
IDE-Version: ¦ÌVision V5.31.0.0
Copyright (C) 2020 ARM Ltd and ARM Germany GmbH. All rights reserved.
License Information: Xiayun Hua, ShenYang LiGong, LIC=76F5U-S8NF3-8TB3P-MPG63-JYCSL-AVVC5
 
Tool Versions:
Toolchain:       MDK-ARM Plus  Version: 5.31.0.0
Toolchain Path:  D:\keil5\ARM\ARMCC\Bin
C Compiler:      Armcc.exe V5.06 update 6 (build 750)
Assembler:       Armasm.exe V5.06 update 6 (build 750)
Linker/Locator:  ArmLink.exe V5.06 update 6 (build 750)
Library Manager: ArmAr.exe V5.06 update 6 (build 750)
Hex Converter:   FromElf.exe V5.06 update 6 (build 750)
CPU DLL:         SARMCM3.DLL V5.31.0.0
Dialog DLL:      DCM.DLL V1.17.3.0
Target DLL:      Segger\JL2CM3.dll V2.99.38.0
Dialog DLL:      TCM.DLL V1.46.0.0
 
<h2>Project:</h2>
C:\Users\86158\Desktop\µç¿Ø\RM2025\Energy_Mechine\Main_Contorl\MDK-ARM\MAN_A.uvprojx
Project File Date:  11/22/2025

<h2>Output:</h2>
*** Using Compiler 'V5.06 update 6 (build 750)', folder: 'D:\keil5\ARM\ARMCC\Bin'
*** Note: Rebuilding project, since 'Options->Output->Create Batch File' is selected.
Rebuild target 'MAN_A'
assembling startup_stm32f427xx.s...
compiling Mpu_Task.c...
compiling Arm_Final_Task.c...
compiling Data_train.c...
..\MY_Task\Data_train.c(265): warning:  #177-D: variable "vx_set"  was declared but never referenced
        float vx_set,vy_set,wz_set;
..\MY_Task\Data_train.c(265): warning:  #177-D: variable "vy_set"  was declared but never referenced
        float vx_set,vy_set,wz_set;
..\MY_Task\Data_train.c(265): warning:  #177-D: variable "wz_set"  was declared but never referenced
        float vx_set,vy_set,wz_set;
..\MY_Task\Data_train.c(277): warning:  #177-D: variable "vx_set"  was declared but never referenced
        float vx_set,vy_set,wz_set;
..\MY_Task\Data_train.c(277): warning:  #177-D: variable "vy_set"  was declared but never referenced
        float vx_set,vy_set,wz_set;
..\MY_Task\Data_train.c(277): warning:  #177-D: variable "wz_set"  was declared but never referenced
        float vx_set,vy_set,wz_set;
..\MY_Task\Data_train.c: 6 warnings, 0 errors
compiling main.c...
compiling gpio.c...
compiling freertos.c...
compiling can.c...
compiling spi.c...
compiling stm32f4xx_it.c...
compiling stm32f4xx_hal_msp.c...
compiling system_stm32f4xx.c...
compiling Mpu6500.c...
compiling motor.c...
compiling PID.c...
compiling dm4340_ctrl.c...
compiling dm4340_drv.c...
compiling can_bsp.c...
compiling can_driver.c...
compiling stm32f4xx_hal_can.c...
compiling stm32f4xx_hal_rcc.c...
compiling stm32f4xx_hal_rcc_ex.c...
compiling stm32f4xx_hal_flash.c...
compiling stm32f4xx_hal_flash_ex.c...
compiling stm32f4xx_hal_flash_ramfunc.c...
compiling stm32f4xx_hal_gpio.c...
compiling stm32f4xx_hal_dma_ex.c...
compiling stm32f4xx_hal_dma.c...
compiling stm32f4xx_hal_pwr.c...
compiling stm32f4xx_hal_pwr_ex.c...
compiling stm32f4xx_hal_cortex.c...
compiling stm32f4xx_hal.c...
compiling stm32f4xx_hal_exti.c...
compiling stm32f4xx_hal_spi.c...
compiling croutine.c...
compiling event_groups.c...
compiling list.c...
compiling queue.c...
compiling stream_buffer.c...
compiling tasks.c...
compiling timers.c...
compiling cmsis_os.c...
compiling heap_4.c...
compiling port.c...
linking...
Program Size: Code=14696 RO-data=580 RW-data=300 ZI-data=18812  
FromELF: creating hex file...
"MAN_A\MAN_A.axf" - 0 Error(s), 6 Warning(s).

<h2>Software Packages used:</h2>

Package Vendor: ARM
                http://www.keil.com/pack/ARM.CMSIS.5.7.0.pack
                ARM.CMSIS.5.7.0
                CMSIS (Cortex Microcontroller Software Interface Standard)
   * Component: CORE Version: 5.4.0

Package Vendor: Keil
                https://www.keil.com/pack/Keil.STM32F4xx_DFP.2.17.1.pack
                Keil.STM32F4xx_DFP.2.17.1
                STMicroelectronics STM32F4 Series Device Support, Drivers and Examples

<h2>Collection of Component include folders:</h2>
  .\RTE\_MAN_A
  D:\keil5\ARM\CMSIS\5.7.0\CMSIS\Core\Include
  D:\keil5\Keil\STM32F4xx_DFP\2.17.1\Drivers\CMSIS\Device\ST\STM32F4xx\Include

<h2>Collection of Component Files used:</h2>

   * Component: ARM::CMSIS:CORE:5.4.0
      Include file:  CMSIS\Core\Include\tz_context.h
Build Time Elapsed:  00:00:55
</pre>
</body>
</html>
