Component: ARM Compiler 5.06 update 7 (build 960) Tool: armlink [4d3601]

==============================================================================

Section Cross References

    startup_stm32f103xe.o(STACK) refers (Special) to heapauxi.o(.text) for __use_two_region_memory
    startup_stm32f103xe.o(HEAP) refers (Special) to heapauxi.o(.text) for __use_two_region_memory
    startup_stm32f103xe.o(RESET) refers (Special) to heapauxi.o(.text) for __use_two_region_memory
    startup_stm32f103xe.o(RESET) refers to startup_stm32f103xe.o(STACK) for __initial_sp
    startup_stm32f103xe.o(RESET) refers to startup_stm32f103xe.o(.text) for Reset_Handler
    startup_stm32f103xe.o(RESET) refers to stm32f1xx_it.o(i.NMI_Handler) for NMI_Handler
    startup_stm32f103xe.o(RESET) refers to stm32f1xx_it.o(i.HardFault_Handler) for HardFault_Handler
    startup_stm32f103xe.o(RESET) refers to stm32f1xx_it.o(i.MemManage_Handler) for MemManage_Handler
    startup_stm32f103xe.o(RESET) refers to stm32f1xx_it.o(i.BusFault_Handler) for BusFault_Handler
    startup_stm32f103xe.o(RESET) refers to stm32f1xx_it.o(i.UsageFault_Handler) for UsageFault_Handler
    startup_stm32f103xe.o(RESET) refers to stm32f1xx_it.o(i.SVC_Handler) for SVC_Handler
    startup_stm32f103xe.o(RESET) refers to stm32f1xx_it.o(i.DebugMon_Handler) for DebugMon_Handler
    startup_stm32f103xe.o(RESET) refers to stm32f1xx_it.o(i.PendSV_Handler) for PendSV_Handler
    startup_stm32f103xe.o(RESET) refers to stm32f1xx_it.o(i.SysTick_Handler) for SysTick_Handler
    startup_stm32f103xe.o(RESET) refers to stm32f1xx_it.o(i.DMA1_Channel1_IRQHandler) for DMA1_Channel1_IRQHandler
    startup_stm32f103xe.o(RESET) refers to stm32f1xx_it.o(i.DMA1_Channel2_IRQHandler) for DMA1_Channel2_IRQHandler
    startup_stm32f103xe.o(RESET) refers to stm32f1xx_it.o(i.DMA1_Channel3_IRQHandler) for DMA1_Channel3_IRQHandler
    startup_stm32f103xe.o(RESET) refers to stm32f1xx_it.o(i.DMA1_Channel5_IRQHandler) for DMA1_Channel5_IRQHandler
    startup_stm32f103xe.o(RESET) refers to stm32f1xx_it.o(i.DMA1_Channel6_IRQHandler) for DMA1_Channel6_IRQHandler
    startup_stm32f103xe.o(RESET) refers to stm32f1xx_it.o(i.DMA1_Channel7_IRQHandler) for DMA1_Channel7_IRQHandler
    startup_stm32f103xe.o(RESET) refers to stm32f1xx_it.o(i.USB_LP_CAN1_RX0_IRQHandler) for USB_LP_CAN1_RX0_IRQHandler
    startup_stm32f103xe.o(RESET) refers to stm32f1xx_it.o(i.CAN1_RX1_IRQHandler) for CAN1_RX1_IRQHandler
    startup_stm32f103xe.o(.text) refers (Special) to heapauxi.o(.text) for __use_two_region_memory
    startup_stm32f103xe.o(.text) refers to system_stm32f1xx.o(i.SystemInit) for SystemInit
    startup_stm32f103xe.o(.text) refers to __main.o(!!!main) for __main
    startup_stm32f103xe.o(.text) refers to startup_stm32f103xe.o(HEAP) for Heap_Mem
    startup_stm32f103xe.o(.text) refers to startup_stm32f103xe.o(STACK) for Stack_Mem
    main.o(i.SystemClock_Config) refers to rt_memclr_w.o(.text) for __aeabi_memclr4
    main.o(i.SystemClock_Config) refers to stm32f1xx_hal_rcc.o(i.HAL_RCC_OscConfig) for HAL_RCC_OscConfig
    main.o(i.SystemClock_Config) refers to stm32f1xx_hal_rcc.o(i.HAL_RCC_ClockConfig) for HAL_RCC_ClockConfig
    main.o(i.main) refers to stm32f1xx_hal.o(i.HAL_Init) for HAL_Init
    main.o(i.main) refers to main.o(i.SystemClock_Config) for SystemClock_Config
    main.o(i.main) refers to gpio.o(i.MX_GPIO_Init) for MX_GPIO_Init
    main.o(i.main) refers to dma.o(i.MX_DMA_Init) for MX_DMA_Init
    main.o(i.main) refers to can.o(i.MX_CAN_Init) for MX_CAN_Init
    main.o(i.main) refers to tim.o(i.MX_TIM2_Init) for MX_TIM2_Init
    main.o(i.main) refers to tim.o(i.MX_TIM3_Init) for MX_TIM3_Init
    main.o(i.main) refers to tim.o(i.MX_TIM1_Init) for MX_TIM1_Init
    main.o(i.main) refers to tim.o(i.MX_TIM4_Init) for MX_TIM4_Init
    main.o(i.main) refers to can_receive.o(i.CAN1_Init) for CAN1_Init
    main.o(i.main) refers to stm32f1xx_hal.o(i.HAL_Delay) for HAL_Delay
    main.o(i.main) refers to flag_state.o(i.Big_Fu_info_Init) for Big_Fu_info_Init
    main.o(i.main) refers to ws2812.o(i.WS_WriteAll_RGB_FRAME_DOWN) for WS_WriteAll_RGB_FRAME_DOWN
    main.o(i.main) refers to ws2812.o(i.WS_WriteAll_RGB_REC) for WS_WriteAll_RGB_REC
    main.o(i.main) refers to ws2812.o(i.WS_WriteAll_RGB_FRAME_UP) for WS_WriteAll_RGB_FRAME_UP
    main.o(i.main) refers to ws2812.o(i.WS_CloseAll_Circle) for WS_CloseAll_Circle
    main.o(i.main) refers to can_protocal.o(i.Board_Info_Tx) for Board_Info_Tx
    main.o(i.main) refers to stm32f1xx_hal_gpio.o(i.HAL_GPIO_ReadPin) for HAL_GPIO_ReadPin
    main.o(i.main) refers to ws2812.o(i.WS_WriteAll_RGB_FRAME) for WS_WriteAll_RGB_FRAME
    main.o(i.main) refers to ws2812.o(i.LED_rectangle_current_REC) for LED_rectangle_current_REC
    main.o(i.main) refers to ws2812.o(i.WS_Write_Cross) for WS_Write_Cross
    main.o(i.main) refers to ws2812.o(i.WS_Write_RGB_TWO_RING) for WS_Write_RGB_TWO_RING
    main.o(i.main) refers to ws2812.o(i.WS_Write_RGB_SIX_RING) for WS_Write_RGB_SIX_RING
[...]
    ../clib/signal.c                         0x00000000   Number         0  defsig_other.o ABSOLUTE
    ../clib/signal.c                         0x00000000   Number         0  defsig_segv_inner.o ABSOLUTE
    ../clib/signal.c                         0x00000000   Number         0  defsig_pvfn_inner.o ABSOLUTE
    ../clib/signal.c                         0x00000000   Number         0  defsig_stak_inner.o ABSOLUTE
    ../clib/signal.s                         0x00000000   Number         0  defsig.o ABSOLUTE
    ../clib/stdlib.c                         0x00000000   Number         0  exit.o ABSOLUTE
    ../fplib/fpinit.s                        0x00000000   Number         0  fpinit.o ABSOLUTE
    ..\Application\Flag_State\Flag_State.c   0x00000000   Number         0  flag_state.o ABSOLUTE
    ..\Application\WS2812\WS2812.c           0x00000000   Number         0  ws2812.o ABSOLUTE
    ..\Application\can\CAN_receive.c         0x00000000   Number         0  can_receive.o ABSOLUTE
    ..\Application\can\CAN_send.c            0x00000000   Number         0  can_send.o ABSOLUTE
    ..\Application\can\can_protocal.c        0x00000000   Number         0  can_protocal.o ABSOLUTE
    ..\Core\Src\can.c                        0x00000000   Number         0  can.o ABSOLUTE
    ..\Core\Src\dma.c                        0x00000000   Number         0  dma.o ABSOLUTE
    ..\Core\Src\gpio.c                       0x00000000   Number         0  gpio.o ABSOLUTE
    ..\Core\Src\main.c                       0x00000000   Number         0  main.o ABSOLUTE
    ..\Core\Src\stm32f1xx_hal_msp.c          0x00000000   Number         0  stm32f1xx_hal_msp.o ABSOLUTE
    ..\Core\Src\stm32f1xx_it.c               0x00000000   Number         0  stm32f1xx_it.o ABSOLUTE
    ..\Core\Src\system_stm32f1xx.c           0x00000000   Number         0  system_stm32f1xx.o ABSOLUTE
    ..\Core\Src\tim.c                        0x00000000   Number         0  tim.o ABSOLUTE
    ..\Drivers\STM32F1xx_HAL_Driver\Src\stm32f1xx_hal.c 0x00000000   Number         0  stm32f1xx_hal.o ABSOLUTE
    ..\Drivers\STM32F1xx_HAL_Driver\Src\stm32f1xx_hal_can.c 0x00000000   Number         0  stm32f1xx_hal_can.o ABSOLUTE
    ..\Drivers\STM32F1xx_HAL_Driver\Src\stm32f1xx_hal_cortex.c 0x00000000   Number         0  stm32f1xx_hal_cortex.o ABSOLUTE
    ..\Drivers\STM32F1xx_HAL_Driver\Src\stm32f1xx_hal_dma.c 0x00000000   Number         0  stm32f1xx_hal_dma.o ABSOLUTE
    ..\Drivers\STM32F1xx_HAL_Driver\Src\stm32f1xx_hal_exti.c 0x00000000   Number         0  stm32f1xx_hal_exti.o ABSOLUTE
    ..\Drivers\STM32F1xx_HAL_Driver\Src\stm32f1xx_hal_flash.c 0x00000000   Number         0  stm32f1xx_hal_flash.o ABSOLUTE
    ..\Drivers\STM32F1xx_HAL_Driver\Src\stm32f1xx_hal_flash_ex.c 0x00000000   Number         0  stm32f1xx_hal_flash_ex.o ABSOLUTE
    ..\Drivers\STM32F1xx_HAL_Driver\Src\stm32f1xx_hal_gpio.c 0x00000000   Number         0  stm32f1xx_hal_gpio.o ABSOLUTE
    ..\Drivers\STM32F1xx_HAL_Driver\Src\stm32f1xx_hal_gpio_ex.c 0x00000000   Number         0  stm32f1xx_hal_gpio_ex.o ABSOLUTE
    ..\Drivers\STM32F1xx_HAL_Driver\Src\stm32f1xx_hal_pwr.c 0x00000000   Number         0  stm32f1xx_hal_pwr.o ABSOLUTE
    ..\Drivers\STM32F1xx_HAL_Driver\Src\stm32f1xx_hal_rcc.c 0x00000000   Number         0  stm32f1xx_hal_rcc.o ABSOLUTE
    ..\Drivers\STM32F1xx_HAL_Driver\Src\stm32f1xx_hal_rcc_ex.c 0x00000000   Number         0  stm32f1xx_hal_rcc_ex.o ABSOLUTE
    ..\Drivers\STM32F1xx_HAL_Driver\Src\stm32f1xx_hal_tim.c 0x00000000   Number         0  stm32f1xx_hal_tim.o ABSOLUTE
    ..\Drivers\STM32F1xx_HAL_Driver\Src\stm32f1xx_hal_tim_ex.c 0x00000000   Number         0  stm32f1xx_hal_tim_ex.o ABSOLUTE
    ..\\Application\\Flag_State\\Flag_State.c 0x00000000   Number         0  flag_state.o ABSOLUTE
    ..\\Application\\WS2812\\WS2812.c        0x00000000   Number         0  ws2812.o ABSOLUTE
    ..\\Application\\can\\CAN_receive.c      0x00000000   Number         0  can_receive.o ABSOLUTE
    ..\\Application\\can\\CAN_send.c         0x00000000   Number         0  can_send.o ABSOLUTE
    ..\\Application\\can\\can_protocal.c     0x00000000   Number         0  can_protocal.o ABSOLUTE
    dc.s                                     0x00000000   Number         0  dc.o ABSOLUTE
    startup_stm32f103xe.s                    0x00000000   Number         0  startup_stm32f103xe.o ABSOLUTE
    RESET                                    0x08000000   Section      304  startup_stm32f103xe.o(RESET)
    !!!main                                  0x08000130   Section        8  __main.o(!!!main)
    !!!scatter                               0x08000138   Section       52  __scatter.o(!!!scatter)
    !!handler_copy                           0x0800016c   Section       26  __scatter_copy.o(!!handler_copy)
    !!handler_zi                             0x08000188   Section       28  __scatter_zi.o(!!handler_zi)
    .ARM.Collect$$libinit$$00000000          0x080001a4   Section        2  libinit.o(.ARM.Collect$$libinit$$00000000)
    .ARM.Collect$$libinit$$00000002          0x080001a6   Section        0  libinit2.o(.ARM.Collect$$libinit$$00000002)
    .ARM.Collect$$libinit$$00000004          0x080001a6   Section        0  libinit2.o(.ARM.Collect$$libinit$$00000004)
    .ARM.Collect$$libinit$$0000000A          0x080001a6   Section        0  libinit2.o(.ARM.Collect$$libinit$$0000000A)
    .ARM.Collect$$libinit$$0000000C          0x080001a6   Section        0  libinit2.o(.ARM.Collect$$libinit$$0000000C)
    .ARM.Collect$$libinit$$0000000E          0x080001a6   Section        0  libinit2.o(.ARM.Collect$$libinit$$0000000E)
    .ARM.Collect$$libinit$$00000011          0x080001a6   Section        0  libinit2.o(.ARM.Collect$$libinit$$00000011)
    .ARM.Collect$$libinit$$00000013          0x080001a6   Section        0  libinit2.o(.ARM.Collect$$libinit$$00000013)
    .ARM.Collect$$libinit$$00000015          0x080001a6   Section        0  libinit2.o(.ARM.Collect$$libinit$$00000015)
    .ARM.Collect$$libinit$$00000017          0x080001a6   Section        0  libinit2.o(.ARM.Collect$$libinit$$00000017)
    .ARM.Collect$$libinit$$00000019          0x080001a6   Section        0  libinit2.o(.ARM.Collect$$libinit$$00000019)
    .ARM.Collect$$libinit$$0000001B          0x080001a6   Section        0  libinit2.o(.ARM.Collect$$libinit$$0000001B)
    .ARM.Collect$$libinit$$0000001D          0x080001a6   Section        0  libinit2.o(.ARM.Collect$$libinit$$0000001D)
    .ARM.Collect$$libinit$$0000001F          0x080001a6   Section        0  libinit2.o(.ARM.Collect$$libinit$$0000001F)
    .ARM.Collect$$libinit$$00000021          0x080001a6   Section        0  libinit2.o(.ARM.Collect$$libinit$$00000021)
    .ARM.Collect$$libinit$$00000023          0x080001a6   Section        0  libinit2.o(.ARM.Collect$$libinit$$00000023)
    .ARM.Collect$$libinit$$00000025          0x080001a6   Section        0  libinit2.o(.ARM.Collect$$libinit$$00000025)
    .ARM.Collect$$libinit$$0000002C          0x080001a6   Section        0  libinit2.o(.ARM.Collect$$libinit$$0000002C)
    .ARM.Collect$$libinit$$0000002E          0x080001a6   Section        0  libinit2.o(.ARM.Collect$$libinit$$0000002E)
    .ARM.Collect$$libinit$$00000030          0x080001a6   Section        0  libinit2.o(.ARM.Collect$$libinit$$00000030)
    .ARM.Collect$$libinit$$00000032          0x080001a6   Section        0  libinit2.o(.ARM.Collect$$libinit$$00000032)
    .ARM.Collect$$libinit$$00000033          0x080001a6   Section        2  libinit2.o(.ARM.Collect$$libinit$$00000033)
    .ARM.Collect$$libshutdown$$00000000      0x080001a8   Section        2  libshutdown.o(.ARM.Collect$$libshutdown$$00000000)
    .ARM.Collect$$libshutdown$$00000002      0x080001aa   Section        0  libshutdown2.o(.ARM.Collect$$libshutdown$$00000002)
    .ARM.Collect$$libshutdown$$00000004      0x080001aa   Section        0  libshutdown2.o(.ARM.Collect$$libshutdown$$00000004)
    .ARM.Collect$$libshutdown$$00000006      0x080001aa   Section        0  libshutdown2.o(.ARM.Collect$$libshutdown$$00000006)
    .ARM.Collect$$libshutdown$$00000009      0x080001aa   Section        0  libshutdown2.o(.ARM.Collect$$libshutdown$$00000009)
    .ARM.Collect$$libshutdown$$0000000C      0x080001aa   Section        0  libshutdown2.o(.ARM.Collect$$libshutdown$$0000000C)
    .ARM.Collect$$libshutdown$$0000000E      0x080001aa   Section        0  libshutdown2.o(.ARM.Collect$$libshutdown$$0000000E)
    .ARM.Collect$$libshutdown$$00000011      0x080001aa   Section        0  libshutdown2.o(.ARM.Collect$$libshutdown$$00000011)
    .ARM.Collect$$libshutdown$$00000012      0x080001aa   Section        2  libshutdown2.o(.ARM.Collect$$libshutdown$$00000012)
    .ARM.Collect$$rtentry$$00000000          0x080001ac   Section        0  __rtentry.o(.ARM.Collect$$rtentry$$00000000)
    .ARM.Collect$$rtentry$$00000002          0x080001ac   Section        0  __rtentry2.o(.ARM.Collect$$rtentry$$00000002)
    .ARM.Collect$$rtentry$$00000004          0x080001ac   Section        6  __rtentry4.o(.ARM.Collect$$rtentry$$00000004)
    .ARM.Collect$$rtentry$$00000009          0x080001b2   Section        0  __rtentry2.o(.ARM.Collect$$rtentry$$00000009)
    .ARM.Collect$$rtentry$$0000000A          0x080001b2   Section        4  __rtentry2.o(.ARM.Collect$$rtentry$$0000000A)
    .ARM.Collect$$rtentry$$0000000C          0x080001b6   Section        0  __rtentry2.o(.ARM.Collect$$rtentry$$0000000C)
    .ARM.Collect$$rtentry$$0000000D          0x080001b6   Section        8  __rtentry2.o(.ARM.Collect$$rtentry$$0000000D)
    .ARM.Collect$$rtexit$$00000000           0x080001be   Section        2  rtexit.o(.ARM.Collect$$rtexit$$00000000)
    .ARM.Collect$$rtexit$$00000002           0x080001c0   Section        0  rtexit2.o(.ARM.Collect$$rtexit$$00000002)
    .ARM.Collect$$rtexit$$00000003           0x080001c0   Section        4  rtexit2.o(.ARM.Collect$$rtexit$$00000003)
    .ARM.Collect$$rtexit$$00000004           0x080001c4   Section        6  rtexit2.o(.ARM.Collect$$rtexit$$00000004)
    .text                                    0x080001cc   Section       64  startup_stm32f103xe.o(.text)
    .text                                    0x0800020c   Section       78  rt_memclr_w.o(.text)
    .text                                    0x0800025a   Section        0  heapauxi.o(.text)
    .text                                    0x08000260   Section       74  sys_stackheap_outer.o(.text)
    .text                                    0x080002aa   Section        0  exit.o(.text)
    .text                                    0x080002bc   Section        8  libspace.o(.text)
    .text                                    0x080002c4   Section        0  sys_exit.o(.text)
    .text                                    0x080002d0   Section        2  use_no_semi.o(.text)
    .text                                    0x080002d2   Section        0  indicate_semi.o(.text)
    i.Big_Fu_info_Init                       0x080002d2   Section        0  flag_state.o(i.Big_Fu_info_Init)
    i.Board_Info_Tx                          0x08000338   Section        0  can_protocal.o(i.Board_Info_Tx)
    i.Board_RX                               0x0800035c   Section        0  can_receive.o(i.Board_RX)
    i.Board_Tx                               0x08000380   Section        0  can_send.o(i.Board_Tx)
    i.BusFault_Handler                       0x080003dc   Section        0  stm32f1xx_it.o(i.BusFault_Handler)
    i.CAN1_Init                              0x080003e0   Section        0  can_receive.o(i.CAN1_Init)
    i.CAN1_RX1_IRQHandler                    0x0800041c   Section        0  stm32f1xx_it.o(i.CAN1_RX1_IRQHandler)
    i.CAN1_rxDataHandler                     0x08000428   Section        0  can_protocal.o(i.CAN1_rxDataHandler)
    i.DMA1_Channel1_IRQHandler               0x08000434   Section        0  stm32f1xx_it.o(i.DMA1_Channel1_IRQHandler)
    i.DMA1_Channel2_IRQHandler               0x08000440   Section        0  stm32f1xx_it.o(i.DMA1_Channel2_IRQHandler)
    i.DMA1_Channel3_IRQHandler               0x0800044c   Section        0  stm32f1xx_it.o(i.DMA1_Channel3_IRQHandler)
    i.DMA1_Channel5_IRQHandler               0x08000458   Section        0  stm32f1xx_it.o(i.DMA1_Channel5_IRQHandler)
    i.DMA1_Channel6_IRQHandler               0x08000464   Section        0  stm32f1xx_it.o(i.DMA1_Channel6_IRQHandler)
    i.DMA1_Channel7_IRQHandler               0x08000470   Section        0  stm32f1xx_it.o(i.DMA1_Channel7_IRQHandler)
    i.DMA_SetConfig                          0x0800047c   Section        0  stm32f1xx_hal_dma.o(i.DMA_SetConfig)
    DMA_SetConfig                            0x0800047d   Thumb Code    42  stm32f1xx_hal_dma.o(i.DMA_SetConfig)
    i.DebugMon_Handler                       0x080004a6   Section        0  stm32f1xx_it.o(i.DebugMon_Handler)
    i.Error_Handler                          0x080004a8   Section        0  main.o(i.Error_Handler)
    i.HAL_CAN_ActivateNotification           0x080004ac   Section        0  stm32f1xx_hal_can.o(i.HAL_CAN_ActivateNotification)
    i.HAL_CAN_AddTxMessage                   0x080004d0   Section        0  stm32f1xx_hal_can.o(i.HAL_CAN_AddTxMessage)
    i.HAL_CAN_ConfigFilter                   0x080005a0   Section        0  stm32f1xx_hal_can.o(i.HAL_CAN_ConfigFilter)
    i.HAL_CAN_ErrorCallback                  0x0800068e   Section        0  stm32f1xx_hal_can.o(i.HAL_CAN_ErrorCallback)
    i.HAL_CAN_GetRxMessage                   0x08000690   Section        0  stm32f1xx_hal_can.o(i.HAL_CAN_GetRxMessage)
    i.HAL_CAN_IRQHandler                     0x08000784   Section        0  stm32f1xx_hal_can.o(i.HAL_CAN_IRQHandler)
    i.HAL_CAN_Init                           0x08000980   Section        0  stm32f1xx_hal_can.o(i.HAL_CAN_Init)
    i.HAL_CAN_MspInit                        0x08000a9c   Section        0  can.o(i.HAL_CAN_MspInit)
    i.HAL_CAN_RxFifo0FullCallback            0x08000b28   Section        0  stm32f1xx_hal_can.o(i.HAL_CAN_RxFifo0FullCallback)
    i.HAL_CAN_RxFifo0MsgPendingCallback      0x08000b2c   Section        0  can_receive.o(i.HAL_CAN_RxFifo0MsgPendingCallback)
    i.HAL_CAN_RxFifo1FullCallback            0x08000b58   Section        0  stm32f1xx_hal_can.o(i.HAL_CAN_RxFifo1FullCallback)
    i.HAL_CAN_RxFifo1MsgPendingCallback      0x08000b5a   Section        0  stm32f1xx_hal_can.o(i.HAL_CAN_RxFifo1MsgPendingCallback)
    i.HAL_CAN_SleepCallback                  0x08000b5c   Section        0  stm32f1xx_hal_can.o(i.HAL_CAN_SleepCallback)
    i.HAL_CAN_Start                          0x08000b60   Section        0  stm32f1xx_hal_can.o(i.HAL_CAN_Start)
    i.HAL_CAN_TxMailbox0AbortCallback        0x08000bb8   Section        0  stm32f1xx_hal_can.o(i.HAL_CAN_TxMailbox0AbortCallback)
    i.HAL_CAN_TxMailbox0CompleteCallback     0x08000bba   Section        0  stm32f1xx_hal_can.o(i.HAL_CAN_TxMailbox0CompleteCallback)
    i.HAL_CAN_TxMailbox1AbortCallback        0x08000bbc   Section        0  stm32f1xx_hal_can.o(i.HAL_CAN_TxMailbox1AbortCallback)
    i.HAL_CAN_TxMailbox1CompleteCallback     0x08000bbe   Section        0  stm32f1xx_hal_can.o(i.HAL_CAN_TxMailbox1CompleteCallback)
    i.HAL_CAN_TxMailbox2AbortCallback        0x08000bc0   Section        0  stm32f1xx_hal_can.o(i.HAL_CAN_TxMailbox2AbortCallback)
    i.HAL_CAN_TxMailbox2CompleteCallback     0x08000bc2   Section        0  stm32f1xx_hal_can.o(i.HAL_CAN_TxMailbox2CompleteCallback)
    i.HAL_CAN_WakeUpFromRxMsgCallback        0x08000bc4   Section        0  stm32f1xx_hal_can.o(i.HAL_CAN_WakeUpFromRxMsgCallback)
    i.HAL_DMA_Abort_IT                       0x08000bc8   Section        0  stm32f1xx_hal_dma.o(i.HAL_DMA_Abort_IT)
    i.HAL_DMA_IRQHandler                     0x08000cf8   Section        0  stm32f1xx_hal_dma.o(i.HAL_DMA_IRQHandler)
    i.HAL_DMA_Init                           0x08000f40   Section        0  stm32f1xx_hal_dma.o(i.HAL_DMA_Init)
    i.HAL_DMA_Start_IT                       0x08000fbc   Section        0  stm32f1xx_hal_dma.o(i.HAL_DMA_Start_IT)
    i.HAL_Delay                              0x0800102c   Section        0  stm32f1xx_hal.o(i.HAL_Delay)
    i.HAL_GPIO_Init                          0x08001050   Section        0  stm32f1xx_hal_gpio.o(i.HAL_GPIO_Init)
    i.HAL_GPIO_ReadPin                       0x08001248   Section        0  stm32f1xx_hal_gpio.o(i.HAL_GPIO_ReadPin)
    i.HAL_GetTick                            0x08001254   Section        0  stm32f1xx_hal.o(i.HAL_GetTick)
    i.HAL_IncTick                            0x08001260   Section        0  stm32f1xx_hal.o(i.HAL_IncTick)
    i.HAL_Init                               0x08001270   Section        0  stm32f1xx_hal.o(i.HAL_Init)
    i.HAL_InitTick                           0x08001294   Section        0  stm32f1xx_hal.o(i.HAL_InitTick)
    i.HAL_MspInit                            0x080012d4   Section        0  stm32f1xx_hal_msp.o(i.HAL_MspInit)
    i.HAL_NVIC_EnableIRQ                     0x08001310   Section        0  stm32f1xx_hal_cortex.o(i.HAL_NVIC_EnableIRQ)
    i.HAL_NVIC_SetPriority                   0x0800132c   Section        0  stm32f1xx_hal_cortex.o(i.HAL_NVIC_SetPriority)
    i.HAL_NVIC_SetPriorityGrouping           0x0800136c   Section        0  stm32f1xx_hal_cortex.o(i.HAL_NVIC_SetPriorityGrouping)
    i.HAL_RCC_ClockConfig                    0x08001390   Section        0  stm32f1xx_hal_rcc.o(i.HAL_RCC_ClockConfig)
    i.HAL_RCC_GetSysClockFreq                0x080014bc   Section        0  stm32f1xx_hal_rcc.o(i.HAL_RCC_GetSysClockFreq)
    i.HAL_RCC_OscConfig                      0x08001508   Section        0  stm32f1xx_hal_rcc.o(i.HAL_RCC_OscConfig)
    i.HAL_SYSTICK_Config                     0x08001828   Section        0  stm32f1xx_hal_cortex.o(i.HAL_SYSTICK_Config)
    i.HAL_TIMEx_ConfigBreakDeadTime          0x08001850   Section        0  stm32f1xx_hal_tim_ex.o(i.HAL_TIMEx_ConfigBreakDeadTime)
    i.HAL_TIMEx_MasterConfigSynchronization  0x080018a4   Section        0  stm32f1xx_hal_tim_ex.o(i.HAL_TIMEx_MasterConfigSynchronization)
    i.HAL_TIM_Base_Init                      0x08001920   Section        0  stm32f1xx_hal_tim.o(i.HAL_TIM_Base_Init)
    i.HAL_TIM_Base_MspInit                   0x0800197c   Section        0  tim.o(i.HAL_TIM_Base_MspInit)
    i.HAL_TIM_ConfigClockSource              0x08001a9c   Section        0  stm32f1xx_hal_tim.o(i.HAL_TIM_ConfigClockSource)
    i.HAL_TIM_ErrorCallback                  0x08001b78   Section        0  stm32f1xx_hal_tim.o(i.HAL_TIM_ErrorCallback)
    i.HAL_TIM_MspPostInit                    0x08001b7c   Section        0  tim.o(i.HAL_TIM_MspPostInit)
    i.HAL_TIM_PWM_ConfigChannel              0x08001c54   Section        0  stm32f1xx_hal_tim.o(i.HAL_TIM_PWM_ConfigChannel)
    i.HAL_TIM_PWM_Init                       0x08001d20   Section        0  stm32f1xx_hal_tim.o(i.HAL_TIM_PWM_Init)
    i.HAL_TIM_PWM_MspInit                    0x08001d7c   Section        0  tim.o(i.HAL_TIM_PWM_MspInit)
    i.HAL_TIM_PWM_PulseFinishedCallback      0x08001e68   Section        0  ws2812.o(i.HAL_TIM_PWM_PulseFinishedCallback)
    i.HAL_TIM_PWM_PulseFinishedHalfCpltCallback 0x08001e6a   Section        0  stm32f1xx_hal_tim.o(i.HAL_TIM_PWM_PulseFinishedHalfCpltCallback)
    i.HAL_TIM_PWM_Start_DMA                  0x08001e6c   Section        0  stm32f1xx_hal_tim.o(i.HAL_TIM_PWM_Start_DMA)
    i.HAL_TIM_PWM_Stop_DMA                   0x08002018   Section        0  stm32f1xx_hal_tim.o(i.HAL_TIM_PWM_Stop_DMA)
    i.HardFault_Handler                      0x080020e4   Section        0  stm32f1xx_it.o(i.HardFault_Handler)
    i.LED_Blue_rectangle_current             0x080020e8   Section        0  ws2812.o(i.LED_Blue_rectangle_current)
    i.LED_rectangle_current_REC              0x08002540   Section        0  ws2812.o(i.LED_rectangle_current_REC)
    i.LED_rectangle_current_REC_2            0x0800298c   Section        0  ws2812.o(i.LED_rectangle_current_REC_2)
    i.LED_rectangle_current_REC_XIMIE        0x08002a28   Section        0  ws2812.o(i.LED_rectangle_current_REC_XIMIE)
    i.MX_CAN_Init                            0x08002aec   Section        0  can.o(i.MX_CAN_Init)
    i.MX_DMA_Init                            0x08002b30   Section        0  dma.o(i.MX_DMA_Init)
    i.MX_GPIO_Init                           0x08002bac   Section        0  gpio.o(i.MX_GPIO_Init)
    i.MX_TIM1_Init                           0x08002c3c   Section        0  tim.o(i.MX_TIM1_Init)
    i.MX_TIM2_Init                           0x08002d18   Section        0  tim.o(i.MX_TIM2_Init)
    i.MX_TIM3_Init                           0x08002dc0   Section        0  tim.o(i.MX_TIM3_Init)
    i.MX_TIM4_Init                           0x08002e30   Section        0  tim.o(i.MX_TIM4_Init)
    i.MemManage_Handler                      0x08002ea0   Section        0  stm32f1xx_it.o(i.MemManage_Handler)
    i.NMI_Handler                            0x08002ea2   Section        0  stm32f1xx_it.o(i.NMI_Handler)
    i.PendSV_Handler                         0x08002ea4   Section        0  stm32f1xx_it.o(i.PendSV_Handler)
    i.SVC_Handler                            0x08002ea6   Section        0  stm32f1xx_it.o(i.SVC_Handler)
    i.SysTick_Handler                        0x08002ea8   Section        0  stm32f1xx_it.o(i.SysTick_Handler)
    i.SystemClock_Config                     0x08002eac   Section        0  main.o(i.SystemClock_Config)
    i.SystemInit                             0x08002f0a   Section        0  system_stm32f1xx.o(i.SystemInit)
    i.TIM_Base_SetConfig                     0x08002f0c   Section        0  stm32f1xx_hal_tim.o(i.TIM_Base_SetConfig)
    i.TIM_CCxChannelCmd                      0x08002fa8   Section        0  stm32f1xx_hal_tim.o(i.TIM_CCxChannelCmd)
    i.TIM_DMADelayPulseCplt                  0x08002fc2   Section        0  stm32f1xx_hal_tim.o(i.TIM_DMADelayPulseCplt)
    TIM_DMADelayPulseCplt                    0x08002fc3   Thumb Code    94  stm32f1xx_hal_tim.o(i.TIM_DMADelayPulseCplt)
    i.TIM_DMADelayPulseHalfCplt              0x08003020   Section        0  stm32f1xx_hal_tim.o(i.TIM_DMADelayPulseHalfCplt)
    i.TIM_DMAError                           0x08003058   Section        0  stm32f1xx_hal_tim.o(i.TIM_DMAError)
    i.TIM_ETR_SetConfig                      0x080030ac   Section        0  stm32f1xx_hal_tim.o(i.TIM_ETR_SetConfig)
    i.TIM_ITRx_SetConfig                     0x080030c0   Section        0  stm32f1xx_hal_tim.o(i.TIM_ITRx_SetConfig)
    TIM_ITRx_SetConfig                       0x080030c1   Thumb Code    16  stm32f1xx_hal_tim.o(i.TIM_ITRx_SetConfig)
    i.TIM_OC1_SetConfig                      0x080030d0   Section        0  stm32f1xx_hal_tim.o(i.TIM_OC1_SetConfig)
    TIM_OC1_SetConfig                        0x080030d1   Thumb Code    88  stm32f1xx_hal_tim.o(i.TIM_OC1_SetConfig)
    i.TIM_OC2_SetConfig                      0x08003130   Section        0  stm32f1xx_hal_tim.o(i.TIM_OC2_SetConfig)
    i.TIM_OC3_SetConfig                      0x0800319c   Section        0  stm32f1xx_hal_tim.o(i.TIM_OC3_SetConfig)
    TIM_OC3_SetConfig                        0x0800319d   Thumb Code    96  stm32f1xx_hal_tim.o(i.TIM_OC3_SetConfig)
    i.TIM_OC4_SetConfig                      0x08003204   Section        0  stm32f1xx_hal_tim.o(i.TIM_OC4_SetConfig)
    TIM_OC4_SetConfig                        0x08003205   Thumb Code    70  stm32f1xx_hal_tim.o(i.TIM_OC4_SetConfig)
    i.TIM_TI1_ConfigInputStage               0x08003254   Section        0  stm32f1xx_hal_tim.o(i.TIM_TI1_ConfigInputStage)
    TIM_TI1_ConfigInputStage                 0x08003255   Thumb Code    34  stm32f1xx_hal_tim.o(i.TIM_TI1_ConfigInputStage)
    i.TIM_TI2_ConfigInputStage               0x08003276   Section        0  stm32f1xx_hal_tim.o(i.TIM_TI2_ConfigInputStage)
    TIM_TI2_ConfigInputStage                 0x08003277   Thumb Code    36  stm32f1xx_hal_tim.o(i.TIM_TI2_ConfigInputStage)
    i.USB_LP_CAN1_RX0_IRQHandler             0x0800329c   Section        0  stm32f1xx_it.o(i.USB_LP_CAN1_RX0_IRQHandler)
    i.UsageFault_Handler                     0x080032a8   Section        0  stm32f1xx_it.o(i.UsageFault_Handler)
    i.WS281x_Color                           0x080032aa   Section        0  ws2812.o(i.WS281x_Color)
    i.WS281x_SetPixelRGB_CIR                 0x080032b4   Section        0  ws2812.o(i.WS281x_SetPixelRGB_CIR)
    i.WS281x_SetPixelRGB_FRAME               0x080032f8   Section        0  ws2812.o(i.WS281x_SetPixelRGB_FRAME)
    i.WS281x_SetPixelRGB_FRAME_DOWN          0x0800333c   Section        0  ws2812.o(i.WS281x_SetPixelRGB_FRAME_DOWN)
    i.WS281x_SetPixelRGB_FRAME_UP            0x08003380   Section        0  ws2812.o(i.WS281x_SetPixelRGB_FRAME_UP)
    i.WS_CloseAll_Circle                     0x080033c4   Section        0  ws2812.o(i.WS_CloseAll_Circle)
    i.WS_Load_Circle                         0x080033f8   Section        0  ws2812.o(i.WS_Load_Circle)
    i.WS_Load_Frame                          0x08003410   Section        0  ws2812.o(i.WS_Load_Frame)
    i.WS_Load_frame_down                     0x08003428   Section        0  ws2812.o(i.WS_Load_frame_down)
    i.WS_Load_frame_up                       0x08003440   Section        0  ws2812.o(i.WS_Load_frame_up)
    i.WS_Load_rectangle                      0x08003458   Section        0  ws2812.o(i.WS_Load_rectangle)
    i.WS_WriteAll_RGB_FRAME                  0x08003470   Section        0  ws2812.o(i.WS_WriteAll_RGB_FRAME)
    i.WS_WriteAll_RGB_FRAME_DOWN             0x08003498   Section        0  ws2812.o(i.WS_WriteAll_RGB_FRAME_DOWN)
    i.WS_WriteAll_RGB_FRAME_JINDU            0x080034c0   Section        0  ws2812.o(i.WS_WriteAll_RGB_FRAME_JINDU)
    i.WS_WriteAll_RGB_FRAME_UP               0x080034ec   Section        0  ws2812.o(i.WS_WriteAll_RGB_FRAME_UP)
    i.WS_WriteAll_RGB_REC                    0x08003514   Section        0  ws2812.o(i.WS_WriteAll_RGB_REC)
    i.WS_Write_Cross                         0x080035b8   Section        0  ws2812.o(i.WS_Write_Cross)
    i.WS_Write_RGB_EIGHT_RING                0x080036e8   Section        0  ws2812.o(i.WS_Write_RGB_EIGHT_RING)
    i.WS_Write_RGB_FIVE_RING                 0x08003714   Section        0  ws2812.o(i.WS_Write_RGB_FIVE_RING)
    i.WS_Write_RGB_FOUR_RING                 0x0800373c   Section        0  ws2812.o(i.WS_Write_RGB_FOUR_RING)
    i.WS_Write_RGB_NINE_RING                 0x08003764   Section        0  ws2812.o(i.WS_Write_RGB_NINE_RING)
    i.WS_Write_RGB_ONE_RING                  0x08003792   Section        0  ws2812.o(i.WS_Write_RGB_ONE_RING)
    i.WS_Write_RGB_SEVEN_RING                0x080037ba   Section        0  ws2812.o(i.WS_Write_RGB_SEVEN_RING)
    i.WS_Write_RGB_SIX_RING                  0x080037e2   Section        0  ws2812.o(i.WS_Write_RGB_SIX_RING)
    i.WS_Write_RGB_TEN_RING                  0x0800380a   Section        0  ws2812.o(i.WS_Write_RGB_TEN_RING)
    i.WS_Write_RGB_THREE_RING                0x08003836   Section        0  ws2812.o(i.WS_Write_RGB_THREE_RING)
    i.WS_Write_RGB_TWO_RING                  0x0800385e   Section        0  ws2812.o(i.WS_Write_RGB_TWO_RING)
    i.__NVIC_SetPriority                     0x08003886   Section        0  stm32f1xx_hal_cortex.o(i.__NVIC_SetPriority)
    __NVIC_SetPriority                       0x08003887   Thumb Code    32  stm32f1xx_hal_cortex.o(i.__NVIC_SetPriority)
    i.arrow_LED_cut_down_rectangle           0x080038a8   Section        0  ws2812.o(i.arrow_LED_cut_down_rectangle)
    i.get_Centrol_measure                    0x08003a94   Section        0  can_receive.o(i.get_Centrol_measure)
    i.main                                   0x08003abc   Section        0  main.o(i.main)
    .constdata                               0x080042c4   Section       18  stm32f1xx_hal_rcc.o(.constdata)
    aPredivFactorTable                       0x080042c4   Data           2  stm32f1xx_hal_rcc.o(.constdata)
    aPLLMULFactorTable                       0x080042c6   Data          16  stm32f1xx_hal_rcc.o(.constdata)
    .constdata                               0x080042d6   Section       16  system_stm32f1xx.o(.constdata)
    .data                                    0x20000000   Section       10  main.o(.data)
    .data                                    0x2000000c   Section       12  stm32f1xx_hal.o(.data)
    .data                                    0x20000018   Section        4  system_stm32f1xx.o(.data)
    .data                                    0x2000001c   Section       16  ws2812.o(.data)
    j                                        0x2000001c   Data           1  ws2812.o(.data)
    loop                                     0x2000001d   Data           1  ws2812.o(.data)
    next_time                                0x20000024   Data           4  ws2812.o(.data)
    next_time                                0x20000028   Data           4  ws2812.o(.data)
    .data                                    0x2000002c   Section        8  can_receive.o(.data)
    .data                                    0x20000034   Section        8  can_protocal.o(.data)
    .bss                                     0x2000003c   Section       20  main.o(.bss)
    .bss                                     0x20000050   Section       40  can.o(.bss)
    .bss                                     0x20000078   Section      696  tim.o(.bss)
    .bss                                     0x20000330   Section    42272  ws2812.o(.bss)
    .bss                                     0x2000a850   Section       82  can_receive.o(.bss)
    .bss                                     0x2000a8a2   Section       40  can_protocal.o(.bss)
    .bss                                     0x2000a8cc   Section       96  libspace.o(.bss)
    HEAP                                     0x2000a930   Section      512  startup_stm32f103xe.o(HEAP)
    Heap_Mem                                 0x2000a930   Data         512  startup_stm32f103xe.o(HEAP)
    STACK                                    0x2000ab30   Section     1024  startup_stm32f103xe.o(STACK)
    Stack_Mem                                0x2000ab30   Data        1024  startup_stm32f103xe.o(STACK)
    __initial_sp                             0x2000af30   Data           0  startup_stm32f103xe.o(STACK)

    Global Symbols

    Symbol Name                              Value     Ov Type        Size  Object(Section)

    BuildAttributes$$THM_ISAv4$P$D$K$B$S$PE$A:L22UL41UL21$X:L11$S22US41US21$IEEE1$IW$USESV6$~STKCKD$USESV7$~SHL$OSPACE$ROPI$EBA8$UX$STANDARDLIB$REQ8$PRES8$EABIv2 0x00000000   Number         0  anon$$obj.o ABSOLUTE
    __ARM_use_no_argv                        0x00000000   Number         0  main.o ABSOLUTE
    __ARM_exceptions_init                     - Undefined Weak Reference
    __alloca_initialize                       - Undefined Weak Reference
    __arm_fini_                               - Undefined Weak Reference
    __arm_preinit_                            - Undefined Weak Reference
    __cpp_initialize__aeabi_                  - Undefined Weak Reference
    __cxa_finalize                            - Undefined Weak Reference
    __rt_locale                               - Undefined Weak Reference
    __sigvec_lookup                           - Undefined Weak Reference
    _atexit_init                              - Undefined Weak Reference
    _call_atexit_fns                          - Undefined Weak Reference
    _clock_init                               - Undefined Weak Reference
    _fp_trap_init                             - Undefined Weak Reference
    _fp_trap_shutdown                         - Undefined Weak Reference
    _get_lc_collate                           - Undefined Weak Reference
    _get_lc_ctype                             - Undefined Weak Reference
    _get_lc_monetary                          - Undefined Weak Reference
    _get_lc_numeric                           - Undefined Weak Reference
    _get_lc_time                              - Undefined Weak Reference
    _getenv_init                              - Undefined Weak Reference
    _handle_redirection                       - Undefined Weak Reference
    _init_alloc                               - Undefined Weak Reference
    _init_user_alloc                          - Undefined Weak Reference
    _initio                                   - Undefined Weak Reference
    _rand_init                                - Undefined Weak Reference
    _signal_finish                            - Undefined Weak Reference
    _signal_init                              - Undefined Weak Reference
    _terminate_alloc                          - Undefined Weak Reference
    _terminate_user_alloc                     - Undefined Weak Reference
    _terminateio                              - Undefined Weak Reference
    __Vectors_Size                           0x00000130   Number         0  startup_stm32f103xe.o ABSOLUTE
    __Vectors                                0x08000000   Data           4  startup_stm32f103xe.o(RESET)
    __Vectors_End                            0x08000130   Data           0  startup_stm32f103xe.o(RESET)
    __main                                   0x08000131   Thumb Code     8  __main.o(!!!main)
    __scatterload                            0x08000139   Thumb Code     0  __scatter.o(!!!scatter)
    __scatterload_rt2                        0x08000139   Thumb Code    44  __scatter.o(!!!scatter)
    __scatterload_rt2_thumb_only             0x08000139   Thumb Code     0  __scatter.o(!!!scatter)
    __scatterload_null                       0x08000147   Thumb Code     0  __scatter.o(!!!scatter)
    __scatterload_copy                       0x0800016d   Thumb Code    26  __scatter_copy.o(!!handler_copy)
    __scatterload_zeroinit                   0x08000189   Thumb Code    28  __scatter_zi.o(!!handler_zi)
    __rt_lib_init                            0x080001a5   Thumb Code     0  libinit.o(.ARM.Collect$$libinit$$00000000)
    __rt_lib_init_alloca_1                   0x080001a7   Thumb Code     0  libinit2.o(.ARM.Collect$$libinit$$0000002E)
    __rt_lib_init_argv_1                     0x080001a7   Thumb Code     0  libinit2.o(.ARM.Collect$$libinit$$0000002C)
    __rt_lib_init_atexit_1                   0x080001a7   Thumb Code     0  libinit2.o(.ARM.Collect$$libinit$$0000001B)
    __rt_lib_init_clock_1                    0x080001a7   Thumb Code     0  libinit2.o(.ARM.Collect$$libinit$$00000021)
    __rt_lib_init_cpp_1                      0x080001a7   Thumb Code     0  libinit2.o(.ARM.Collect$$libinit$$00000032)
    __rt_lib_init_exceptions_1               0x080001a7   Thumb Code     0  libinit2.o(.ARM.Collect$$libinit$$00000030)
    __rt_lib_init_fp_1                       0x080001a7   Thumb Code     0  libinit2.o(.ARM.Collect$$libinit$$00000002)
    __rt_lib_init_fp_trap_1                  0x080001a7   Thumb Code     0  libinit2.o(.ARM.Collect$$libinit$$0000001F)
    __rt_lib_init_getenv_1                   0x080001a7   Thumb Code     0  libinit2.o(.ARM.Collect$$libinit$$00000023)
    __rt_lib_init_heap_1                     0x080001a7   Thumb Code     0  libinit2.o(.ARM.Collect$$libinit$$0000000A)
    __rt_lib_init_lc_collate_1               0x080001a7   Thumb Code     0  libinit2.o(.ARM.Collect$$libinit$$00000011)
    __rt_lib_init_lc_ctype_1                 0x080001a7   Thumb Code     0  libinit2.o(.ARM.Collect$$libinit$$00000013)
    __rt_lib_init_lc_monetary_1              0x080001a7   Thumb Code     0  libinit2.o(.ARM.Collect$$libinit$$00000015)
    __rt_lib_init_lc_numeric_1               0x080001a7   Thumb Code     0  libinit2.o(.ARM.Collect$$libinit$$00000017)
    __rt_lib_init_lc_time_1                  0x080001a7   Thumb Code     0  libinit2.o(.ARM.Collect$$libinit$$00000019)
    __rt_lib_init_preinit_1                  0x080001a7   Thumb Code     0  libinit2.o(.ARM.Collect$$libinit$$00000004)
    __rt_lib_init_rand_1                     0x080001a7   Thumb Code     0  libinit2.o(.ARM.Collect$$libinit$$0000000E)
    __rt_lib_init_return                     0x080001a7   Thumb Code     0  libinit2.o(.ARM.Collect$$libinit$$00000033)
    __rt_lib_init_signal_1                   0x080001a7   Thumb Code     0  libinit2.o(.ARM.Collect$$libinit$$0000001D)
    __rt_lib_init_stdio_1                    0x080001a7   Thumb Code     0  libinit2.o(.ARM.Collect$$libinit$$00000025)
    __rt_lib_init_user_alloc_1               0x080001a7   Thumb Code     0  libinit2.o(.ARM.Collect$$libinit$$0000000C)
    __rt_lib_shutdown                        0x080001a9   Thumb Code     0  libshutdown.o(.ARM.Collect$$libshutdown$$00000000)
    __rt_lib_shutdown_cpp_1                  0x080001ab   Thumb Code     0  libshutdown2.o(.ARM.Collect$$libshutdown$$00000004)
    __rt_lib_shutdown_fini_1                 0x080001ab   Thumb Code     0  libshutdown2.o(.ARM.Collect$$libshutdown$$00000002)
    __rt_lib_shutdown_fp_trap_1              0x080001ab   Thumb Code     0  libshutdown2.o(.ARM.Collect$$libshutdown$$00000009)
    __rt_lib_shutdown_heap_1                 0x080001ab   Thumb Code     0  libshutdown2.o(.ARM.Collect$$libshutdown$$00000011)
    __rt_lib_shutdown_return                 0x080001ab   Thumb Code     0  libshutdown2.o(.ARM.Collect$$libshutdown$$00000012)
    __rt_lib_shutdown_signal_1               0x080001ab   Thumb Code     0  libshutdown2.o(.ARM.Collect$$libshutdown$$0000000C)
    __rt_lib_shutdown_stdio_1                0x080001ab   Thumb Code     0  libshutdown2.o(.ARM.Collect$$libshutdown$$00000006)
    __rt_lib_shutdown_user_alloc_1           0x080001ab   Thumb Code     0  libshutdown2.o(.ARM.Collect$$libshutdown$$0000000E)
    __rt_entry                               0x080001ad   Thumb Code     0  __rtentry.o(.ARM.Collect$$rtentry$$00000000)
    __rt_entry_presh_1                       0x080001ad   Thumb Code     0  __rtentry2.o(.ARM.Collect$$rtentry$$00000002)
    __rt_entry_sh                            0x080001ad   Thumb Code     0  __rtentry4.o(.ARM.Collect$$rtentry$$00000004)
    __rt_entry_li                            0x080001b3   Thumb Code     0  __rtentry2.o(.ARM.Collect$$rtentry$$0000000A)
    __rt_entry_postsh_1                      0x080001b3   Thumb Code     0  __rtentry2.o(.ARM.Collect$$rtentry$$00000009)
    __rt_entry_main                          0x080001b7   Thumb Code     0  __rtentry2.o(.ARM.Collect$$rtentry$$0000000D)
    __rt_entry_postli_1                      0x080001b7   Thumb Code     0  __rtentry2.o(.ARM.Collect$$rtentry$$0000000C)
    __rt_exit                                0x080001bf   Thumb Code     0  rtexit.o(.ARM.Collect$$rtexit$$00000000)
    __rt_exit_ls                             0x080001c1   Thumb Code     0  rtexit2.o(.ARM.Collect$$rtexit$$00000003)
    __rt_exit_prels_1                        0x080001c1   Thumb Code     0  rtexit2.o(.ARM.Collect$$rtexit$$00000002)
    __rt_exit_exit                           0x080001c5   Thumb Code     0  rtexit2.o(.ARM.Collect$$rtexit$$00000004)
    Reset_Handler                            0x080001cd   Thumb Code     8  startup_stm32f103xe.o(.text)
    ADC1_2_IRQHandler                        0x080001e7   Thumb Code     0  startup_stm32f103xe.o(.text)
    ADC3_IRQHandler                          0x080001e7   Thumb Code     0  startup_stm32f103xe.o(.text)
    CAN1_SCE_IRQHandler                      0x080001e7   Thumb Code     0  startup_stm32f103xe.o(.text)
    DMA1_Channel4_IRQHandler                 0x080001e7   Thumb Code     0  startup_stm32f103xe.o(.text)
    DMA2_Channel1_IRQHandler                 0x080001e7   Thumb Code     0  startup_stm32f103xe.o(.text)
    DMA2_Channel2_IRQHandler                 0x080001e7   Thumb Code     0  startup_stm32f103xe.o(.text)
    DMA2_Channel3_IRQHandler                 0x080001e7   Thumb Code     0  startup_stm32f103xe.o(.text)
    DMA2_Channel4_5_IRQHandler               0x080001e7   Thumb Code     0  startup_stm32f103xe.o(.text)
    EXTI0_IRQHandler                         0x080001e7   Thumb Code     0  startup_stm32f103xe.o(.text)
    EXTI15_10_IRQHandler                     0x080001e7   Thumb Code     0  startup_stm32f103xe.o(.text)
    EXTI1_IRQHandler                         0x080001e7   Thumb Code     0  startup_stm32f103xe.o(.text)
    EXTI2_IRQHandler                         0x080001e7   Thumb Code     0  startup_stm32f103xe.o(.text)
    EXTI3_IRQHandler                         0x080001e7   Thumb Code     0  startup_stm32f103xe.o(.text)
    EXTI4_IRQHandler                         0x080001e7   Thumb Code     0  startup_stm32f103xe.o(.text)
    EXTI9_5_IRQHandler                       0x080001e7   Thumb Code     0  startup_stm32f103xe.o(.text)
    FLASH_IRQHandler                         0x080001e7   Thumb Code     0  startup_stm32f103xe.o(.text)
    FSMC_IRQHandler                          0x080001e7   Thumb Code     0  startup_stm32f103xe.o(.text)
    I2C1_ER_IRQHandler                       0x080001e7   Thumb Code     0  startup_stm32f103xe.o(.text)
    I2C1_EV_IRQHandler                       0x080001e7   Thumb Code     0  startup_stm32f103xe.o(.text)
    I2C2_ER_IRQHandler                       0x080001e7   Thumb Code     0  startup_stm32f103xe.o(.text)
    I2C2_EV_IRQHandler                       0x080001e7   Thumb Code     0  startup_stm32f103xe.o(.text)
    PVD_IRQHandler                           0x080001e7   Thumb Code     0  startup_stm32f103xe.o(.text)
    RCC_IRQHandler                           0x080001e7   Thumb Code     0  startup_stm32f103xe.o(.text)
    RTC_Alarm_IRQHandler                     0x080001e7   Thumb Code     0  startup_stm32f103xe.o(.text)
    RTC_IRQHandler                           0x080001e7   Thumb Code     0  startup_stm32f103xe.o(.text)
    SDIO_IRQHandler                          0x080001e7   Thumb Code     0  startup_stm32f103xe.o(.text)
    SPI1_IRQHandler                          0x080001e7   Thumb Code     0  startup_stm32f103xe.o(.text)
    SPI2_IRQHandler                          0x080001e7   Thumb Code     0  startup_stm32f103xe.o(.text)
    SPI3_IRQHandler                          0x080001e7   Thumb Code     0  startup_stm32f103xe.o(.text)
    TAMPER_IRQHandler                        0x080001e7   Thumb Code     0  startup_stm32f103xe.o(.text)
    TIM1_BRK_IRQHandler                      0x080001e7   Thumb Code     0  startup_stm32f103xe.o(.text)
    TIM1_CC_IRQHandler                       0x080001e7   Thumb Code     0  startup_stm32f103xe.o(.text)
    TIM1_TRG_COM_IRQHandler                  0x080001e7   Thumb Code     0  startup_stm32f103xe.o(.text)
    TIM1_UP_IRQHandler                       0x080001e7   Thumb Code     0  startup_stm32f103xe.o(.text)
    TIM2_IRQHandler                          0x080001e7   Thumb Code     0  startup_stm32f103xe.o(.text)
    TIM3_IRQHandler                          0x080001e7   Thumb Code     0  startup_stm32f103xe.o(.text)
    TIM4_IRQHandler                          0x080001e7   Thumb Code     0  startup_stm32f103xe.o(.text)
    TIM5_IRQHandler                          0x080001e7   Thumb Code     0  startup_stm32f103xe.o(.text)
    TIM6_IRQHandler                          0x080001e7   Thumb Code     0  startup_stm32f103xe.o(.text)
    TIM7_IRQHandler                          0x080001e7   Thumb Code     0  startup_stm32f103xe.o(.text)
    TIM8_BRK_IRQHandler                      0x080001e7   Thumb Code     0  startup_stm32f103xe.o(.text)
    TIM8_CC_IRQHandler                       0x080001e7   Thumb Code     0  startup_stm32f103xe.o(.text)
    TIM8_TRG_COM_IRQHandler                  0x080001e7   Thumb Code     0  startup_stm32f103xe.o(.text)
    TIM8_UP_IRQHandler                       0x080001e7   Thumb Code     0  startup_stm32f103xe.o(.text)
    UART4_IRQHandler                         0x080001e7   Thumb Code     0  startup_stm32f103xe.o(.text)
    UART5_IRQHandler                         0x080001e7   Thumb Code     0  startup_stm32f103xe.o(.text)
    USART1_IRQHandler                        0x080001e7   Thumb Code     0  startup_stm32f103xe.o(.text)
    USART2_IRQHandler                        0x080001e7   Thumb Code     0  startup_stm32f103xe.o(.text)
    USART3_IRQHandler                        0x080001e7   Thumb Code     0  startup_stm32f103xe.o(.text)
    USBWakeUp_IRQHandler                     0x080001e7   Thumb Code     0  startup_stm32f103xe.o(.text)
    USB_HP_CAN1_TX_IRQHandler                0x080001e7   Thumb Code     0  startup_stm32f103xe.o(.text)
    WWDG_IRQHandler                          0x080001e7   Thumb Code     0  startup_stm32f103xe.o(.text)
    __user_initial_stackheap                 0x080001e9   Thumb Code     0  startup_stm32f103xe.o(.text)
    __aeabi_memclr4                          0x0800020d   Thumb Code     0  rt_memclr_w.o(.text)
    __aeabi_memclr8                          0x0800020d   Thumb Code     0  rt_memclr_w.o(.text)
    __rt_memclr_w                            0x0800020d   Thumb Code    78  rt_memclr_w.o(.text)
    _memset_w                                0x08000211   Thumb Code     0  rt_memclr_w.o(.text)
    __use_two_region_memory                  0x0800025b   Thumb Code     2  heapauxi.o(.text)
    __rt_heap_escrow$2region                 0x0800025d   Thumb Code     2  heapauxi.o(.text)
    __rt_heap_expand$2region                 0x0800025f   Thumb Code     2  heapauxi.o(.text)
    __user_setup_stackheap                   0x08000261   Thumb Code    74  sys_stackheap_outer.o(.text)
    exit                                     0x080002ab   Thumb Code    18  exit.o(.text)
    __user_libspace                          0x080002bd   Thumb Code     8  libspace.o(.text)
    __user_perproc_libspace                  0x080002bd   Thumb Code     0  libspace.o(.text)
    __user_perthread_libspace                0x080002bd   Thumb Code     0  libspace.o(.text)
    _sys_exit                                0x080002c5   Thumb Code     8  sys_exit.o(.text)
    __I$use$semihosting                      0x080002d1   Thumb Code     0  use_no_semi.o(.text)
    __use_no_semihosting_swi                 0x080002d1   Thumb Code     2  use_no_semi.o(.text)
    Big_Fu_info_Init                         0x080002d3   Thumb Code   100  flag_state.o(i.Big_Fu_info_Init)
    __semihosting_library_function           0x080002d3   Thumb Code     0  indicate_semi.o(.text)
    Board_Info_Tx                            0x08000339   Thumb Code    26  can_protocal.o(i.Board_Info_Tx)
    Board_RX                                 0x0800035d   Thumb Code    30  can_receive.o(i.Board_RX)
    Board_Tx                                 0x08000381   Thumb Code    86  can_send.o(i.Board_Tx)
    BusFault_Handler                         0x080003dd   Thumb Code     2  stm32f1xx_it.o(i.BusFault_Handler)
    CAN1_Init                                0x080003e1   Thumb Code    54  can_receive.o(i.CAN1_Init)
    CAN1_RX1_IRQHandler                      0x0800041d   Thumb Code     6  stm32f1xx_it.o(i.CAN1_RX1_IRQHandler)
    CAN1_rxDataHandler                       0x08000429   Thumb Code     6  can_protocal.o(i.CAN1_rxDataHandler)
    DMA1_Channel1_IRQHandler                 0x08000435   Thumb Code     6  stm32f1xx_it.o(i.DMA1_Channel1_IRQHandler)
    DMA1_Channel2_IRQHandler                 0x08000441   Thumb Code     6  stm32f1xx_it.o(i.DMA1_Channel2_IRQHandler)
    DMA1_Channel3_IRQHandler                 0x0800044d   Thumb Code     6  stm32f1xx_it.o(i.DMA1_Channel3_IRQHandler)
    DMA1_Channel5_IRQHandler                 0x08000459   Thumb Code     6  stm32f1xx_it.o(i.DMA1_Channel5_IRQHandler)
    DMA1_Channel6_IRQHandler                 0x08000465   Thumb Code     6  stm32f1xx_it.o(i.DMA1_Channel6_IRQHandler)
    DMA1_Channel7_IRQHandler                 0x08000471   Thumb Code     6  stm32f1xx_it.o(i.DMA1_Channel7_IRQHandler)
    DebugMon_Handler                         0x080004a7   Thumb Code     2  stm32f1xx_it.o(i.DebugMon_Handler)
    Error_Handler                            0x080004a9   Thumb Code     4  main.o(i.Error_Handler)
    HAL_CAN_ActivateNotification             0x080004ad   Thumb Code    36  stm32f1xx_hal_can.o(i.HAL_CAN_ActivateNotification)
    HAL_CAN_AddTxMessage                     0x080004d1   Thumb Code   208  stm32f1xx_hal_can.o(i.HAL_CAN_AddTxMessage)
    HAL_CAN_ConfigFilter                     0x080005a1   Thumb Code   238  stm32f1xx_hal_can.o(i.HAL_CAN_ConfigFilter)
    HAL_CAN_ErrorCallback                    0x0800068f   Thumb Code     2  stm32f1xx_hal_can.o(i.HAL_CAN_ErrorCallback)
    HAL_CAN_GetRxMessage                     0x08000691   Thumb Code   244  stm32f1xx_hal_can.o(i.HAL_CAN_GetRxMessage)
    HAL_CAN_IRQHandler                       0x08000785   Thumb Code   508  stm32f1xx_hal_can.o(i.HAL_CAN_IRQHandler)
    HAL_CAN_Init                             0x08000981   Thumb Code   282  stm32f1xx_hal_can.o(i.HAL_CAN_Init)
    HAL_CAN_MspInit                          0x08000a9d   Thumb Code   128  can.o(i.HAL_CAN_MspInit)
    HAL_CAN_RxFifo0FullCallback              0x08000b29   Thumb Code     2  stm32f1xx_hal_can.o(i.HAL_CAN_RxFifo0FullCallback)
    HAL_CAN_RxFifo0MsgPendingCallback        0x08000b2d   Thumb Code    32  can_receive.o(i.HAL_CAN_RxFifo0MsgPendingCallback)
    HAL_CAN_RxFifo1FullCallback              0x08000b59   Thumb Code     2  stm32f1xx_hal_can.o(i.HAL_CAN_RxFifo1FullCallback)
    HAL_CAN_RxFifo1MsgPendingCallback        0x08000b5b   Thumb Code     2  stm32f1xx_hal_can.o(i.HAL_CAN_RxFifo1MsgPendingCallback)
    HAL_CAN_SleepCallback                    0x08000b5d   Thumb Code     2  stm32f1xx_hal_can.o(i.HAL_CAN_SleepCallback)
    HAL_CAN_Start                            0x08000b61   Thumb Code    88  stm32f1xx_hal_can.o(i.HAL_CAN_Start)
    HAL_CAN_TxMailbox0AbortCallback          0x08000bb9   Thumb Code     2  stm32f1xx_hal_can.o(i.HAL_CAN_TxMailbox0AbortCallback)
    HAL_CAN_TxMailbox0CompleteCallback       0x08000bbb   Thumb Code     2  stm32f1xx_hal_can.o(i.HAL_CAN_TxMailbox0CompleteCallback)
    HAL_CAN_TxMailbox1AbortCallback          0x08000bbd   Thumb Code     2  stm32f1xx_hal_can.o(i.HAL_CAN_TxMailbox1AbortCallback)
    HAL_CAN_TxMailbox1CompleteCallback       0x08000bbf   Thumb Code     2  stm32f1xx_hal_can.o(i.HAL_CAN_TxMailbox1CompleteCallback)
    HAL_CAN_TxMailbox2AbortCallback          0x08000bc1   Thumb Code     2  stm32f1xx_hal_can.o(i.HAL_CAN_TxMailbox2AbortCallback)
    HAL_CAN_TxMailbox2CompleteCallback       0x08000bc3   Thumb Code     2  stm32f1xx_hal_can.o(i.HAL_CAN_TxMailbox2CompleteCallback)
    HAL_CAN_WakeUpFromRxMsgCallback          0x08000bc5   Thumb Code     2  stm32f1xx_hal_can.o(i.HAL_CAN_WakeUpFromRxMsgCallback)
    HAL_DMA_Abort_IT                         0x08000bc9   Thumb Code   296  stm32f1xx_hal_dma.o(i.HAL_DMA_Abort_IT)
    HAL_DMA_IRQHandler                       0x08000cf9   Thumb Code   552  stm32f1xx_hal_dma.o(i.HAL_DMA_IRQHandler)
    HAL_DMA_Init                             0x08000f41   Thumb Code   112  stm32f1xx_hal_dma.o(i.HAL_DMA_Init)
    HAL_DMA_Start_IT                         0x08000fbd   Thumb Code   112  stm32f1xx_hal_dma.o(i.HAL_DMA_Start_IT)
    HAL_Delay                                0x0800102d   Thumb Code    32  stm32f1xx_hal.o(i.HAL_Delay)
    HAL_GPIO_Init                            0x08001051   Thumb Code   462  stm32f1xx_hal_gpio.o(i.HAL_GPIO_Init)
    HAL_GPIO_ReadPin                         0x08001249   Thumb Code    10  stm32f1xx_hal_gpio.o(i.HAL_GPIO_ReadPin)
    HAL_GetTick                              0x08001255   Thumb Code     6  stm32f1xx_hal.o(i.HAL_GetTick)
    HAL_IncTick                              0x08001261   Thumb Code    12  stm32f1xx_hal.o(i.HAL_IncTick)
    HAL_Init                                 0x08001271   Thumb Code    32  stm32f1xx_hal.o(i.HAL_Init)
    HAL_InitTick                             0x08001295   Thumb Code    54  stm32f1xx_hal.o(i.HAL_InitTick)
    HAL_MspInit                              0x080012d5   Thumb Code    52  stm32f1xx_hal_msp.o(i.HAL_MspInit)
    HAL_NVIC_EnableIRQ                       0x08001311   Thumb Code    26  stm32f1xx_hal_cortex.o(i.HAL_NVIC_EnableIRQ)
    HAL_NVIC_SetPriority                     0x0800132d   Thumb Code    60  stm32f1xx_hal_cortex.o(i.HAL_NVIC_SetPriority)
    HAL_NVIC_SetPriorityGrouping             0x0800136d   Thumb Code    26  stm32f1xx_hal_cortex.o(i.HAL_NVIC_SetPriorityGrouping)
    HAL_RCC_ClockConfig                      0x08001391   Thumb Code   280  stm32f1xx_hal_rcc.o(i.HAL_RCC_ClockConfig)
    HAL_RCC_GetSysClockFreq                  0x080014bd   Thumb Code    58  stm32f1xx_hal_rcc.o(i.HAL_RCC_GetSysClockFreq)
    HAL_RCC_OscConfig                        0x08001509   Thumb Code   778  stm32f1xx_hal_rcc.o(i.HAL_RCC_OscConfig)
    HAL_SYSTICK_Config                       0x08001829   Thumb Code    40  stm32f1xx_hal_cortex.o(i.HAL_SYSTICK_Config)
    HAL_TIMEx_ConfigBreakDeadTime            0x08001851   Thumb Code    84  stm32f1xx_hal_tim_ex.o(i.HAL_TIMEx_ConfigBreakDeadTime)
    HAL_TIMEx_MasterConfigSynchronization    0x080018a5   Thumb Code   104  stm32f1xx_hal_tim_ex.o(i.HAL_TIMEx_MasterConfigSynchronization)
    HAL_TIM_Base_Init                        0x08001921   Thumb Code    90  stm32f1xx_hal_tim.o(i.HAL_TIM_Base_Init)
    HAL_TIM_Base_MspInit                     0x0800197d   Thumb Code   270  tim.o(i.HAL_TIM_Base_MspInit)
    HAL_TIM_ConfigClockSource                0x08001a9d   Thumb Code   220  stm32f1xx_hal_tim.o(i.HAL_TIM_ConfigClockSource)
    HAL_TIM_ErrorCallback                    0x08001b79   Thumb Code     2  stm32f1xx_hal_tim.o(i.HAL_TIM_ErrorCallback)
    HAL_TIM_MspPostInit                      0x08001b7d   Thumb Code   184  tim.o(i.HAL_TIM_MspPostInit)
    HAL_TIM_PWM_ConfigChannel                0x08001c55   Thumb Code   204  stm32f1xx_hal_tim.o(i.HAL_TIM_PWM_ConfigChannel)
    HAL_TIM_PWM_Init                         0x08001d21   Thumb Code    90  stm32f1xx_hal_tim.o(i.HAL_TIM_PWM_Init)
    HAL_TIM_PWM_MspInit                      0x08001d7d   Thumb Code   210  tim.o(i.HAL_TIM_PWM_MspInit)
    HAL_TIM_PWM_PulseFinishedCallback        0x08001e69   Thumb Code     2  ws2812.o(i.HAL_TIM_PWM_PulseFinishedCallback)
    HAL_TIM_PWM_PulseFinishedHalfCpltCallback 0x08001e6b   Thumb Code     2  stm32f1xx_hal_tim.o(i.HAL_TIM_PWM_PulseFinishedHalfCpltCallback)
    HAL_TIM_PWM_Start_DMA                    0x08001e6d   Thumb Code   394  stm32f1xx_hal_tim.o(i.HAL_TIM_PWM_Start_DMA)
    HAL_TIM_PWM_Stop_DMA                     0x08002019   Thumb Code   196  stm32f1xx_hal_tim.o(i.HAL_TIM_PWM_Stop_DMA)
    HardFault_Handler                        0x080020e5   Thumb Code     2  stm32f1xx_it.o(i.HardFault_Handler)
    LED_Blue_rectangle_current               0x080020e9   Thumb Code  1110  ws2812.o(i.LED_Blue_rectangle_current)
    LED_rectangle_current_REC                0x08002541   Thumb Code  1100  ws2812.o(i.LED_rectangle_current_REC)
    LED_rectangle_current_REC_2              0x0800298d   Thumb Code   146  ws2812.o(i.LED_rectangle_current_REC_2)
    LED_rectangle_current_REC_XIMIE          0x08002a29   Thumb Code   184  ws2812.o(i.LED_rectangle_current_REC_XIMIE)
    MX_CAN_Init                              0x08002aed   Thumb Code    60  can.o(i.MX_CAN_Init)
    MX_DMA_Init                              0x08002b31   Thumb Code   120  dma.o(i.MX_DMA_Init)
    MX_GPIO_Init                             0x08002bad   Thumb Code   130  gpio.o(i.MX_GPIO_Init)
    MX_TIM1_Init                             0x08002c3d   Thumb Code   210  tim.o(i.MX_TIM1_Init)
    MX_TIM2_Init                             0x08002d19   Thumb Code   164  tim.o(i.MX_TIM2_Init)
    MX_TIM3_Init                             0x08002dc1   Thumb Code   104  tim.o(i.MX_TIM3_Init)
    MX_TIM4_Init                             0x08002e31   Thumb Code   102  tim.o(i.MX_TIM4_Init)
    MemManage_Handler                        0x08002ea1   Thumb Code     2  stm32f1xx_it.o(i.MemManage_Handler)
    NMI_Handler                              0x08002ea3   Thumb Code     2  stm32f1xx_it.o(i.NMI_Handler)
    PendSV_Handler                           0x08002ea5   Thumb Code     2  stm32f1xx_it.o(i.PendSV_Handler)
    SVC_Handler                              0x08002ea7   Thumb Code     2  stm32f1xx_it.o(i.SVC_Handler)
    SysTick_Handler                          0x08002ea9   Thumb Code     4  stm32f1xx_it.o(i.SysTick_Handler)
    SystemClock_Config                       0x08002ead   Thumb Code    94  main.o(i.SystemClock_Config)
    SystemInit                               0x08002f0b   Thumb Code     2  system_stm32f1xx.o(i.SystemInit)
    TIM_Base_SetConfig                       0x08002f0d   Thumb Code   134  stm32f1xx_hal_tim.o(i.TIM_Base_SetConfig)
    TIM_CCxChannelCmd                        0x08002fa9   Thumb Code    26  stm32f1xx_hal_tim.o(i.TIM_CCxChannelCmd)
    TIM_DMADelayPulseHalfCplt                0x08003021   Thumb Code    56  stm32f1xx_hal_tim.o(i.TIM_DMADelayPulseHalfCplt)
    TIM_DMAError                             0x08003059   Thumb Code    84  stm32f1xx_hal_tim.o(i.TIM_DMAError)
    TIM_ETR_SetConfig                        0x080030ad   Thumb Code    20  stm32f1xx_hal_tim.o(i.TIM_ETR_SetConfig)
    TIM_OC2_SetConfig                        0x08003131   Thumb Code    98  stm32f1xx_hal_tim.o(i.TIM_OC2_SetConfig)
    USB_LP_CAN1_RX0_IRQHandler               0x0800329d   Thumb Code     6  stm32f1xx_it.o(i.USB_LP_CAN1_RX0_IRQHandler)
    UsageFault_Handler                       0x080032a9   Thumb Code     2  stm32f1xx_it.o(i.UsageFault_Handler)
    WS281x_Color                             0x080032ab   Thumb Code    10  ws2812.o(i.WS281x_Color)
    WS281x_SetPixelRGB_CIR                   0x080032b5   Thumb Code    64  ws2812.o(i.WS281x_SetPixelRGB_CIR)
    WS281x_SetPixelRGB_FRAME                 0x080032f9   Thumb Code    62  ws2812.o(i.WS281x_SetPixelRGB_FRAME)
    WS281x_SetPixelRGB_FRAME_DOWN            0x0800333d   Thumb Code    62  ws2812.o(i.WS281x_SetPixelRGB_FRAME_DOWN)
    WS281x_SetPixelRGB_FRAME_UP              0x08003381   Thumb Code    62  ws2812.o(i.WS281x_SetPixelRGB_FRAME_UP)
    WS_CloseAll_Circle                       0x080033c5   Thumb Code    48  ws2812.o(i.WS_CloseAll_Circle)
    WS_Load_Circle                           0x080033f9   Thumb Code    14  ws2812.o(i.WS_Load_Circle)
    WS_Load_Frame                            0x08003411   Thumb Code    14  ws2812.o(i.WS_Load_Frame)
    WS_Load_frame_down                       0x08003429   Thumb Code    14  ws2812.o(i.WS_Load_frame_down)
    WS_Load_frame_up                         0x08003441   Thumb Code    14  ws2812.o(i.WS_Load_frame_up)
    WS_Load_rectangle                        0x08003459   Thumb Code    14  ws2812.o(i.WS_Load_rectangle)
    WS_WriteAll_RGB_FRAME                    0x08003471   Thumb Code    40  ws2812.o(i.WS_WriteAll_RGB_FRAME)
    WS_WriteAll_RGB_FRAME_DOWN               0x08003499   Thumb Code    40  ws2812.o(i.WS_WriteAll_RGB_FRAME_DOWN)
    WS_WriteAll_RGB_FRAME_JINDU              0x080034c1   Thumb Code    44  ws2812.o(i.WS_WriteAll_RGB_FRAME_JINDU)
    WS_WriteAll_RGB_FRAME_UP                 0x080034ed   Thumb Code    40  ws2812.o(i.WS_WriteAll_RGB_FRAME_UP)
    WS_WriteAll_RGB_REC                      0x08003515   Thumb Code   160  ws2812.o(i.WS_WriteAll_RGB_REC)
    WS_Write_Cross                           0x080035b9   Thumb Code   304  ws2812.o(i.WS_Write_Cross)
    WS_Write_RGB_EIGHT_RING                  0x080036e9   Thumb Code    44  ws2812.o(i.WS_Write_RGB_EIGHT_RING)
    WS_Write_RGB_FIVE_RING                   0x08003715   Thumb Code    40  ws2812.o(i.WS_Write_RGB_FIVE_RING)
    WS_Write_RGB_FOUR_RING                   0x0800373d   Thumb Code    40  ws2812.o(i.WS_Write_RGB_FOUR_RING)
    WS_Write_RGB_NINE_RING                   0x08003765   Thumb Code    46  ws2812.o(i.WS_Write_RGB_NINE_RING)
    WS_Write_RGB_ONE_RING                    0x08003793   Thumb Code    40  ws2812.o(i.WS_Write_RGB_ONE_RING)
    WS_Write_RGB_SEVEN_RING                  0x080037bb   Thumb Code    40  ws2812.o(i.WS_Write_RGB_SEVEN_RING)
    WS_Write_RGB_SIX_RING                    0x080037e3   Thumb Code    40  ws2812.o(i.WS_Write_RGB_SIX_RING)
    WS_Write_RGB_TEN_RING                    0x0800380b   Thumb Code    44  ws2812.o(i.WS_Write_RGB_TEN_RING)
    WS_Write_RGB_THREE_RING                  0x08003837   Thumb Code    40  ws2812.o(i.WS_Write_RGB_THREE_RING)
    WS_Write_RGB_TWO_RING                    0x0800385f   Thumb Code    40  ws2812.o(i.WS_Write_RGB_TWO_RING)
    arrow_LED_cut_down_rectangle             0x080038a9   Thumb Code   484  ws2812.o(i.arrow_LED_cut_down_rectangle)
    get_Centrol_measure                      0x08003a95   Thumb Code    36  can_receive.o(i.get_Centrol_measure)
    main                                     0x08003abd   Thumb Code  2048  main.o(i.main)
    AHBPrescTable                            0x080042d6   Data          16  system_stm32f1xx.o(.constdata)
    Region$$Table$$Base                      0x080042e8   Number         0  anon$$obj.o(Region$$Table)
    Region$$Table$$Limit                     0x08004308   Number         0  anon$$obj.o(Region$$Table)
    cntt                                     0x20000000   Data           2  main.o(.data)
    down_cntt                                0x20000002   Data           2  main.o(.data)
    Twinkle_time_cnt                         0x20000004   Data           2  main.o(.data)
    Twinkle_time_cnt_times                   0x20000006   Data           2  main.o(.data)
    buffer_time                              0x20000008   Data           2  main.o(.data)
    uwTickFreq                               0x2000000c   Data           1  stm32f1xx_hal.o(.data)
    uwTickPrio                               0x20000010   Data           4  stm32f1xx_hal.o(.data)
    uwTick                                   0x20000014   Data           4  stm32f1xx_hal.o(.data)
    SystemCoreClock                          0x20000018   Data           4  system_stm32f1xx.o(.data)
    send_Buf_move_rectangle                  0x2000001e   Data           2  ws2812.o(.data)
    Led_bite_cnt_rectangle                   0x20000020   Data           2  ws2812.o(.data)
    can1_rx_data                             0x2000002c   Data           8  can_receive.o(.data)
    can_Dafu_data                            0x20000034   Data           8  can_protocal.o(.data)
    Rings_Key                                0x2000003c   Data          10  main.o(.bss)
    Rings_Key_record                         0x20000046   Data          10  main.o(.bss)
    hcan                                     0x20000050   Data          40  can.o(.bss)
    htim1                                    0x20000078   Data          72  tim.o(.bss)
    htim2                                    0x200000c0   Data          72  tim.o(.bss)
    htim3                                    0x20000108   Data          72  tim.o(.bss)
    htim4                                    0x20000150   Data          72  tim.o(.bss)
    hdma_tim1_ch1                            0x20000198   Data          68  tim.o(.bss)
    hdma_tim1_ch2                            0x200001dc   Data          68  tim.o(.bss)
    hdma_tim2_ch1                            0x20000220   Data          68  tim.o(.bss)
    hdma_tim2_ch2_ch4                        0x20000264   Data          68  tim.o(.bss)
    hdma_tim3_ch1_trig                       0x200002a8   Data          68  tim.o(.bss)
    hdma_tim4_ch1                            0x200002ec   Data          68  tim.o(.bss)
    send_Buf_rectangle                       0x20000330   Data       15808  ws2812.o(.bss)
    send_Buf_frame_up                        0x200040f0   Data        4672  ws2812.o(.bss)
    send_Buf_frame_down                      0x20005330   Data        4864  ws2812.o(.bss)
    send_Buf_Circle                          0x20006630   Data       13648  ws2812.o(.bss)
    send_Buf_frame                           0x20009b80   Data        3280  ws2812.o(.bss)
    hcan1RxFrame                             0x2000a850   Data          28  can_receive.o(.bss)
    Board_Can_info                           0x2000a86c   Data          14  can_receive.o(.bss)
    Board_Order_info                         0x2000a87a   Data          40  can_receive.o(.bss)
    Big_Fu_info                              0x2000a8a2   Data          40  can_protocal.o(.bss)
    __libspace_start                         0x2000a8cc   Data          96  libspace.o(.bss)
    __temporary_stack_top$libspace           0x2000a92c   Data           0  libspace.o(.bss)



==============================================================================

Memory Map of the image

  Image Entry point : 0x08000131

  Load Region LR_IROM1 (Base: 0x08000000, Size: 0x00004344, Max: 0x00040000, ABSOLUTE)

    Execution Region ER_IROM1 (Exec base: 0x08000000, Load base: 0x08000000, Size: 0x00004308, Max: 0x00040000, ABSOLUTE)

    Exec Addr    Load Addr    Size         Type   Attr      Idx    E Section Name        Object

    0x08000000   0x08000000   0x00000130   Data   RO            3    RESET               startup_stm32f103xe.o
    0x08000130   0x08000130   0x00000008   Code   RO         3413  * !!!main             c_w.l(__main.o)
    0x08000138   0x08000138   0x00000034   Code   RO         3572    !!!scatter          c_w.l(__scatter.o)
    0x0800016c   0x0800016c   0x0000001a   Code   RO         3574    !!handler_copy      c_w.l(__scatter_copy.o)
    0x08000186   0x08000186   0x00000002   PAD
    0x08000188   0x08000188   0x0000001c   Code   RO         3576    !!handler_zi        c_w.l(__scatter_zi.o)
    0x080001a4   0x080001a4   0x00000002   Code   RO         3440    .ARM.Collect$$libinit$$00000000  c_w.l(libinit.o)
    0x080001a6   0x080001a6   0x00000000   Code   RO         3447    .ARM.Collect$$libinit$$00000002  c_w.l(libinit2.o)
    0x080001a6   0x080001a6   0x00000000   Code   RO         3449    .ARM.Collect$$libinit$$00000004  c_w.l(libinit2.o)
    0x080001a6   0x080001a6   0x00000000   Code   RO         3452    .ARM.Collect$$libinit$$0000000A  c_w.l(libinit2.o)
    0x080001a6   0x080001a6   0x00000000   Code   RO         3454    .ARM.Collect$$libinit$$0000000C  c_w.l(libinit2.o)
    0x080001a6   0x080001a6   0x00000000   Code   RO         3456    .ARM.Collect$$libinit$$0000000E  c_w.l(libinit2.o)
    0x080001a6   0x080001a6   0x00000000   Code   RO         3459    .ARM.Collect$$libinit$$00000011  c_w.l(libinit2.o)
    0x080001a6   0x080001a6   0x00000000   Code   RO         3461    .ARM.Collect$$libinit$$00000013  c_w.l(libinit2.o)
    0x080001a6   0x080001a6   0x00000000   Code   RO         3463    .ARM.Collect$$libinit$$00000015  c_w.l(libinit2.o)
    0x080001a6   0x080001a6   0x00000000   Code   RO         3465    .ARM.Collect$$libinit$$00000017  c_w.l(libinit2.o)
    0x080001a6   0x080001a6   0x00000000   Code   RO         3467    .ARM.Collect$$libinit$$00000019  c_w.l(libinit2.o)
    0x080001a6   0x080001a6   0x00000000   Code   RO         3469    .ARM.Collect$$libinit$$0000001B  c_w.l(libinit2.o)
    0x080001a6   0x080001a6   0x00000000   Code   RO         3471    .ARM.Collect$$libinit$$0000001D  c_w.l(libinit2.o)
    0x080001a6   0x080001a6   0x00000000   Code   RO         3473    .ARM.Collect$$libinit$$0000001F  c_w.l(libinit2.o)
    0x080001a6   0x080001a6   0x00000000   Code   RO         3475    .ARM.Collect$$libinit$$00000021  c_w.l(libinit2.o)
    0x080001a6   0x080001a6   0x00000000   Code   RO         3477    .ARM.Collect$$libinit$$00000023  c_w.l(libinit2.o)
    0x080001a6   0x080001a6   0x00000000   Code   RO         3479    .ARM.Collect$$libinit$$00000025  c_w.l(libinit2.o)
    0x080001a6   0x080001a6   0x00000000   Code   RO         3483    .ARM.Collect$$libinit$$0000002C  c_w.l(libinit2.o)
    0x080001a6   0x080001a6   0x00000000   Code   RO         3485    .ARM.Collect$$libinit$$0000002E  c_w.l(libinit2.o)
    0x080001a6   0x080001a6   0x00000000   Code   RO         3487    .ARM.Collect$$libinit$$00000030  c_w.l(libinit2.o)
    0x080001a6   0x080001a6   0x00000000   Code   RO         3489    .ARM.Collect$$libinit$$00000032  c_w.l(libinit2.o)
    0x080001a6   0x080001a6   0x00000002   Code   RO         3490    .ARM.Collect$$libinit$$00000033  c_w.l(libinit2.o)
    0x080001a8   0x080001a8   0x00000002   Code   RO         3510    .ARM.Collect$$libshutdown$$00000000  c_w.l(libshutdown.o)
    0x080001aa   0x080001aa   0x00000000   Code   RO         3523    .ARM.Collect$$libshutdown$$00000002  c_w.l(libshutdown2.o)
    0x080001aa   0x080001aa   0x00000000   Code   RO         3525    .ARM.Collect$$libshutdown$$00000004  c_w.l(libshutdown2.o)
    0x080001aa   0x080001aa   0x00000000   Code   RO         3527    .ARM.Collect$$libshutdown$$00000006  c_w.l(libshutdown2.o)
    0x080001aa   0x080001aa   0x00000000   Code   RO         3530    .ARM.Collect$$libshutdown$$00000009  c_w.l(libshutdown2.o)
    0x080001aa   0x080001aa   0x00000000   Code   RO         3533    .ARM.Collect$$libshutdown$$0000000C  c_w.l(libshutdown2.o)
    0x080001aa   0x080001aa   0x00000000   Code   RO         3535    .ARM.Collect$$libshutdown$$0000000E  c_w.l(libshutdown2.o)
    0x080001aa   0x080001aa   0x00000000   Code   RO         3538    .ARM.Collect$$libshutdown$$00000011  c_w.l(libshutdown2.o)
    0x080001aa   0x080001aa   0x00000002   Code   RO         3539    .ARM.Collect$$libshutdown$$00000012  c_w.l(libshutdown2.o)
    0x080001ac   0x080001ac   0x00000000   Code   RO         3415    .ARM.Collect$$rtentry$$00000000  c_w.l(__rtentry.o)
    0x080001ac   0x080001ac   0x00000000   Code   RO         3417    .ARM.Collect$$rtentry$$00000002  c_w.l(__rtentry2.o)
    0x080001ac   0x080001ac   0x00000006   Code   RO         3429    .ARM.Collect$$rtentry$$00000004  c_w.l(__rtentry4.o)
    0x080001b2   0x080001b2   0x00000000   Code   RO         3419    .ARM.Collect$$rtentry$$00000009  c_w.l(__rtentry2.o)
    0x080001b2   0x080001b2   0x00000004   Code   RO         3420    .ARM.Collect$$rtentry$$0000000A  c_w.l(__rtentry2.o)
    0x080001b6   0x080001b6   0x00000000   Code   RO         3422    .ARM.Collect$$rtentry$$0000000C  c_w.l(__rtentry2.o)
    0x080001b6   0x080001b6   0x00000008   Code   RO         3423    .ARM.Collect$$rtentry$$0000000D  c_w.l(__rtentry2.o)
    0x080001be   0x080001be   0x00000002   Code   RO         3444    .ARM.Collect$$rtexit$$00000000  c_w.l(rtexit.o)
    0x080001c0   0x080001c0   0x00000000   Code   RO         3492    .ARM.Collect$$rtexit$$00000002  c_w.l(rtexit2.o)
    0x080001c0   0x080001c0   0x00000004   Code   RO         3493    .ARM.Collect$$rtexit$$00000003  c_w.l(rtexit2.o)
    0x080001c4   0x080001c4   0x00000006   Code   RO         3494    .ARM.Collect$$rtexit$$00000004  c_w.l(rtexit2.o)
    0x080001ca   0x080001ca   0x00000002   PAD
    0x080001cc   0x080001cc   0x00000040   Code   RO            4    .text               startup_stm32f103xe.o
    0x0800020c   0x0800020c   0x0000004e   Code   RO         3409    .text               c_w.l(rt_memclr_w.o)
    0x0800025a   0x0800025a   0x00000006   Code   RO         3411    .text               c_w.l(heapauxi.o)
    0x08000260   0x08000260   0x0000004a   Code   RO         3431    .text               c_w.l(sys_stackheap_outer.o)
    0x080002aa   0x080002aa   0x00000012   Code   RO         3433    .text               c_w.l(exit.o)
    0x080002bc   0x080002bc   0x00000008   Code   RO         3441    .text               c_w.l(libspace.o)
    0x080002c4   0x080002c4   0x0000000c   Code   RO         3502    .text               c_w.l(sys_exit.o)
    0x080002d0   0x080002d0   0x00000002   Code   RO         3513    .text               c_w.l(use_no_semi.o)
    0x080002d2   0x080002d2   0x00000000   Code   RO         3515    .text               c_w.l(indicate_semi.o)
    0x080002d2   0x080002d2   0x00000064   Code   RO         3367    i.Big_Fu_info_Init  flag_state.o
    0x08000336   0x08000336   0x00000002   PAD
    0x08000338   0x08000338   0x00000024   Code   RO         3323    i.Board_Info_Tx     can_protocal.o
    0x0800035c   0x0800035c   0x00000024   Code   RO         3209    i.Board_RX          can_receive.o
    0x08000380   0x08000380   0x0000005c   Code   RO         3176    i.Board_Tx          can_send.o
    0x080003dc   0x080003dc   0x00000002   Code   RO          359    i.BusFault_Handler  stm32f1xx_it.o
    0x080003de   0x080003de   0x00000002   PAD
    0x080003e0   0x080003e0   0x0000003c   Code   RO         3210    i.CAN1_Init         can_receive.o
    0x0800041c   0x0800041c   0x0000000c   Code   RO          360    i.CAN1_RX1_IRQHandler  stm32f1xx_it.o
    0x08000428   0x08000428   0x0000000c   Code   RO         3324    i.CAN1_rxDataHandler  can_protocal.o
    0x08000434   0x08000434   0x0000000c   Code   RO          361    i.DMA1_Channel1_IRQHandler  stm32f1xx_it.o
    0x08000440   0x08000440   0x0000000c   Code   RO          362    i.DMA1_Channel2_IRQHandler  stm32f1xx_it.o
    0x0800044c   0x0800044c   0x0000000c   Code   RO          363    i.DMA1_Channel3_IRQHandler  stm32f1xx_it.o
    0x08000458   0x08000458   0x0000000c   Code   RO          364    i.DMA1_Channel5_IRQHandler  stm32f1xx_it.o
    0x08000464   0x08000464   0x0000000c   Code   RO          365    i.DMA1_Channel6_IRQHandler  stm32f1xx_it.o
    0x08000470   0x08000470   0x0000000c   Code   RO          366    i.DMA1_Channel7_IRQHandler  stm32f1xx_it.o
    0x0800047c   0x0800047c   0x0000002a   Code   RO         1235    i.DMA_SetConfig     stm32f1xx_hal_dma.o
    0x080004a6   0x080004a6   0x00000002   Code   RO          367    i.DebugMon_Handler  stm32f1xx_it.o
    0x080004a8   0x080004a8   0x00000004   Code   RO           13    i.Error_Handler     main.o
    0x080004ac   0x080004ac   0x00000024   Code   RO          622    i.HAL_CAN_ActivateNotification  stm32f1xx_hal_can.o
    0x080004d0   0x080004d0   0x000000d0   Code   RO          623    i.HAL_CAN_AddTxMessage  stm32f1xx_hal_can.o
    0x080005a0   0x080005a0   0x000000ee   Code   RO          624    i.HAL_CAN_ConfigFilter  stm32f1xx_hal_can.o
    0x0800068e   0x0800068e   0x00000002   Code   RO          627    i.HAL_CAN_ErrorCallback  stm32f1xx_hal_can.o
    0x08000690   0x08000690   0x000000f4   Code   RO          630    i.HAL_CAN_GetRxMessage  stm32f1xx_hal_can.o
    0x08000784   0x08000784   0x000001fc   Code   RO          634    i.HAL_CAN_IRQHandler  stm32f1xx_hal_can.o
    0x08000980   0x08000980   0x0000011a   Code   RO          635    i.HAL_CAN_Init      stm32f1xx_hal_can.o
    0x08000a9a   0x08000a9a   0x00000002   PAD
    0x08000a9c   0x08000a9c   0x0000008c   Code   RO          216    i.HAL_CAN_MspInit   can.o
    0x08000b28   0x08000b28   0x00000002   Code   RO          642    i.HAL_CAN_RxFifo0FullCallback  stm32f1xx_hal_can.o
    0x08000b2a   0x08000b2a   0x00000002   PAD
    0x08000b2c   0x08000b2c   0x0000002c   Code   RO         3212    i.HAL_CAN_RxFifo0MsgPendingCallback  can_receive.o
    0x08000b58   0x08000b58   0x00000002   Code   RO          644    i.HAL_CAN_RxFifo1FullCallback  stm32f1xx_hal_can.o
    0x08000b5a   0x08000b5a   0x00000002   Code   RO          645    i.HAL_CAN_RxFifo1MsgPendingCallback  stm32f1xx_hal_can.o
    0x08000b5c   0x08000b5c   0x00000002   Code   RO          646    i.HAL_CAN_SleepCallback  stm32f1xx_hal_can.o
    0x08000b5e   0x08000b5e   0x00000002   PAD
    0x08000b60   0x08000b60   0x00000058   Code   RO          647    i.HAL_CAN_Start     stm32f1xx_hal_can.o
    0x08000bb8   0x08000bb8   0x00000002   Code   RO          649    i.HAL_CAN_TxMailbox0AbortCallback  stm32f1xx_hal_can.o
    0x08000bba   0x08000bba   0x00000002   Code   RO          650    i.HAL_CAN_TxMailbox0CompleteCallback  stm32f1xx_hal_can.o
    0x08000bbc   0x08000bbc   0x00000002   Code   RO          651    i.HAL_CAN_TxMailbox1AbortCallback  stm32f1xx_hal_can.o
    0x08000bbe   0x08000bbe   0x00000002   Code   RO          652    i.HAL_CAN_TxMailbox1CompleteCallback  stm32f1xx_hal_can.o
    0x08000bc0   0x08000bc0   0x00000002   Code   RO          653    i.HAL_CAN_TxMailbox2AbortCallback  stm32f1xx_hal_can.o
    0x08000bc2   0x08000bc2   0x00000002   Code   RO          654    i.HAL_CAN_TxMailbox2CompleteCallback  stm32f1xx_hal_can.o
    0x08000bc4   0x08000bc4   0x00000002   Code   RO          656    i.HAL_CAN_WakeUpFromRxMsgCallback  stm32f1xx_hal_can.o
    0x08000bc6   0x08000bc6   0x00000002   PAD
    0x08000bc8   0x08000bc8   0x00000130   Code   RO         1237    i.HAL_DMA_Abort_IT  stm32f1xx_hal_dma.o
    0x08000cf8   0x08000cf8   0x00000248   Code   RO         1241    i.HAL_DMA_IRQHandler  stm32f1xx_hal_dma.o
    0x08000f40   0x08000f40   0x0000007c   Code   RO         1242    i.HAL_DMA_Init      stm32f1xx_hal_dma.o
    0x08000fbc   0x08000fbc   0x00000070   Code   RO         1246    i.HAL_DMA_Start_IT  stm32f1xx_hal_dma.o
    0x0800102c   0x0800102c   0x00000024   Code   RO          862    i.HAL_Delay         stm32f1xx_hal.o
    0x08001050   0x08001050   0x000001f8   Code   RO         1172    i.HAL_GPIO_Init     stm32f1xx_hal_gpio.o
    0x08001248   0x08001248   0x0000000a   Code   RO         1174    i.HAL_GPIO_ReadPin  stm32f1xx_hal_gpio.o
    0x08001252   0x08001252   0x00000002   PAD
    0x08001254   0x08001254   0x0000000c   Code   RO          866    i.HAL_GetTick       stm32f1xx_hal.o
    0x08001260   0x08001260   0x00000010   Code   RO          872    i.HAL_IncTick       stm32f1xx_hal.o
    0x08001270   0x08001270   0x00000024   Code   RO          873    i.HAL_Init          stm32f1xx_hal.o
    0x08001294   0x08001294   0x00000040   Code   RO          874    i.HAL_InitTick      stm32f1xx_hal.o
    0x080012d4   0x080012d4   0x0000003c   Code   RO          483    i.HAL_MspInit       stm32f1xx_hal_msp.o
    0x08001310   0x08001310   0x0000001a   Code   RO         1332    i.HAL_NVIC_EnableIRQ  stm32f1xx_hal_cortex.o
    0x0800132a   0x0800132a   0x00000002   PAD
    0x0800132c   0x0800132c   0x00000040   Code   RO         1338    i.HAL_NVIC_SetPriority  stm32f1xx_hal_cortex.o
    0x0800136c   0x0800136c   0x00000024   Code   RO         1339    i.HAL_NVIC_SetPriorityGrouping  stm32f1xx_hal_cortex.o
    0x08001390   0x08001390   0x0000012c   Code   RO         1030    i.HAL_RCC_ClockConfig  stm32f1xx_hal_rcc.o
    0x080014bc   0x080014bc   0x0000004c   Code   RO         1039    i.HAL_RCC_GetSysClockFreq  stm32f1xx_hal_rcc.o
    0x08001508   0x08001508   0x00000320   Code   RO         1042    i.HAL_RCC_OscConfig  stm32f1xx_hal_rcc.o
    0x08001828   0x08001828   0x00000028   Code   RO         1343    i.HAL_SYSTICK_Config  stm32f1xx_hal_cortex.o
    0x08001850   0x08001850   0x00000054   Code   RO         2541    i.HAL_TIMEx_ConfigBreakDeadTime  stm32f1xx_hal_tim_ex.o
    0x080018a4   0x080018a4   0x0000007c   Code   RO         2557    i.HAL_TIMEx_MasterConfigSynchronization  stm32f1xx_hal_tim_ex.o
    0x08001920   0x08001920   0x0000005a   Code   RO         1834    i.HAL_TIM_Base_Init  stm32f1xx_hal_tim.o
    0x0800197a   0x0800197a   0x00000002   PAD
    0x0800197c   0x0800197c   0x00000120   Code   RO          282    i.HAL_TIM_Base_MspInit  tim.o
    0x08001a9c   0x08001a9c   0x000000dc   Code   RO         1843    i.HAL_TIM_ConfigClockSource  stm32f1xx_hal_tim.o
    0x08001b78   0x08001b78   0x00000002   Code   RO         1864    i.HAL_TIM_ErrorCallback  stm32f1xx_hal_tim.o
    0x08001b7a   0x08001b7a   0x00000002   PAD
    0x08001b7c   0x08001b7c   0x000000d8   Code   RO          283    i.HAL_TIM_MspPostInit  tim.o
    0x08001c54   0x08001c54   0x000000cc   Code   RO         1906    i.HAL_TIM_PWM_ConfigChannel  stm32f1xx_hal_tim.o
    0x08001d20   0x08001d20   0x0000005a   Code   RO         1909    i.HAL_TIM_PWM_Init  stm32f1xx_hal_tim.o
    0x08001d7a   0x08001d7a   0x00000002   PAD
    0x08001d7c   0x08001d7c   0x000000ec   Code   RO          285    i.HAL_TIM_PWM_MspInit  tim.o
    0x08001e68   0x08001e68   0x00000002   Code   RO         2843    i.HAL_TIM_PWM_PulseFinishedCallback  ws2812.o
    0x08001e6a   0x08001e6a   0x00000002   Code   RO         1913    i.HAL_TIM_PWM_PulseFinishedHalfCpltCallback  stm32f1xx_hal_tim.o
    0x08001e6c   0x08001e6c   0x000001ac   Code   RO         1915    i.HAL_TIM_PWM_Start_DMA  stm32f1xx_hal_tim.o
    0x08002018   0x08002018   0x000000cc   Code   RO         1918    i.HAL_TIM_PWM_Stop_DMA  stm32f1xx_hal_tim.o
    0x080020e4   0x080020e4   0x00000002   Code   RO          368    i.HardFault_Handler  stm32f1xx_it.o
    0x080020e6   0x080020e6   0x00000002   PAD
    0x080020e8   0x080020e8   0x00000456   Code   RO         2844    i.LED_Blue_rectangle_current  ws2812.o
    0x0800253e   0x0800253e   0x00000002   PAD
    0x08002540   0x08002540   0x0000044c   Code   RO         2846    i.LED_rectangle_current_REC  ws2812.o
    0x0800298c   0x0800298c   0x0000009c   Code   RO         2847    i.LED_rectangle_current_REC_2  ws2812.o
    0x08002a28   0x08002a28   0x000000c4   Code   RO         2848    i.LED_rectangle_current_REC_XIMIE  ws2812.o
    0x08002aec   0x08002aec   0x00000044   Code   RO          217    i.MX_CAN_Init       can.o
    0x08002b30   0x08002b30   0x0000007c   Code   RO          257    i.MX_DMA_Init       dma.o
    0x08002bac   0x08002bac   0x00000090   Code   RO          191    i.MX_GPIO_Init      gpio.o
    0x08002c3c   0x08002c3c   0x000000dc   Code   RO          286    i.MX_TIM1_Init      tim.o
    0x08002d18   0x08002d18   0x000000a8   Code   RO          287    i.MX_TIM2_Init      tim.o
    0x08002dc0   0x08002dc0   0x00000070   Code   RO          288    i.MX_TIM3_Init      tim.o
    0x08002e30   0x08002e30   0x00000070   Code   RO          289    i.MX_TIM4_Init      tim.o
    0x08002ea0   0x08002ea0   0x00000002   Code   RO          369    i.MemManage_Handler  stm32f1xx_it.o
    0x08002ea2   0x08002ea2   0x00000002   Code   RO          370    i.NMI_Handler       stm32f1xx_it.o
    0x08002ea4   0x08002ea4   0x00000002   Code   RO          371    i.PendSV_Handler    stm32f1xx_it.o
    0x08002ea6   0x08002ea6   0x00000002   Code   RO          372    i.SVC_Handler       stm32f1xx_it.o
    0x08002ea8   0x08002ea8   0x00000004   Code   RO          373    i.SysTick_Handler   stm32f1xx_it.o
    0x08002eac   0x08002eac   0x0000005e   Code   RO           14    i.SystemClock_Config  main.o
    0x08002f0a   0x08002f0a   0x00000002   Code   RO         2806    i.SystemInit        system_stm32f1xx.o
    0x08002f0c   0x08002f0c   0x0000009c   Code   RO         1927    i.TIM_Base_SetConfig  stm32f1xx_hal_tim.o
    0x08002fa8   0x08002fa8   0x0000001a   Code   RO         1928    i.TIM_CCxChannelCmd  stm32f1xx_hal_tim.o
    0x08002fc2   0x08002fc2   0x0000005e   Code   RO         1931    i.TIM_DMADelayPulseCplt  stm32f1xx_hal_tim.o
    0x08003020   0x08003020   0x00000038   Code   RO         1932    i.TIM_DMADelayPulseHalfCplt  stm32f1xx_hal_tim.o
    0x08003058   0x08003058   0x00000054   Code   RO         1933    i.TIM_DMAError      stm32f1xx_hal_tim.o
    0x080030ac   0x080030ac   0x00000014   Code   RO         1938    i.TIM_ETR_SetConfig  stm32f1xx_hal_tim.o
    0x080030c0   0x080030c0   0x00000010   Code   RO         1939    i.TIM_ITRx_SetConfig  stm32f1xx_hal_tim.o
    0x080030d0   0x080030d0   0x00000060   Code   RO         1940    i.TIM_OC1_SetConfig  stm32f1xx_hal_tim.o
    0x08003130   0x08003130   0x0000006c   Code   RO         1941    i.TIM_OC2_SetConfig  stm32f1xx_hal_tim.o
    0x0800319c   0x0800319c   0x00000068   Code   RO         1942    i.TIM_OC3_SetConfig  stm32f1xx_hal_tim.o
    0x08003204   0x08003204   0x00000050   Code   RO         1943    i.TIM_OC4_SetConfig  stm32f1xx_hal_tim.o
    0x08003254   0x08003254   0x00000022   Code   RO         1945    i.TIM_TI1_ConfigInputStage  stm32f1xx_hal_tim.o
    0x08003276   0x08003276   0x00000024   Code   RO         1947    i.TIM_TI2_ConfigInputStage  stm32f1xx_hal_tim.o
    0x0800329a   0x0800329a   0x00000002   PAD
    0x0800329c   0x0800329c   0x0000000c   Code   RO          374    i.USB_LP_CAN1_RX0_IRQHandler  stm32f1xx_it.o
    0x080032a8   0x080032a8   0x00000002   Code   RO          375    i.UsageFault_Handler  stm32f1xx_it.o
    0x080032aa   0x080032aa   0x0000000a   Code   RO         2850    i.WS281x_Color      ws2812.o
    0x080032b4   0x080032b4   0x00000044   Code   RO         2853    i.WS281x_SetPixelRGB_CIR  ws2812.o
    0x080032f8   0x080032f8   0x00000044   Code   RO         2854    i.WS281x_SetPixelRGB_FRAME  ws2812.o
    0x0800333c   0x0800333c   0x00000044   Code   RO         2855    i.WS281x_SetPixelRGB_FRAME_DOWN  ws2812.o
    0x08003380   0x08003380   0x00000044   Code   RO         2856    i.WS281x_SetPixelRGB_FRAME_UP  ws2812.o
    0x080033c4   0x080033c4   0x00000034   Code   RO         2857    i.WS_CloseAll_Circle  ws2812.o
    0x080033f8   0x080033f8   0x00000018   Code   RO         2862    i.WS_Load_Circle    ws2812.o
    0x08003410   0x08003410   0x00000018   Code   RO         2863    i.WS_Load_Frame     ws2812.o
    0x08003428   0x08003428   0x00000018   Code   RO         2864    i.WS_Load_frame_down  ws2812.o
    0x08003440   0x08003440   0x00000018   Code   RO         2865    i.WS_Load_frame_up  ws2812.o
    0x08003458   0x08003458   0x00000018   Code   RO         2866    i.WS_Load_rectangle  ws2812.o
    0x08003470   0x08003470   0x00000028   Code   RO         2867    i.WS_WriteAll_RGB_FRAME  ws2812.o
    0x08003498   0x08003498   0x00000028   Code   RO         2868    i.WS_WriteAll_RGB_FRAME_DOWN  ws2812.o
    0x080034c0   0x080034c0   0x0000002c   Code   RO         2871    i.WS_WriteAll_RGB_FRAME_JINDU  ws2812.o
    0x080034ec   0x080034ec   0x00000028   Code   RO         2872    i.WS_WriteAll_RGB_FRAME_UP  ws2812.o
    0x08003514   0x08003514   0x000000a4   Code   RO         2874    i.WS_WriteAll_RGB_REC  ws2812.o
    0x080035b8   0x080035b8   0x00000130   Code   RO         2877    i.WS_Write_Cross    ws2812.o
    0x080036e8   0x080036e8   0x0000002c   Code   RO         2880    i.WS_Write_RGB_EIGHT_RING  ws2812.o
    0x08003714   0x08003714   0x00000028   Code   RO         2881    i.WS_Write_RGB_FIVE_RING  ws2812.o
    0x0800373c   0x0800373c   0x00000028   Code   RO         2882    i.WS_Write_RGB_FOUR_RING  ws2812.o
    0x08003764   0x08003764   0x0000002e   Code   RO         2883    i.WS_Write_RGB_NINE_RING  ws2812.o
    0x08003792   0x08003792   0x00000028   Code   RO         2884    i.WS_Write_RGB_ONE_RING  ws2812.o
    0x080037ba   0x080037ba   0x00000028   Code   RO         2885    i.WS_Write_RGB_SEVEN_RING  ws2812.o
    0x080037e2   0x080037e2   0x00000028   Code   RO         2886    i.WS_Write_RGB_SIX_RING  ws2812.o
    0x0800380a   0x0800380a   0x0000002c   Code   RO         2887    i.WS_Write_RGB_TEN_RING  ws2812.o
    0x08003836   0x08003836   0x00000028   Code   RO         2888    i.WS_Write_RGB_THREE_RING  ws2812.o
    0x0800385e   0x0800385e   0x00000028   Code   RO         2889    i.WS_Write_RGB_TWO_RING  ws2812.o
    0x08003886   0x08003886   0x00000020   Code   RO         1345    i.__NVIC_SetPriority  stm32f1xx_hal_cortex.o
    0x080038a6   0x080038a6   0x00000002   PAD
    0x080038a8   0x080038a8   0x000001ec   Code   RO         2892    i.arrow_LED_cut_down_rectangle  ws2812.o
    0x08003a94   0x08003a94   0x00000028   Code   RO         3213    i.get_Centrol_measure  can_receive.o
    0x08003abc   0x08003abc   0x00000808   Code   RO           15    i.main              main.o
    0x080042c4   0x080042c4   0x00000012   Data   RO         1043    .constdata          stm32f1xx_hal_rcc.o
    0x080042d6   0x080042d6   0x00000010   Data   RO         2807    .constdata          system_stm32f1xx.o
    0x080042e6   0x080042e6   0x00000002   PAD
    0x080042e8   0x080042e8   0x00000020   Data   RO         3570    Region$$Table       anon$$obj.o


    Execution Region RW_IRAM1 (Exec base: 0x20000000, Load base: 0x08004308, Size: 0x0000af30, Max: 0x0000c000, ABSOLUTE)

    Exec Addr    Load Addr    Size         Type   Attr      Idx    E Section Name        Object

    0x20000000   0x08004308   0x0000000a   Data   RW           19    .data               main.o
    0x2000000a   0x08004312   0x00000002   PAD
    0x2000000c   0x08004314   0x0000000c   Data   RW          880    .data               stm32f1xx_hal.o
    0x20000018   0x08004320   0x00000004   Data   RW         2809    .data               system_stm32f1xx.o
    0x2000001c   0x08004324   0x00000010   Data   RW         2895    .data               ws2812.o
    0x2000002c   0x08004334   0x00000008   Data   RW         3215    .data               can_receive.o
    0x20000034   0x0800433c   0x00000008   Data   RW         3326    .data               can_protocal.o
    0x2000003c        -       0x00000014   Zero   RW           16    .bss                main.o
    0x20000050        -       0x00000028   Zero   RW          218    .bss                can.o
    0x20000078        -       0x000002b8   Zero   RW          290    .bss                tim.o
    0x20000330        -       0x0000a520   Zero   RW         2894    .bss                ws2812.o
    0x2000a850        -       0x00000052   Zero   RW         3214    .bss                can_receive.o
    0x2000a8a2        -       0x00000028   Zero   RW         3325    .bss                can_protocal.o
    0x2000a8ca   0x08004344   0x00000002   PAD
    0x2000a8cc        -       0x00000060   Zero   RW         3442    .bss                c_w.l(libspace.o)
    0x2000a92c   0x08004344   0x00000004   PAD
    0x2000a930        -       0x00000200   Zero   RW            2    HEAP                startup_stm32f103xe.o
    0x2000ab30        -       0x00000400   Zero   RW            1    STACK               startup_stm32f103xe.o


==============================================================================

Image component sizes


      Code (inc. data)   RO Data    RW Data    ZI Data      Debug   Object Name

       208         20          0          0         40       1855   can.o
        48         16          0          8         40       2449   can_protocal.o
       180         28          0          8         82     404709   can_receive.o
        92          6          0          0          0       1916   can_send.o
       124          4          0          0          0        894   dma.o
       100          0          0          0          0       2916   flag_state.o
       144         14          0          0          0       1059   gpio.o
      2154         40          0         10         20     493367   main.o
        64         26        304          0       1536        824   startup_stm32f103xe.o
       164         28          0         12          0       6605   stm32f1xx_hal.o
      1628          0          0          0          0      13931   stm32f1xx_hal_can.o
       198         14          0          0          0      29019   stm32f1xx_hal_cortex.o
      1166         52          0          0          0       4522   stm32f1xx_hal_dma.o
       514         42          0          0          0       2943   stm32f1xx_hal_gpio.o
         0          0          0          0          0     483252   stm32f1xx_hal_gpio_ex.o
        60          8          0          0          0        974   stm32f1xx_hal_msp.o
      1176         60         18          0          0       4034   stm32f1xx_hal_rcc.o
      2150        100          0          0          0      16664   stm32f1xx_hal_tim.o
       208         20          0          0          0       2180   stm32f1xx_hal_tim_ex.o
       116         48          0          0          0       8291   stm32f1xx_it.o
         2          0         16          4          0       1155   system_stm32f1xx.o
      1352        108          0          0        696       6374   tim.o
      4556        132          0         16      42272      32042   ws2812.o

    ----------------------------------------------------------------------
     16434        766        372         60      44688    1521975   Object Totals
         0          0         32          0          0          0   (incl. Generated)
        30          0          2          2          2          0   (incl. Padding)

    ----------------------------------------------------------------------

      Code (inc. data)   RO Data    RW Data    ZI Data      Debug   Library Member Name

         8          0          0          0          0         68   __main.o
         0          0          0          0          0          0   __rtentry.o
        12          0          0          0          0          0   __rtentry2.o
         6          0          0          0          0          0   __rtentry4.o
        52          8          0          0          0          0   __scatter.o
        26          0          0          0          0          0   __scatter_copy.o
        28          0          0          0          0          0   __scatter_zi.o
        18          0          0          0          0         80   exit.o
         6          0          0          0          0        152   heapauxi.o
         0          0          0          0          0          0   indicate_semi.o
         2          0          0          0          0          0   libinit.o
         2          0          0          0          0          0   libinit2.o
         2          0          0          0          0          0   libshutdown.o
         2          0          0          0          0          0   libshutdown2.o
         8          4          0          0         96         68   libspace.o
        78          0          0          0          0         80   rt_memclr_w.o
         2          0          0          0          0          0   rtexit.o
        10          0          0          0          0          0   rtexit2.o
        12          4          0          0          0         68   sys_exit.o
        74          0          0          0          0         80   sys_stackheap_outer.o
         2          0          0          0          0         68   use_no_semi.o

    ----------------------------------------------------------------------
       354         16          0          0        100        664   Library Totals
         4          0          0          0          4          0   (incl. Padding)

    ----------------------------------------------------------------------

      Code (inc. data)   RO Data    RW Data    ZI Data      Debug   Library Name

       350         16          0          0         96        664   c_w.l

    ----------------------------------------------------------------------
       354         16          0          0        100        664   Library Totals

    ----------------------------------------------------------------------

==============================================================================


      Code (inc. data)   RO Data    RW Data    ZI Data      Debug   

     16788        782        372         60      44788    1515667   Grand Totals
     16788        782        372         60      44788    1515667   ELF Image Totals
     16788        782        372         60          0          0   ROM Totals

==============================================================================

    Total RO  Size (Code + RO Data)                17160 (  16.76kB)
    Total RW  Size (RW Data + ZI Data)             44848 (  43.80kB)
    Total ROM Size (Code + RO Data + RW Data)      17220 (  16.82kB)

==============================================================================

