Component: ARM Compiler 5.06 update 7 (build 960) Tool: armlink [4d3601]

==============================================================================

Section Cross References

    startup_stm32g431xx.o(STACK) refers (Special) to heapauxi.o(.text) for __use_two_region_memory
    startup_stm32g431xx.o(HEAP) refers (Special) to heapauxi.o(.text) for __use_two_region_memory
    startup_stm32g431xx.o(RESET) refers (Special) to heapauxi.o(.text) for __use_two_region_memory
    startup_stm32g431xx.o(RESET) refers to startup_stm32g431xx.o(STACK) for __initial_sp
    startup_stm32g431xx.o(RESET) refers to startup_stm32g431xx.o(.text) for Reset_Handler
    startup_stm32g431xx.o(RESET) refers to stm32g4xx_it.o(i.NMI_Handler) for NMI_Handler
    startup_stm32g431xx.o(RESET) refers to stm32g4xx_it.o(i.HardFault_Handler) for HardFault_Handler
    startup_stm32g431xx.o(RESET) refers to stm32g4xx_it.o(i.MemManage_Handler) for MemManage_Handler
    startup_stm32g431xx.o(RESET) refers to stm32g4xx_it.o(i.BusFault_Handler) for BusFault_Handler
    startup_stm32g431xx.o(RESET) refers to stm32g4xx_it.o(i.UsageFault_Handler) for UsageFault_Handler
    startup_stm32g431xx.o(RESET) refers to stm32g4xx_it.o(i.SVC_Handler) for SVC_Handler
    startup_stm32g431xx.o(RESET) refers to stm32g4xx_it.o(i.DebugMon_Handler) for DebugMon_Handler
    startup_stm32g431xx.o(RESET) refers to stm32g4xx_it.o(i.PendSV_Handler) for PendSV_Handler
    startup_stm32g431xx.o(RESET) refers to stm32g4xx_it.o(i.SysTick_Handler) for SysTick_Handler
    startup_stm32g431xx.o(RESET) refers to stm32g4xx_it.o(i.TIM2_IRQHandler) for TIM2_IRQHandler
    startup_stm32g431xx.o(RESET) refers to stm32g4xx_it.o(i.TIM3_IRQHandler) for TIM3_IRQHandler
    startup_stm32g431xx.o(.text) refers (Special) to heapauxi.o(.text) for __use_two_region_memory
    startup_stm32g431xx.o(.text) refers to system_stm32g4xx.o(i.SystemInit) for SystemInit
    startup_stm32g431xx.o(.text) refers to __main.o(!!!main) for __main
    startup_stm32g431xx.o(.text) refers to startup_stm32g431xx.o(HEAP) for Heap_Mem
    startup_stm32g431xx.o(.text) refers to startup_stm32g431xx.o(STACK) for Stack_Mem
    main.o(i.SystemClock_Config) refers to rt_memclr_w.o(.text) for __aeabi_memclr4
    main.o(i.SystemClock_Config) refers to stm32g4xx_hal_pwr_ex.o(i.HAL_PWREx_ControlVoltageScaling) for HAL_PWREx_ControlVoltageScaling
    main.o(i.SystemClock_Config) refers to stm32g4xx_hal_rcc.o(i.HAL_RCC_OscConfig) for HAL_RCC_OscConfig
    main.o(i.SystemClock_Config) refers to stm32g4xx_hal_rcc.o(i.HAL_RCC_ClockConfig) for HAL_RCC_ClockConfig
    main.o(i.main) refers to stm32g4xx_hal.o(i.HAL_Init) for HAL_Init
    main.o(i.main) refers to main.o(i.SystemClock_Config) for SystemClock_Config
    main.o(i.main) refers to gpio.o(i.MX_GPIO_Init) for MX_GPIO_Init
    main.o(i.main) refers to adc.o(i.MX_ADC1_Init) for MX_ADC1_Init
    main.o(i.main) refers to adc.o(i.MX_ADC2_Init) for MX_ADC2_Init
    main.o(i.main) refers to tim.o(i.MX_TIM2_Init) for MX_TIM2_Init
    main.o(i.main) refers to tim.o(i.MX_TIM17_Init) for MX_TIM17_Init
    main.o(i.main) refers to tim.o(i.MX_TIM3_Init) for MX_TIM3_Init
    main.o(i.main) refers to lcd.o(i.LCD_Init) for LCD_Init
    main.o(i.main) refers to lcd.o(i.LCD_Clear) for LCD_Clear
    main.o(i.main) refers to lcd.o(i.LCD_SetBackColor) for LCD_SetBackColor
    main.o(i.main) refers to lcd.o(i.LCD_SetTextColor) for LCD_SetTextColor
    main.o(i.main) refers to stm32g4xx_hal_adc_ex.o(i.HAL_ADCEx_Calibration_Start) for HAL_ADCEx_Calibration_Start
    main.o(i.main) refers to stm32g4xx_hal_tim.o(i.HAL_TIM_PWM_Start) for HAL_TIM_PWM_Start
    main.o(i.main) refers to stm32g4xx_hal_tim.o(i.HAL_TIM_IC_Start_IT) for HAL_TIM_IC_Start_IT
    main.o(i.main) refers to stm32g4xx_hal_tim.o(i.HAL_TIM_Base_Start_IT) for HAL_TIM_Base_Start_IT
    main.o(i.main) refers to fun.o(i.main_pros) for main_pros
    main.o(i.main) refers to adc.o(.bss) for hadc1
    main.o(i.main) refers to tim.o(.bss) for htim17
    gpio.o(i.MX_GPIO_Init) refers to rt_memclr_w.o(.text) for __aeabi_memclr4
    gpio.o(i.MX_GPIO_Init) refers to stm32g4xx_hal_gpio.o(i.HAL_GPIO_WritePin) for HAL_GPIO_WritePin
    gpio.o(i.MX_GPIO_Init) refers to stm32g4xx_hal_gpio.o(i.HAL_GPIO_Init) for HAL_GPIO_Init
    adc.o(i.HAL_ADC_MspDeInit) refers to stm32g4xx_hal_gpio.o(i.HAL_GPIO_DeInit) for HAL_GPIO_DeInit
    adc.o(i.HAL_ADC_MspDeInit) refers to adc.o(.data) for .data
    adc.o(i.HAL_ADC_MspInit) refers to rt_memclr_w.o(.text) for __aeabi_memclr4
    adc.o(i.HAL_ADC_MspInit) refers to stm32g4xx_hal_rcc_ex.o(i.HAL_RCCEx_PeriphCLKConfig) for HAL_RCCEx_PeriphCLKConfig
    adc.o(i.HAL_ADC_MspInit) refers to main.o(i.Error_Handler) for Error_Handler
    adc.o(i.HAL_ADC_MspInit) refers to stm32g4xx_hal_gpio.o(i.HAL_GPIO_Init) for HAL_GPIO_Init
    adc.o(i.HAL_ADC_MspInit) refers to adc.o(.data) for .data
    adc.o(i.MX_ADC1_Init) refers to rt_memclr_w.o(.text) for __aeabi_memclr4
[...]
    i.LCD_BusOut                             0x080029fc   Section        0  lcd.o(i.LCD_BusOut)
    i.LCD_Clear                              0x08002a2c   Section        0  lcd.o(i.LCD_Clear)
    i.LCD_ClearLine                          0x08002a60   Section        0  lcd.o(i.LCD_ClearLine)
    i.LCD_CtrlLinesConfig                    0x08002a80   Section        0  lcd.o(i.LCD_CtrlLinesConfig)
    i.LCD_DisplayChar                        0x08002b10   Section        0  lcd.o(i.LCD_DisplayChar)
    i.LCD_DisplayStringLine                  0x08002b28   Section        0  lcd.o(i.LCD_DisplayStringLine)
    i.LCD_DrawChar                           0x08002b54   Section        0  lcd.o(i.LCD_DrawChar)
    i.LCD_Init                               0x08002bac   Section        0  lcd.o(i.LCD_Init)
    i.LCD_ReadReg                            0x08002bec   Section        0  lcd.o(i.LCD_ReadReg)
    i.LCD_SetBackColor                       0x08002c6c   Section        0  lcd.o(i.LCD_SetBackColor)
    i.LCD_SetCursor                          0x08002c7c   Section        0  lcd.o(i.LCD_SetCursor)
    i.LCD_SetTextColor                       0x08002c94   Section        0  lcd.o(i.LCD_SetTextColor)
    i.LCD_WriteRAM                           0x08002ca4   Section        0  lcd.o(i.LCD_WriteRAM)
    i.LCD_WriteRAM_Prepare                   0x08002cfc   Section        0  lcd.o(i.LCD_WriteRAM_Prepare)
    i.LCD_WriteReg                           0x08002d58   Section        0  lcd.o(i.LCD_WriteReg)
    i.LL_ADC_GetOffsetChannel                0x08002dc4   Section        0  stm32g4xx_hal_adc.o(i.LL_ADC_GetOffsetChannel)
    LL_ADC_GetOffsetChannel                  0x08002dc5   Thumb Code    12  stm32g4xx_hal_adc.o(i.LL_ADC_GetOffsetChannel)
    i.LL_ADC_INJ_IsConversionOngoing         0x08002dd0   Section        0  stm32g4xx_hal_adc.o(i.LL_ADC_INJ_IsConversionOngoing)
    LL_ADC_INJ_IsConversionOngoing           0x08002dd1   Thumb Code     8  stm32g4xx_hal_adc.o(i.LL_ADC_INJ_IsConversionOngoing)
    i.LL_ADC_REG_IsConversionOngoing         0x08002dd8   Section        0  stm32g4xx_hal_adc.o(i.LL_ADC_REG_IsConversionOngoing)
    LL_ADC_REG_IsConversionOngoing           0x08002dd9   Thumb Code     8  stm32g4xx_hal_adc.o(i.LL_ADC_REG_IsConversionOngoing)
    i.LL_ADC_REG_IsConversionOngoing         0x08002de0   Section        0  stm32g4xx_hal_adc_ex.o(i.LL_ADC_REG_IsConversionOngoing)
    LL_ADC_REG_IsConversionOngoing           0x08002de1   Thumb Code     8  stm32g4xx_hal_adc_ex.o(i.LL_ADC_REG_IsConversionOngoing)
    i.LL_ADC_SetChannelSamplingTime          0x08002de8   Section        0  stm32g4xx_hal_adc.o(i.LL_ADC_SetChannelSamplingTime)
    LL_ADC_SetChannelSamplingTime            0x08002de9   Thumb Code    30  stm32g4xx_hal_adc.o(i.LL_ADC_SetChannelSamplingTime)
    i.LL_ADC_SetOffsetState                  0x08002e06   Section        0  stm32g4xx_hal_adc.o(i.LL_ADC_SetOffsetState)
    LL_ADC_SetOffsetState                    0x08002e07   Thumb Code    16  stm32g4xx_hal_adc.o(i.LL_ADC_SetOffsetState)
    i.MX_ADC1_Init                           0x08002e18   Section        0  adc.o(i.MX_ADC1_Init)
    i.MX_ADC2_Init                           0x08002ea8   Section        0  adc.o(i.MX_ADC2_Init)
    i.MX_GPIO_Init                           0x08002f24   Section        0  gpio.o(i.MX_GPIO_Init)
    i.MX_TIM17_Init                          0x08002ff8   Section        0  tim.o(i.MX_TIM17_Init)
    i.MX_TIM2_Init                           0x08003090   Section        0  tim.o(i.MX_TIM2_Init)
    i.MX_TIM3_Init                           0x08003124   Section        0  tim.o(i.MX_TIM3_Init)
    i.MemManage_Handler                      0x08003190   Section        0  stm32g4xx_it.o(i.MemManage_Handler)
    i.NMI_Handler                            0x08003192   Section        0  stm32g4xx_it.o(i.NMI_Handler)
    i.PendSV_Handler                         0x08003194   Section        0  stm32g4xx_it.o(i.PendSV_Handler)
    i.REG_8230_Init                          0x08003196   Section        0  lcd.o(i.REG_8230_Init)
    i.REG_932X_Init                          0x080032a8   Section        0  lcd.o(i.REG_932X_Init)
    i.SVC_Handler                            0x080034aa   Section        0  stm32g4xx_it.o(i.SVC_Handler)
    i.SysTick_Handler                        0x080034ac   Section        0  stm32g4xx_it.o(i.SysTick_Handler)
    i.SystemClock_Config                     0x080034b0   Section        0  main.o(i.SystemClock_Config)
    i.SystemInit                             0x08003518   Section        0  system_stm32g4xx.o(i.SystemInit)
    i.TIM2_IRQHandler                        0x08003534   Section        0  stm32g4xx_it.o(i.TIM2_IRQHandler)
    i.TIM3_IRQHandler                        0x08003540   Section        0  stm32g4xx_it.o(i.TIM3_IRQHandler)
    i.TIM_Base_SetConfig                     0x0800354c   Section        0  stm32g4xx_hal_tim.o(i.TIM_Base_SetConfig)
    i.TIM_CCxChannelCmd                      0x080035fc   Section        0  stm32g4xx_hal_tim.o(i.TIM_CCxChannelCmd)
    i.TIM_ETR_SetConfig                      0x08003616   Section        0  stm32g4xx_hal_tim.o(i.TIM_ETR_SetConfig)
    i.TIM_ITRx_SetConfig                     0x0800362c   Section        0  stm32g4xx_hal_tim.o(i.TIM_ITRx_SetConfig)
    TIM_ITRx_SetConfig                       0x0800362d   Thumb Code    16  stm32g4xx_hal_tim.o(i.TIM_ITRx_SetConfig)
    i.TIM_OC1_SetConfig                      0x08003640   Section        0  stm32g4xx_hal_tim.o(i.TIM_OC1_SetConfig)
    TIM_OC1_SetConfig                        0x08003641   Thumb Code   132  stm32g4xx_hal_tim.o(i.TIM_OC1_SetConfig)
    i.TIM_OC2_SetConfig                      0x080036dc   Section        0  stm32g4xx_hal_tim.o(i.TIM_OC2_SetConfig)
    i.TIM_OC3_SetConfig                      0x0800376c   Section        0  stm32g4xx_hal_tim.o(i.TIM_OC3_SetConfig)
    TIM_OC3_SetConfig                        0x0800376d   Thumb Code   118  stm32g4xx_hal_tim.o(i.TIM_OC3_SetConfig)
    i.TIM_OC4_SetConfig                      0x080037fc   Section        0  stm32g4xx_hal_tim.o(i.TIM_OC4_SetConfig)
    TIM_OC4_SetConfig                        0x080037fd   Thumb Code   120  stm32g4xx_hal_tim.o(i.TIM_OC4_SetConfig)
    i.TIM_OC5_SetConfig                      0x0800388c   Section        0  stm32g4xx_hal_tim.o(i.TIM_OC5_SetConfig)
    TIM_OC5_SetConfig                        0x0800388d   Thumb Code    86  stm32g4xx_hal_tim.o(i.TIM_OC5_SetConfig)
    i.TIM_OC6_SetConfig                      0x080038fc   Section        0  stm32g4xx_hal_tim.o(i.TIM_OC6_SetConfig)
    TIM_OC6_SetConfig                        0x080038fd   Thumb Code    88  stm32g4xx_hal_tim.o(i.TIM_OC6_SetConfig)
    i.TIM_TI1_ConfigInputStage               0x0800396c   Section        0  stm32g4xx_hal_tim.o(i.TIM_TI1_ConfigInputStage)
    TIM_TI1_ConfigInputStage                 0x0800396d   Thumb Code    34  stm32g4xx_hal_tim.o(i.TIM_TI1_ConfigInputStage)
    i.TIM_TI1_SetConfig                      0x08003990   Section        0  stm32g4xx_hal_tim.o(i.TIM_TI1_SetConfig)
    i.TIM_TI2_ConfigInputStage               0x080039fc   Section        0  stm32g4xx_hal_tim.o(i.TIM_TI2_ConfigInputStage)
    TIM_TI2_ConfigInputStage                 0x080039fd   Thumb Code    36  stm32g4xx_hal_tim.o(i.TIM_TI2_ConfigInputStage)
    i.TIM_TI2_SetConfig                      0x08003a20   Section        0  stm32g4xx_hal_tim.o(i.TIM_TI2_SetConfig)
    TIM_TI2_SetConfig                        0x08003a21   Thumb Code    54  stm32g4xx_hal_tim.o(i.TIM_TI2_SetConfig)
    i.UsageFault_Handler                     0x08003a56   Section        0  stm32g4xx_it.o(i.UsageFault_Handler)
    i.__ARM_fpclassify                       0x08003a58   Section        0  fpclassify.o(i.__ARM_fpclassify)
    i.__NVIC_SetPriority                     0x08003a88   Section        0  stm32g4xx_hal_cortex.o(i.__NVIC_SetPriority)
    __NVIC_SetPriority                       0x08003a89   Thumb Code    32  stm32g4xx_hal_cortex.o(i.__NVIC_SetPriority)
    i.__hardfp_pow                           0x08003aa8   Section        0  pow.o(i.__hardfp_pow)
    i.__kernel_poly                          0x080046f8   Section        0  poly.o(i.__kernel_poly)
    i.__mathlib_dbl_divzero                  0x080047f0   Section        0  dunder.o(i.__mathlib_dbl_divzero)
    i.__mathlib_dbl_infnan2                  0x08004820   Section        0  dunder.o(i.__mathlib_dbl_infnan2)
    i.__mathlib_dbl_invalid                  0x08004838   Section        0  dunder.o(i.__mathlib_dbl_invalid)
    i.__mathlib_dbl_overflow                 0x08004858   Section        0  dunder.o(i.__mathlib_dbl_overflow)
    i.__mathlib_dbl_underflow                0x08004878   Section        0  dunder.o(i.__mathlib_dbl_underflow)
    i._is_digit                              0x08004898   Section        0  __printf_wp.o(i._is_digit)
    i.adc_read                               0x080048a8   Section        0  fun.o(i.adc_read)
    i.data_proc                              0x080048e8   Section        0  fun.o(i.data_proc)
    i.fabs                                   0x08004aa4   Section        0  fabs.o(i.fabs)
    i.key_scan                               0x08004abc   Section        0  fun.o(i.key_scan)
    i.lcd_show                               0x08004cd0   Section        0  fun.o(i.lcd_show)
    i.led_show                               0x08004f98   Section        0  fun.o(i.led_show)
    i.main                                   0x08004fdc   Section        0  main.o(i.main)
    i.main_pros                              0x08005060   Section        0  fun.o(i.main_pros)
    i.sqrt                                   0x080050ac   Section        0  sqrt.o(i.sqrt)
    x$fpl$basic                              0x0800511a   Section       24  basic.o(x$fpl$basic)
    $v0                                      0x0800511a   Number         0  basic.o(x$fpl$basic)
    x$fpl$dadd                               0x08005134   Section      336  daddsub_clz.o(x$fpl$dadd)
    $v0                                      0x08005134   Number         0  daddsub_clz.o(x$fpl$dadd)
    _dadd1                                   0x08005145   Thumb Code     0  daddsub_clz.o(x$fpl$dadd)
    x$fpl$dcheck1                            0x08005284   Section       16  dcheck1.o(x$fpl$dcheck1)
    $v0                                      0x08005284   Number         0  dcheck1.o(x$fpl$dcheck1)
    x$fpl$dcmpinf                            0x08005294   Section       24  dcmpi.o(x$fpl$dcmpinf)
    $v0                                      0x08005294   Number         0  dcmpi.o(x$fpl$dcmpinf)
    x$fpl$ddiv                               0x080052ac   Section      688  ddiv.o(x$fpl$ddiv)
    $v0                                      0x080052ac   Number         0  ddiv.o(x$fpl$ddiv)
    ddiv_entry                               0x080052b3   Thumb Code     0  ddiv.o(x$fpl$ddiv)
    x$fpl$dfix                               0x0800555c   Section       94  dfix.o(x$fpl$dfix)
    $v0                                      0x0800555c   Number         0  dfix.o(x$fpl$dfix)
    x$fpl$dflt                               0x080055ba   Section       46  dflt_clz.o(x$fpl$dflt)
    $v0                                      0x080055ba   Number         0  dflt_clz.o(x$fpl$dflt)
    x$fpl$dfltu                              0x080055e8   Section       38  dflt_clz.o(x$fpl$dfltu)
    $v0                                      0x080055e8   Number         0  dflt_clz.o(x$fpl$dfltu)
    x$fpl$dleqf                              0x08005610   Section      120  dleqf.o(x$fpl$dleqf)
    $v0                                      0x08005610   Number         0  dleqf.o(x$fpl$dleqf)
    x$fpl$dmul                               0x08005688   Section      340  dmul.o(x$fpl$dmul)
    $v0                                      0x08005688   Number         0  dmul.o(x$fpl$dmul)
    x$fpl$dnaninf                            0x080057dc   Section      156  dnaninf.o(x$fpl$dnaninf)
    $v0                                      0x080057dc   Number         0  dnaninf.o(x$fpl$dnaninf)
    x$fpl$dretinf                            0x08005878   Section       12  dretinf.o(x$fpl$dretinf)
    $v0                                      0x08005878   Number         0  dretinf.o(x$fpl$dretinf)
    x$fpl$drleqf                             0x08005884   Section      108  drleqf.o(x$fpl$drleqf)
    $v0                                      0x08005884   Number         0  drleqf.o(x$fpl$drleqf)
    x$fpl$drsb                               0x080058f0   Section       22  daddsub_clz.o(x$fpl$drsb)
    $v0                                      0x080058f0   Number         0  daddsub_clz.o(x$fpl$drsb)
    x$fpl$dsqrt                              0x08005908   Section      408  dsqrt_umaal.o(x$fpl$dsqrt)
    $v0                                      0x08005908   Number         0  dsqrt_umaal.o(x$fpl$dsqrt)
    x$fpl$dsub                               0x08005aa0   Section      468  daddsub_clz.o(x$fpl$dsub)
    $v0                                      0x08005aa0   Number         0  daddsub_clz.o(x$fpl$dsub)
    _dsub1                                   0x08005ab1   Thumb Code     0  daddsub_clz.o(x$fpl$dsub)
    x$fpl$fpinit                             0x08005c74   Section       10  fpinit.o(x$fpl$fpinit)
    $v0                                      0x08005c74   Number         0  fpinit.o(x$fpl$fpinit)
    x$fpl$retnan                             0x08005c7e   Section      100  retnan.o(x$fpl$retnan)
    $v0                                      0x08005c7e   Number         0  retnan.o(x$fpl$retnan)
    x$fpl$scalbn                             0x08005ce2   Section       92  scalbn.o(x$fpl$scalbn)
    $v0                                      0x08005ce2   Number         0  scalbn.o(x$fpl$scalbn)
    x$fpl$trapveneer                         0x08005d3e   Section       48  trapv.o(x$fpl$trapveneer)
    $v0                                      0x08005d3e   Number         0  trapv.o(x$fpl$trapveneer)
    .constdata                               0x08005d6e   Section       16  system_stm32g4xx.o(.constdata)
    x$fpl$usenofp                            0x08005d6e   Section        0  usenofp.o(x$fpl$usenofp)
    .constdata                               0x08005d7e   Section     4560  lcd.o(.constdata)
    .constdata                               0x08006f4e   Section       17  __printf_flags_wp.o(.constdata)
    maptable                                 0x08006f4e   Data          17  __printf_flags_wp.o(.constdata)
    .constdata                               0x08006f60   Section      136  pow.o(.constdata)
    bp                                       0x08006f60   Data          16  pow.o(.constdata)
    dp_h                                     0x08006f70   Data          16  pow.o(.constdata)
    dp_l                                     0x08006f80   Data          16  pow.o(.constdata)
    L                                        0x08006f90   Data          48  pow.o(.constdata)
    P                                        0x08006fc0   Data          40  pow.o(.constdata)
    .constdata                               0x08006fe8   Section        8  qnan.o(.constdata)
    .data                                    0x20000000   Section        4  adc.o(.data)
    HAL_RCC_ADC12_CLK_ENABLED                0x20000000   Data           4  adc.o(.data)
    .data                                    0x20000004   Section       12  stm32g4xx_hal.o(.data)
    .data                                    0x20000010   Section        4  system_stm32g4xx.o(.data)
    .data                                    0x20000018   Section      112  fun.o(.data)
    .data                                    0x20000088   Section        6  lcd.o(.data)
    TextColor                                0x20000088   Data           2  lcd.o(.data)
    BackColor                                0x2000008a   Data           2  lcd.o(.data)
    .bss                                     0x20000090   Section      216  adc.o(.bss)
    .bss                                     0x20000168   Section      228  tim.o(.bss)
    .bss                                     0x2000024c   Section       20  fun.o(.bss)
    .bss                                     0x20000260   Section       96  libspace.o(.bss)
    HEAP                                     0x200002c0   Section      512  startup_stm32g431xx.o(HEAP)
    Heap_Mem                                 0x200002c0   Data         512  startup_stm32g431xx.o(HEAP)
    STACK                                    0x200004c0   Section     1024  startup_stm32g431xx.o(STACK)
    Stack_Mem                                0x200004c0   Data        1024  startup_stm32g431xx.o(STACK)
    __initial_sp                             0x200008c0   Data           0  startup_stm32g431xx.o(STACK)

    Global Symbols

    Symbol Name                              Value     Ov Type        Size  Object(Section)

    BuildAttributes$$THM_ISAv4$E$P$D$K$B$S$7EM$VFPi3$EXTD16$VFPS$VFMA$PE$A:L22UL41UL21$X:L11$S22US41US21$IEEE1$IW$USESV6$~STKCKD$USESV7$~SHL$OTIME$ROPI$IEEEX$EBA8$UX$STANDARDLIB$REQ8$PRES8$EABIv2 0x00000000   Number         0  anon$$obj.o ABSOLUTE
    __ARM_use_no_argv                        0x00000000   Number         0  main.o ABSOLUTE
    _printf_flags                            0x00000000   Number         0  printf_stubs.o ABSOLUTE
    _printf_return_value                     0x00000000   Number         0  printf_stubs.o ABSOLUTE
    _printf_sizespec                         0x00000000   Number         0  printf_stubs.o ABSOLUTE
    _printf_widthprec                        0x00000000   Number         0  printf_stubs.o ABSOLUTE
    __ARM_exceptions_init                     - Undefined Weak Reference
    __alloca_initialize                       - Undefined Weak Reference
    __arm_fini_                               - Undefined Weak Reference
    __arm_preinit_                            - Undefined Weak Reference
    __cpp_initialize__aeabi_                  - Undefined Weak Reference
    __cxa_finalize                            - Undefined Weak Reference
    __rt_locale                               - Undefined Weak Reference
    __sigvec_lookup                           - Undefined Weak Reference
    _atexit_init                              - Undefined Weak Reference
    _call_atexit_fns                          - Undefined Weak Reference
    _clock_init                               - Undefined Weak Reference
    _fp_trap_init                             - Undefined Weak Reference
    _fp_trap_shutdown                         - Undefined Weak Reference
    _get_lc_collate                           - Undefined Weak Reference
    _get_lc_ctype                             - Undefined Weak Reference
    _get_lc_monetary                          - Undefined Weak Reference
    _get_lc_numeric                           - Undefined Weak Reference
    _get_lc_time                              - Undefined Weak Reference
    _getenv_init                              - Undefined Weak Reference
    _handle_redirection                       - Undefined Weak Reference
    _init_alloc                               - Undefined Weak Reference
    _init_user_alloc                          - Undefined Weak Reference
    _initio                                   - Undefined Weak Reference
    _printf_truncate_signed                   - Undefined Weak Reference
    _printf_truncate_unsigned                 - Undefined Weak Reference
    _rand_init                                - Undefined Weak Reference
    _signal_finish                            - Undefined Weak Reference
    _signal_init                              - Undefined Weak Reference
    _terminate_alloc                          - Undefined Weak Reference
    _terminate_user_alloc                     - Undefined Weak Reference
    _terminateio                              - Undefined Weak Reference
    __Vectors_Size                           0x000001d8   Number         0  startup_stm32g431xx.o ABSOLUTE
    __Vectors                                0x08000000   Data           4  startup_stm32g431xx.o(RESET)
    __Vectors_End                            0x080001d8   Data           0  startup_stm32g431xx.o(RESET)
    __main                                   0x080001d9   Thumb Code     8  __main.o(!!!main)
    __scatterload                            0x080001e1   Thumb Code     0  __scatter.o(!!!scatter)
    __scatterload_rt2                        0x080001e1   Thumb Code    44  __scatter.o(!!!scatter)
    __scatterload_rt2_thumb_only             0x080001e1   Thumb Code     0  __scatter.o(!!!scatter)
    __scatterload_null                       0x080001ef   Thumb Code     0  __scatter.o(!!!scatter)
    __scatterload_copy                       0x08000215   Thumb Code    26  __scatter_copy.o(!!handler_copy)
    __scatterload_zeroinit                   0x08000231   Thumb Code    28  __scatter_zi.o(!!handler_zi)
    _printf_d                                0x0800024d   Thumb Code     0  _printf_d.o(.ARM.Collect$$_printf_percent$$00000009)
    _printf_percent                          0x0800024d   Thumb Code     0  _printf_percent.o(.ARM.Collect$$_printf_percent$$00000000)
    _printf_percent_end                      0x08000253   Thumb Code     0  _printf_percent_end.o(.ARM.Collect$$_printf_percent$$00000017)
    __rt_lib_init                            0x08000257   Thumb Code     0  libinit.o(.ARM.Collect$$libinit$$00000000)
    __rt_lib_init_fp_1                       0x08000259   Thumb Code     0  libinit2.o(.ARM.Collect$$libinit$$00000001)
    __rt_lib_init_alloca_1                   0x0800025d   Thumb Code     0  libinit2.o(.ARM.Collect$$libinit$$0000002E)
    __rt_lib_init_argv_1                     0x0800025d   Thumb Code     0  libinit2.o(.ARM.Collect$$libinit$$0000002C)
    __rt_lib_init_atexit_1                   0x0800025d   Thumb Code     0  libinit2.o(.ARM.Collect$$libinit$$0000001B)
    __rt_lib_init_clock_1                    0x0800025d   Thumb Code     0  libinit2.o(.ARM.Collect$$libinit$$00000021)
    __rt_lib_init_cpp_1                      0x0800025d   Thumb Code     0  libinit2.o(.ARM.Collect$$libinit$$00000032)
    __rt_lib_init_exceptions_1               0x0800025d   Thumb Code     0  libinit2.o(.ARM.Collect$$libinit$$00000030)
    __rt_lib_init_fp_trap_1                  0x0800025d   Thumb Code     0  libinit2.o(.ARM.Collect$$libinit$$0000001F)
    __rt_lib_init_getenv_1                   0x0800025d   Thumb Code     0  libinit2.o(.ARM.Collect$$libinit$$00000023)
    __rt_lib_init_heap_1                     0x0800025d   Thumb Code     0  libinit2.o(.ARM.Collect$$libinit$$0000000A)
    __rt_lib_init_lc_collate_1               0x0800025d   Thumb Code     0  libinit2.o(.ARM.Collect$$libinit$$00000011)
    __rt_lib_init_lc_ctype_1                 0x0800025d   Thumb Code     0  libinit2.o(.ARM.Collect$$libinit$$00000013)
    __rt_lib_init_lc_monetary_1              0x0800025d   Thumb Code     0  libinit2.o(.ARM.Collect$$libinit$$00000015)
    __rt_lib_init_lc_numeric_1               0x0800025d   Thumb Code     0  libinit2.o(.ARM.Collect$$libinit$$00000017)
    __rt_lib_init_lc_time_1                  0x0800025d   Thumb Code     0  libinit2.o(.ARM.Collect$$libinit$$00000019)
    __rt_lib_init_preinit_1                  0x0800025d   Thumb Code     0  libinit2.o(.ARM.Collect$$libinit$$00000004)
    __rt_lib_init_rand_1                     0x0800025d   Thumb Code     0  libinit2.o(.ARM.Collect$$libinit$$0000000E)
    __rt_lib_init_return                     0x0800025d   Thumb Code     0  libinit2.o(.ARM.Collect$$libinit$$00000033)
    __rt_lib_init_signal_1                   0x0800025d   Thumb Code     0  libinit2.o(.ARM.Collect$$libinit$$0000001D)
    __rt_lib_init_stdio_1                    0x0800025d   Thumb Code     0  libinit2.o(.ARM.Collect$$libinit$$00000025)
    __rt_lib_init_user_alloc_1               0x0800025d   Thumb Code     0  libinit2.o(.ARM.Collect$$libinit$$0000000C)
    __rt_lib_shutdown                        0x0800025f   Thumb Code     0  libshutdown.o(.ARM.Collect$$libshutdown$$00000000)
    __rt_lib_shutdown_cpp_1                  0x08000261   Thumb Code     0  libshutdown2.o(.ARM.Collect$$libshutdown$$00000004)
    __rt_lib_shutdown_fini_1                 0x08000261   Thumb Code     0  libshutdown2.o(.ARM.Collect$$libshutdown$$00000002)
    __rt_lib_shutdown_fp_trap_1              0x08000261   Thumb Code     0  libshutdown2.o(.ARM.Collect$$libshutdown$$00000009)
    __rt_lib_shutdown_heap_1                 0x08000261   Thumb Code     0  libshutdown2.o(.ARM.Collect$$libshutdown$$00000011)
    __rt_lib_shutdown_return                 0x08000261   Thumb Code     0  libshutdown2.o(.ARM.Collect$$libshutdown$$00000012)
    __rt_lib_shutdown_signal_1               0x08000261   Thumb Code     0  libshutdown2.o(.ARM.Collect$$libshutdown$$0000000C)
    __rt_lib_shutdown_stdio_1                0x08000261   Thumb Code     0  libshutdown2.o(.ARM.Collect$$libshutdown$$00000006)
    __rt_lib_shutdown_user_alloc_1           0x08000261   Thumb Code     0  libshutdown2.o(.ARM.Collect$$libshutdown$$0000000E)
    __rt_entry                               0x08000263   Thumb Code     0  __rtentry.o(.ARM.Collect$$rtentry$$00000000)
    __rt_entry_presh_1                       0x08000263   Thumb Code     0  __rtentry2.o(.ARM.Collect$$rtentry$$00000002)
    __rt_entry_sh                            0x08000263   Thumb Code     0  __rtentry4.o(.ARM.Collect$$rtentry$$00000004)
    __rt_entry_li                            0x08000269   Thumb Code     0  __rtentry2.o(.ARM.Collect$$rtentry$$0000000A)
    __rt_entry_postsh_1                      0x08000269   Thumb Code     0  __rtentry2.o(.ARM.Collect$$rtentry$$00000009)
    __rt_entry_main                          0x0800026d   Thumb Code     0  __rtentry2.o(.ARM.Collect$$rtentry$$0000000D)
    __rt_entry_postli_1                      0x0800026d   Thumb Code     0  __rtentry2.o(.ARM.Collect$$rtentry$$0000000C)
    __rt_exit                                0x08000275   Thumb Code     0  rtexit.o(.ARM.Collect$$rtexit$$00000000)
    __rt_exit_ls                             0x08000277   Thumb Code     0  rtexit2.o(.ARM.Collect$$rtexit$$00000003)
    __rt_exit_prels_1                        0x08000277   Thumb Code     0  rtexit2.o(.ARM.Collect$$rtexit$$00000002)
    __rt_exit_exit                           0x0800027b   Thumb Code     0  rtexit2.o(.ARM.Collect$$rtexit$$00000004)
    Reset_Handler                            0x08000281   Thumb Code     8  startup_stm32g431xx.o(.text)
    ADC1_2_IRQHandler                        0x0800029b   Thumb Code     0  startup_stm32g431xx.o(.text)
    COMP1_2_3_IRQHandler                     0x0800029b   Thumb Code     0  startup_stm32g431xx.o(.text)
    COMP4_IRQHandler                         0x0800029b   Thumb Code     0  startup_stm32g431xx.o(.text)
    CORDIC_IRQHandler                        0x0800029b   Thumb Code     0  startup_stm32g431xx.o(.text)
    CRS_IRQHandler                           0x0800029b   Thumb Code     0  startup_stm32g431xx.o(.text)
    DMA1_Channel1_IRQHandler                 0x0800029b   Thumb Code     0  startup_stm32g431xx.o(.text)
    DMA1_Channel2_IRQHandler                 0x0800029b   Thumb Code     0  startup_stm32g431xx.o(.text)
    DMA1_Channel3_IRQHandler                 0x0800029b   Thumb Code     0  startup_stm32g431xx.o(.text)
    DMA1_Channel4_IRQHandler                 0x0800029b   Thumb Code     0  startup_stm32g431xx.o(.text)
    DMA1_Channel5_IRQHandler                 0x0800029b   Thumb Code     0  startup_stm32g431xx.o(.text)
    DMA1_Channel6_IRQHandler                 0x0800029b   Thumb Code     0  startup_stm32g431xx.o(.text)
    DMA2_Channel1_IRQHandler                 0x0800029b   Thumb Code     0  startup_stm32g431xx.o(.text)
    DMA2_Channel2_IRQHandler                 0x0800029b   Thumb Code     0  startup_stm32g431xx.o(.text)
    DMA2_Channel3_IRQHandler                 0x0800029b   Thumb Code     0  startup_stm32g431xx.o(.text)
    DMA2_Channel4_IRQHandler                 0x0800029b   Thumb Code     0  startup_stm32g431xx.o(.text)
    DMA2_Channel5_IRQHandler                 0x0800029b   Thumb Code     0  startup_stm32g431xx.o(.text)
    DMA2_Channel6_IRQHandler                 0x0800029b   Thumb Code     0  startup_stm32g431xx.o(.text)
    DMAMUX_OVR_IRQHandler                    0x0800029b   Thumb Code     0  startup_stm32g431xx.o(.text)
    EXTI0_IRQHandler                         0x0800029b   Thumb Code     0  startup_stm32g431xx.o(.text)
    EXTI15_10_IRQHandler                     0x0800029b   Thumb Code     0  startup_stm32g431xx.o(.text)
    EXTI1_IRQHandler                         0x0800029b   Thumb Code     0  startup_stm32g431xx.o(.text)
    EXTI2_IRQHandler                         0x0800029b   Thumb Code     0  startup_stm32g431xx.o(.text)
    EXTI3_IRQHandler                         0x0800029b   Thumb Code     0  startup_stm32g431xx.o(.text)
    EXTI4_IRQHandler                         0x0800029b   Thumb Code     0  startup_stm32g431xx.o(.text)
    EXTI9_5_IRQHandler                       0x0800029b   Thumb Code     0  startup_stm32g431xx.o(.text)
    FDCAN1_IT0_IRQHandler                    0x0800029b   Thumb Code     0  startup_stm32g431xx.o(.text)
    FDCAN1_IT1_IRQHandler                    0x0800029b   Thumb Code     0  startup_stm32g431xx.o(.text)
    FLASH_IRQHandler                         0x0800029b   Thumb Code     0  startup_stm32g431xx.o(.text)
    FMAC_IRQHandler                          0x0800029b   Thumb Code     0  startup_stm32g431xx.o(.text)
    FPU_IRQHandler                           0x0800029b   Thumb Code     0  startup_stm32g431xx.o(.text)
    I2C1_ER_IRQHandler                       0x0800029b   Thumb Code     0  startup_stm32g431xx.o(.text)
    I2C1_EV_IRQHandler                       0x0800029b   Thumb Code     0  startup_stm32g431xx.o(.text)
    I2C2_ER_IRQHandler                       0x0800029b   Thumb Code     0  startup_stm32g431xx.o(.text)
    I2C2_EV_IRQHandler                       0x0800029b   Thumb Code     0  startup_stm32g431xx.o(.text)
    I2C3_ER_IRQHandler                       0x0800029b   Thumb Code     0  startup_stm32g431xx.o(.text)
    I2C3_EV_IRQHandler                       0x0800029b   Thumb Code     0  startup_stm32g431xx.o(.text)
    LPTIM1_IRQHandler                        0x0800029b   Thumb Code     0  startup_stm32g431xx.o(.text)
    LPUART1_IRQHandler                       0x0800029b   Thumb Code     0  startup_stm32g431xx.o(.text)
    PVD_PVM_IRQHandler                       0x0800029b   Thumb Code     0  startup_stm32g431xx.o(.text)
    RCC_IRQHandler                           0x0800029b   Thumb Code     0  startup_stm32g431xx.o(.text)
    RNG_IRQHandler                           0x0800029b   Thumb Code     0  startup_stm32g431xx.o(.text)
    RTC_Alarm_IRQHandler                     0x0800029b   Thumb Code     0  startup_stm32g431xx.o(.text)
    RTC_TAMP_LSECSS_IRQHandler               0x0800029b   Thumb Code     0  startup_stm32g431xx.o(.text)
    RTC_WKUP_IRQHandler                      0x0800029b   Thumb Code     0  startup_stm32g431xx.o(.text)
    SAI1_IRQHandler                          0x0800029b   Thumb Code     0  startup_stm32g431xx.o(.text)
    SPI1_IRQHandler                          0x0800029b   Thumb Code     0  startup_stm32g431xx.o(.text)
    SPI2_IRQHandler                          0x0800029b   Thumb Code     0  startup_stm32g431xx.o(.text)
    SPI3_IRQHandler                          0x0800029b   Thumb Code     0  startup_stm32g431xx.o(.text)
    TIM1_BRK_TIM15_IRQHandler                0x0800029b   Thumb Code     0  startup_stm32g431xx.o(.text)
    TIM1_CC_IRQHandler                       0x0800029b   Thumb Code     0  startup_stm32g431xx.o(.text)
    TIM1_TRG_COM_TIM17_IRQHandler            0x0800029b   Thumb Code     0  startup_stm32g431xx.o(.text)
    TIM1_UP_TIM16_IRQHandler                 0x0800029b   Thumb Code     0  startup_stm32g431xx.o(.text)
    TIM4_IRQHandler                          0x0800029b   Thumb Code     0  startup_stm32g431xx.o(.text)
    TIM6_DAC_IRQHandler                      0x0800029b   Thumb Code     0  startup_stm32g431xx.o(.text)
    TIM7_IRQHandler                          0x0800029b   Thumb Code     0  startup_stm32g431xx.o(.text)
    TIM8_BRK_IRQHandler                      0x0800029b   Thumb Code     0  startup_stm32g431xx.o(.text)
    TIM8_CC_IRQHandler                       0x0800029b   Thumb Code     0  startup_stm32g431xx.o(.text)
    TIM8_TRG_COM_IRQHandler                  0x0800029b   Thumb Code     0  startup_stm32g431xx.o(.text)
    TIM8_UP_IRQHandler                       0x0800029b   Thumb Code     0  startup_stm32g431xx.o(.text)
    UART4_IRQHandler                         0x0800029b   Thumb Code     0  startup_stm32g431xx.o(.text)
    UCPD1_IRQHandler                         0x0800029b   Thumb Code     0  startup_stm32g431xx.o(.text)
    USART1_IRQHandler                        0x0800029b   Thumb Code     0  startup_stm32g431xx.o(.text)
    USART2_IRQHandler                        0x0800029b   Thumb Code     0  startup_stm32g431xx.o(.text)
    USART3_IRQHandler                        0x0800029b   Thumb Code     0  startup_stm32g431xx.o(.text)
    USBWakeUp_IRQHandler                     0x0800029b   Thumb Code     0  startup_stm32g431xx.o(.text)
    USB_HP_IRQHandler                        0x0800029b   Thumb Code     0  startup_stm32g431xx.o(.text)
    USB_LP_IRQHandler                        0x0800029b   Thumb Code     0  startup_stm32g431xx.o(.text)
    WWDG_IRQHandler                          0x0800029b   Thumb Code     0  startup_stm32g431xx.o(.text)
    __user_initial_stackheap                 0x0800029d   Thumb Code     0  startup_stm32g431xx.o(.text)
    __2sprintf                               0x080002c1   Thumb Code    34  noretval__2sprintf.o(.text)
    _printf_pre_padding                      0x080002e9   Thumb Code    44  _printf_pad.o(.text)
    _printf_post_padding                     0x08000315   Thumb Code    34  _printf_pad.o(.text)
    _printf_int_dec                          0x08000339   Thumb Code   104  _printf_dec.o(.text)
    __printf                                 0x080003b1   Thumb Code   308  __printf_flags_wp.o(.text)
    __aeabi_memclr4                          0x080004e9   Thumb Code     0  rt_memclr_w.o(.text)
    __aeabi_memclr8                          0x080004e9   Thumb Code     0  rt_memclr_w.o(.text)
    __rt_memclr_w                            0x080004e9   Thumb Code    78  rt_memclr_w.o(.text)
    _memset_w                                0x080004ed   Thumb Code     0  rt_memclr_w.o(.text)
    __use_two_region_memory                  0x08000537   Thumb Code     2  heapauxi.o(.text)
    __rt_heap_escrow$2region                 0x08000539   Thumb Code     2  heapauxi.o(.text)
    __rt_heap_expand$2region                 0x0800053b   Thumb Code     2  heapauxi.o(.text)
    __read_errno                             0x0800053d   Thumb Code    10  _rserrno.o(.text)
    __set_errno                              0x08000547   Thumb Code    12  _rserrno.o(.text)
    _printf_int_common                       0x08000553   Thumb Code   178  _printf_intcommon.o(.text)
    _printf_char_common                      0x0800060f   Thumb Code    32  _printf_char_common.o(.text)
    _sputc                                   0x08000635   Thumb Code    10  _sputc.o(.text)
    __aeabi_errno_addr                       0x08000641   Thumb Code     8  rt_errno_addr_intlibspace.o(.text)
    __errno$intlibspace                      0x08000641   Thumb Code     0  rt_errno_addr_intlibspace.o(.text)
    __rt_errno_addr$intlibspace              0x08000641   Thumb Code     0  rt_errno_addr_intlibspace.o(.text)
    __user_libspace                          0x08000649   Thumb Code     8  libspace.o(.text)
    __user_perproc_libspace                  0x08000649   Thumb Code     0  libspace.o(.text)
    __user_perthread_libspace                0x08000649   Thumb Code     0  libspace.o(.text)
    __user_setup_stackheap                   0x08000651   Thumb Code    74  sys_stackheap_outer.o(.text)
    exit                                     0x0800069b   Thumb Code    18  exit.o(.text)
    _sys_exit                                0x080006ad   Thumb Code     8  sys_exit.o(.text)
    __I$use$semihosting                      0x080006b9   Thumb Code     0  use_no_semi.o(.text)
    __use_no_semihosting_swi                 0x080006b9   Thumb Code     2  use_no_semi.o(.text)
    __semihosting_library_function           0x080006bb   Thumb Code     0  indicate_semi.o(.text)
    ADC_Disable                              0x080006bd   Thumb Code    98  stm32g4xx_hal_adc.o(i.ADC_Disable)
    ADC_Enable                               0x08000725   Thumb Code   100  stm32g4xx_hal_adc.o(i.ADC_Enable)
    BusFault_Handler                         0x0800078d   Thumb Code     2  stm32g4xx_it.o(i.BusFault_Handler)
    DebugMon_Handler                         0x0800078f   Thumb Code     2  stm32g4xx_it.o(i.DebugMon_Handler)
    Delay_LCD                                0x08000791   Thumb Code    28  lcd.o(i.Delay_LCD)
    Error_Handler                            0x080007ad   Thumb Code     4  main.o(i.Error_Handler)
    HAL_ADCEx_Calibration_Start              0x080007b1   Thumb Code   138  stm32g4xx_hal_adc_ex.o(i.HAL_ADCEx_Calibration_Start)
    HAL_ADCEx_MultiModeConfigChannel         0x08000845   Thumb Code   204  stm32g4xx_hal_adc_ex.o(i.HAL_ADCEx_MultiModeConfigChannel)
    HAL_ADC_ConfigChannel                    0x08000919   Thumb Code  1004  stm32g4xx_hal_adc.o(i.HAL_ADC_ConfigChannel)
    HAL_ADC_GetValue                         0x08000d39   Thumb Code     6  stm32g4xx_hal_adc.o(i.HAL_ADC_GetValue)
    HAL_ADC_Init                             0x08000d41   Thumb Code   472  stm32g4xx_hal_adc.o(i.HAL_ADC_Init)
    HAL_ADC_MspInit                          0x08000f39   Thumb Code   210  adc.o(i.HAL_ADC_MspInit)
    HAL_ADC_Start                            0x0800101d   Thumb Code   230  stm32g4xx_hal_adc.o(i.HAL_ADC_Start)
    HAL_Delay                                0x08001111   Thumb Code    32  stm32g4xx_hal.o(i.HAL_Delay)
    HAL_GPIO_Init                            0x08001135   Thumb Code   422  stm32g4xx_hal_gpio.o(i.HAL_GPIO_Init)
    HAL_GPIO_ReadPin                         0x080012fd   Thumb Code    10  stm32g4xx_hal_gpio.o(i.HAL_GPIO_ReadPin)
    HAL_GPIO_WritePin                        0x08001307   Thumb Code    10  stm32g4xx_hal_gpio.o(i.HAL_GPIO_WritePin)
    HAL_GetTick                              0x08001311   Thumb Code     6  stm32g4xx_hal.o(i.HAL_GetTick)
    HAL_IncTick                              0x0800131d   Thumb Code    12  stm32g4xx_hal.o(i.HAL_IncTick)
    HAL_Init                                 0x0800132d   Thumb Code    30  stm32g4xx_hal.o(i.HAL_Init)
    HAL_InitTick                             0x0800134d   Thumb Code    58  stm32g4xx_hal.o(i.HAL_InitTick)
    HAL_MspInit                              0x08001391   Thumb Code    42  stm32g4xx_hal_msp.o(i.HAL_MspInit)
    HAL_NVIC_EnableIRQ                       0x080013c1   Thumb Code    26  stm32g4xx_hal_cortex.o(i.HAL_NVIC_EnableIRQ)
    HAL_NVIC_SetPriority                     0x080013dd   Thumb Code    60  stm32g4xx_hal_cortex.o(i.HAL_NVIC_SetPriority)
    HAL_NVIC_SetPriorityGrouping             0x0800141d   Thumb Code    26  stm32g4xx_hal_cortex.o(i.HAL_NVIC_SetPriorityGrouping)
    HAL_PWREx_ControlVoltageScaling          0x08001441   Thumb Code   174  stm32g4xx_hal_pwr_ex.o(i.HAL_PWREx_ControlVoltageScaling)
    HAL_PWREx_DisableUCPDDeadBattery         0x080014fd   Thumb Code    12  stm32g4xx_hal_pwr_ex.o(i.HAL_PWREx_DisableUCPDDeadBattery)
    HAL_RCCEx_PeriphCLKConfig                0x0800150d   Thumb Code   638  stm32g4xx_hal_rcc_ex.o(i.HAL_RCCEx_PeriphCLKConfig)
    HAL_RCC_ClockConfig                      0x08001795   Thumb Code   444  stm32g4xx_hal_rcc.o(i.HAL_RCC_ClockConfig)
    HAL_RCC_GetSysClockFreq                  0x08001971   Thumb Code    98  stm32g4xx_hal_rcc.o(i.HAL_RCC_GetSysClockFreq)
    HAL_RCC_OscConfig                        0x080019e1   Thumb Code  1036  stm32g4xx_hal_rcc.o(i.HAL_RCC_OscConfig)
    HAL_SYSTICK_Config                       0x08001ded   Thumb Code    40  stm32g4xx_hal_cortex.o(i.HAL_SYSTICK_Config)
    HAL_TIMEx_Break2Callback                 0x08001e15   Thumb Code     2  stm32g4xx_hal_tim_ex.o(i.HAL_TIMEx_Break2Callback)
    HAL_TIMEx_BreakCallback                  0x08001e17   Thumb Code     2  stm32g4xx_hal_tim_ex.o(i.HAL_TIMEx_BreakCallback)
    HAL_TIMEx_CommutCallback                 0x08001e19   Thumb Code     2  stm32g4xx_hal_tim_ex.o(i.HAL_TIMEx_CommutCallback)
    HAL_TIMEx_ConfigBreakDeadTime            0x08001e1d   Thumb Code   164  stm32g4xx_hal_tim_ex.o(i.HAL_TIMEx_ConfigBreakDeadTime)
    HAL_TIMEx_DirectionChangeCallback        0x08001ec9   Thumb Code     2  stm32g4xx_hal_tim_ex.o(i.HAL_TIMEx_DirectionChangeCallback)
    HAL_TIMEx_EncoderIndexCallback           0x08001ecb   Thumb Code     2  stm32g4xx_hal_tim_ex.o(i.HAL_TIMEx_EncoderIndexCallback)
    HAL_TIMEx_IndexErrorCallback             0x08001ecd   Thumb Code     2  stm32g4xx_hal_tim_ex.o(i.HAL_TIMEx_IndexErrorCallback)
    HAL_TIMEx_MasterConfigSynchronization    0x08001ed1   Thumb Code   132  stm32g4xx_hal_tim_ex.o(i.HAL_TIMEx_MasterConfigSynchronization)
    HAL_TIMEx_TransitionErrorCallback        0x08001f6d   Thumb Code     2  stm32g4xx_hal_tim_ex.o(i.HAL_TIMEx_TransitionErrorCallback)
    HAL_TIM_Base_Init                        0x08001f6f   Thumb Code    98  stm32g4xx_hal_tim.o(i.HAL_TIM_Base_Init)
    HAL_TIM_Base_MspInit                     0x08001fd1   Thumb Code   168  tim.o(i.HAL_TIM_Base_MspInit)
    HAL_TIM_Base_Start_IT                    0x08002085   Thumb Code    94  stm32g4xx_hal_tim.o(i.HAL_TIM_Base_Start_IT)
    HAL_TIM_ConfigClockSource                0x080020fd   Thumb Code   240  stm32g4xx_hal_tim.o(i.HAL_TIM_ConfigClockSource)
    HAL_TIM_IC_CaptureCallback               0x080021f5   Thumb Code    30  fun.o(i.HAL_TIM_IC_CaptureCallback)
    HAL_TIM_IC_ConfigChannel                 0x0800221d   Thumb Code   270  stm32g4xx_hal_tim.o(i.HAL_TIM_IC_ConfigChannel)
    HAL_TIM_IC_Init                          0x0800232b   Thumb Code    98  stm32g4xx_hal_tim.o(i.HAL_TIM_IC_Init)
    HAL_TIM_IC_MspInit                       0x0800238d   Thumb Code     2  stm32g4xx_hal_tim.o(i.HAL_TIM_IC_MspInit)
    HAL_TIM_IC_Start_IT                      0x08002391   Thumb Code   272  stm32g4xx_hal_tim.o(i.HAL_TIM_IC_Start_IT)
    HAL_TIM_IRQHandler                       0x080024b9   Thumb Code   508  stm32g4xx_hal_tim.o(i.HAL_TIM_IRQHandler)
    HAL_TIM_MspPostInit                      0x080026b5   Thumb Code    72  tim.o(i.HAL_TIM_MspPostInit)
    HAL_TIM_OC_DelayElapsedCallback          0x08002705   Thumb Code     2  stm32g4xx_hal_tim.o(i.HAL_TIM_OC_DelayElapsedCallback)
    HAL_TIM_PWM_ConfigChannel                0x08002707   Thumb Code   286  stm32g4xx_hal_tim.o(i.HAL_TIM_PWM_ConfigChannel)
    HAL_TIM_PWM_Init                         0x08002825   Thumb Code    98  stm32g4xx_hal_tim.o(i.HAL_TIM_PWM_Init)
    HAL_TIM_PWM_MspInit                      0x08002887   Thumb Code     2  stm32g4xx_hal_tim.o(i.HAL_TIM_PWM_MspInit)
    HAL_TIM_PWM_PulseFinishedCallback        0x08002889   Thumb Code     2  stm32g4xx_hal_tim.o(i.HAL_TIM_PWM_PulseFinishedCallback)
    HAL_TIM_PWM_Start                        0x0800288d   Thumb Code   218  stm32g4xx_hal_tim.o(i.HAL_TIM_PWM_Start)
    HAL_TIM_PeriodElapsedCallback            0x08002989   Thumb Code    60  fun.o(i.HAL_TIM_PeriodElapsedCallback)
    HAL_TIM_TriggerCallback                  0x080029cd   Thumb Code     2  stm32g4xx_hal_tim.o(i.HAL_TIM_TriggerCallback)
    HardFault_Handler                        0x080029cf   Thumb Code     2  stm32g4xx_it.o(i.HardFault_Handler)
    LCD_BusIn                                0x080029d1   Thumb Code    40  lcd.o(i.LCD_BusIn)
    LCD_BusOut                               0x080029fd   Thumb Code    42  lcd.o(i.LCD_BusOut)
    LCD_Clear                                0x08002a2d   Thumb Code    48  lcd.o(i.LCD_Clear)
    LCD_ClearLine                            0x08002a61   Thumb Code     6  lcd.o(i.LCD_ClearLine)
    LCD_CtrlLinesConfig                      0x08002a81   Thumb Code   136  lcd.o(i.LCD_CtrlLinesConfig)
    LCD_DisplayChar                          0x08002b11   Thumb Code    18  lcd.o(i.LCD_DisplayChar)
    LCD_DisplayStringLine                    0x08002b29   Thumb Code    42  lcd.o(i.LCD_DisplayStringLine)
    LCD_DrawChar                             0x08002b55   Thumb Code    84  lcd.o(i.LCD_DrawChar)
    LCD_Init                                 0x08002bad   Thumb Code    54  lcd.o(i.LCD_Init)
    LCD_ReadReg                              0x08002bed   Thumb Code   120  lcd.o(i.LCD_ReadReg)
    LCD_SetBackColor                         0x08002c6d   Thumb Code    12  lcd.o(i.LCD_SetBackColor)
    LCD_SetCursor                            0x08002c7d   Thumb Code    24  lcd.o(i.LCD_SetCursor)
    LCD_SetTextColor                         0x08002c95   Thumb Code    12  lcd.o(i.LCD_SetTextColor)
    LCD_WriteRAM                             0x08002ca5   Thumb Code    80  lcd.o(i.LCD_WriteRAM)
    LCD_WriteRAM_Prepare                     0x08002cfd   Thumb Code    82  lcd.o(i.LCD_WriteRAM_Prepare)
    LCD_WriteReg                             0x08002d59   Thumb Code   100  lcd.o(i.LCD_WriteReg)
    MX_ADC1_Init                             0x08002e19   Thumb Code   136  adc.o(i.MX_ADC1_Init)
    MX_ADC2_Init                             0x08002ea9   Thumb Code   110  adc.o(i.MX_ADC2_Init)
    MX_GPIO_Init                             0x08002f25   Thumb Code   194  gpio.o(i.MX_GPIO_Init)
    MX_TIM17_Init                            0x08002ff9   Thumb Code   144  tim.o(i.MX_TIM17_Init)
    MX_TIM2_Init                             0x08003091   Thumb Code   142  tim.o(i.MX_TIM2_Init)
    MX_TIM3_Init                             0x08003125   Thumb Code    98  tim.o(i.MX_TIM3_Init)
    MemManage_Handler                        0x08003191   Thumb Code     2  stm32g4xx_it.o(i.MemManage_Handler)
    NMI_Handler                              0x08003193   Thumb Code     2  stm32g4xx_it.o(i.NMI_Handler)
    PendSV_Handler                           0x08003195   Thumb Code     2  stm32g4xx_it.o(i.PendSV_Handler)
    REG_8230_Init                            0x08003197   Thumb Code   274  lcd.o(i.REG_8230_Init)
    REG_932X_Init                            0x080032a9   Thumb Code   514  lcd.o(i.REG_932X_Init)
    SVC_Handler                              0x080034ab   Thumb Code     2  stm32g4xx_it.o(i.SVC_Handler)
    SysTick_Handler                          0x080034ad   Thumb Code     4  stm32g4xx_it.o(i.SysTick_Handler)
    SystemClock_Config                       0x080034b1   Thumb Code   102  main.o(i.SystemClock_Config)
    SystemInit                               0x08003519   Thumb Code    22  system_stm32g4xx.o(i.SystemInit)
    TIM2_IRQHandler                          0x08003535   Thumb Code     6  stm32g4xx_it.o(i.TIM2_IRQHandler)
    TIM3_IRQHandler                          0x08003541   Thumb Code     6  stm32g4xx_it.o(i.TIM3_IRQHandler)
    TIM_Base_SetConfig                       0x0800354d   Thumb Code   146  stm32g4xx_hal_tim.o(i.TIM_Base_SetConfig)
    TIM_CCxChannelCmd                        0x080035fd   Thumb Code    26  stm32g4xx_hal_tim.o(i.TIM_CCxChannelCmd)
    TIM_ETR_SetConfig                        0x08003617   Thumb Code    20  stm32g4xx_hal_tim.o(i.TIM_ETR_SetConfig)
    TIM_OC2_SetConfig                        0x080036dd   Thumb Code   120  stm32g4xx_hal_tim.o(i.TIM_OC2_SetConfig)
    TIM_TI1_SetConfig                        0x08003991   Thumb Code    88  stm32g4xx_hal_tim.o(i.TIM_TI1_SetConfig)
    UsageFault_Handler                       0x08003a57   Thumb Code     2  stm32g4xx_it.o(i.UsageFault_Handler)
    __ARM_fpclassify                         0x08003a59   Thumb Code    48  fpclassify.o(i.__ARM_fpclassify)
    __hardfp_pow                             0x08003aa9   Thumb Code  3072  pow.o(i.__hardfp_pow)
    __kernel_poly                            0x080046f9   Thumb Code   248  poly.o(i.__kernel_poly)
    __mathlib_dbl_divzero                    0x080047f1   Thumb Code    28  dunder.o(i.__mathlib_dbl_divzero)
    __mathlib_dbl_infnan2                    0x08004821   Thumb Code    20  dunder.o(i.__mathlib_dbl_infnan2)
    __mathlib_dbl_invalid                    0x08004839   Thumb Code    24  dunder.o(i.__mathlib_dbl_invalid)
    __mathlib_dbl_overflow                   0x08004859   Thumb Code    24  dunder.o(i.__mathlib_dbl_overflow)
    __mathlib_dbl_underflow                  0x08004879   Thumb Code    24  dunder.o(i.__mathlib_dbl_underflow)
    _is_digit                                0x08004899   Thumb Code    14  __printf_wp.o(i._is_digit)
    adc_read                                 0x080048a9   Thumb Code    48  fun.o(i.adc_read)
    data_proc                                0x080048e9   Thumb Code   414  fun.o(i.data_proc)
    fabs                                     0x08004aa5   Thumb Code    24  fabs.o(i.fabs)
    key_scan                                 0x08004abd   Thumb Code   510  fun.o(i.key_scan)
    lcd_show                                 0x08004cd1   Thumb Code   354  fun.o(i.lcd_show)
    led_show                                 0x08004f99   Thumb Code    58  fun.o(i.led_show)
    main                                     0x08004fdd   Thumb Code   106  main.o(i.main)
    main_pros                                0x08005061   Thumb Code    72  fun.o(i.main_pros)
    sqrt                                     0x080050ad   Thumb Code   110  sqrt.o(i.sqrt)
    __aeabi_dneg                             0x0800511b   Thumb Code     0  basic.o(x$fpl$basic)
    _dneg                                    0x0800511b   Thumb Code     6  basic.o(x$fpl$basic)
    __aeabi_fneg                             0x08005121   Thumb Code     0  basic.o(x$fpl$basic)
    _fneg                                    0x08005121   Thumb Code     6  basic.o(x$fpl$basic)
    _dabs                                    0x08005127   Thumb Code     6  basic.o(x$fpl$basic)
    _fabs                                    0x0800512d   Thumb Code     6  basic.o(x$fpl$basic)
    __aeabi_dadd                             0x08005135   Thumb Code     0  daddsub_clz.o(x$fpl$dadd)
    _dadd                                    0x08005135   Thumb Code   332  daddsub_clz.o(x$fpl$dadd)
    __fpl_dcheck_NaN1                        0x08005285   Thumb Code    10  dcheck1.o(x$fpl$dcheck1)
    __fpl_dcmp_Inf                           0x08005295   Thumb Code    24  dcmpi.o(x$fpl$dcmpinf)
    __aeabi_ddiv                             0x080052ad   Thumb Code     0  ddiv.o(x$fpl$ddiv)
    _ddiv                                    0x080052ad   Thumb Code   552  ddiv.o(x$fpl$ddiv)
    __aeabi_d2iz                             0x0800555d   Thumb Code     0  dfix.o(x$fpl$dfix)
    _dfix                                    0x0800555d   Thumb Code    94  dfix.o(x$fpl$dfix)
    __aeabi_i2d                              0x080055bb   Thumb Code     0  dflt_clz.o(x$fpl$dflt)
    _dflt                                    0x080055bb   Thumb Code    46  dflt_clz.o(x$fpl$dflt)
    __aeabi_ui2d                             0x080055e9   Thumb Code     0  dflt_clz.o(x$fpl$dfltu)
    _dfltu                                   0x080055e9   Thumb Code    38  dflt_clz.o(x$fpl$dfltu)
    __aeabi_cdcmple                          0x08005611   Thumb Code     0  dleqf.o(x$fpl$dleqf)
    _dcmple                                  0x08005611   Thumb Code   120  dleqf.o(x$fpl$dleqf)
    __fpl_dcmple_InfNaN                      0x08005673   Thumb Code     0  dleqf.o(x$fpl$dleqf)
    __aeabi_dmul                             0x08005689   Thumb Code     0  dmul.o(x$fpl$dmul)
    _dmul                                    0x08005689   Thumb Code   332  dmul.o(x$fpl$dmul)
    __fpl_dnaninf                            0x080057dd   Thumb Code   156  dnaninf.o(x$fpl$dnaninf)
    __fpl_dretinf                            0x08005879   Thumb Code    12  dretinf.o(x$fpl$dretinf)
    __aeabi_cdrcmple                         0x08005885   Thumb Code     0  drleqf.o(x$fpl$drleqf)
    _drcmple                                 0x08005885   Thumb Code   108  drleqf.o(x$fpl$drleqf)
    __aeabi_drsub                            0x080058f1   Thumb Code     0  daddsub_clz.o(x$fpl$drsb)
    _drsb                                    0x080058f1   Thumb Code    22  daddsub_clz.o(x$fpl$drsb)
    _dsqrt                                   0x08005909   Thumb Code   404  dsqrt_umaal.o(x$fpl$dsqrt)
    __aeabi_dsub                             0x08005aa1   Thumb Code     0  daddsub_clz.o(x$fpl$dsub)
    _dsub                                    0x08005aa1   Thumb Code   464  daddsub_clz.o(x$fpl$dsub)
    _fp_init                                 0x08005c75   Thumb Code    10  fpinit.o(x$fpl$fpinit)
    __fplib_config_fpu_vfp                   0x08005c7d   Thumb Code     0  fpinit.o(x$fpl$fpinit)
    __fplib_config_pureend_doubles           0x08005c7d   Thumb Code     0  fpinit.o(x$fpl$fpinit)
    __fpl_return_NaN                         0x08005c7f   Thumb Code   100  retnan.o(x$fpl$retnan)
    __ARM_scalbn                             0x08005ce3   Thumb Code    92  scalbn.o(x$fpl$scalbn)
    __fpl_cmpreturn                          0x08005d3f   Thumb Code    48  trapv.o(x$fpl$trapveneer)
    AHBPrescTable                            0x08005d6e   Data          16  system_stm32g4xx.o(.constdata)
    __I$use$fp                               0x08005d6e   Number         0  usenofp.o(x$fpl$usenofp)
    ASCII_Table                              0x08005d7e   Data        4560  lcd.o(.constdata)
    __mathlib_zero                           0x08006fe8   Data           8  qnan.o(.constdata)
    Region$$Table$$Base                      0x08006ff0   Number         0  anon$$obj.o(Region$$Table)
    Region$$Table$$Limit                     0x08007010   Number         0  anon$$obj.o(Region$$Table)
    uwTickPrio                               0x20000004   Data           4  stm32g4xx_hal.o(.data)
    uwTickFreq                               0x20000008   Data           4  stm32g4xx_hal.o(.data)
    uwTick                                   0x2000000c   Data           4  stm32g4xx_hal.o(.data)
    SystemCoreClock                          0x20000010   Data           4  system_stm32g4xx.o(.data)
    B2_last                                  0x20000018   Data           1  fun.o(.data)
    st_flag                                  0x20000019   Data           1  fun.o(.data)
    B1_data                                  0x2000001a   Data           1  fun.o(.data)
    B2_data                                  0x2000001b   Data           1  fun.o(.data)
    B3_data                                  0x2000001c   Data           1  fun.o(.data)
    B4_data                                  0x2000001d   Data           1  fun.o(.data)
    B1_last                                  0x2000001e   Data           1  fun.o(.data)
    B3_last                                  0x2000001f   Data           1  fun.o(.data)
    B4_last                                  0x20000020   Data           1  fun.o(.data)
    lcd_mode                                 0x20000021   Data           1  fun.o(.data)
    pwm_cd                                   0x20000022   Data           1  fun.o(.data)
    pwm_cd_yc                                0x20000023   Data           1  fun.o(.data)
    recd_flag                                0x20000024   Data           1  fun.o(.data)
    para_index                               0x20000025   Data           1  fun.o(.data)
    fre_r40                                  0x20000026   Data           2  fun.o(.data)
    pwm_cf                                   0x20000028   Data           2  fun.o(.data)
    pwm_cf_yc                                0x2000002a   Data           2  fun.o(.data)
    pwm_xf                                   0x2000002c   Data           2  fun.o(.data)
    fre_40_yc                                0x2000002e   Data           2  fun.o(.data)
    time                                     0x20000030   Data           3  fun.o(.data)
    time_yc                                  0x20000033   Data           3  fun.o(.data)
    time_dece                                0x20000038   Data           4  fun.o(.data)
    time_2s                                  0x2000003c   Data           4  fun.o(.data)
    time_lcd                                 0x20000040   Data           4  fun.o(.data)
    adc_r37                                  0x20000048   Data           8  fun.o(.data)
    adc_r38                                  0x20000050   Data           8  fun.o(.data)
    para_dfsr                                0x20000058   Data          16  fun.o(.data)
    para_dfsr_last                           0x20000068   Data          16  fun.o(.data)
    para_dfsr_true                           0x20000078   Data          16  fun.o(.data)
    dummy                                    0x2000008c   Data           2  lcd.o(.data)
    hadc1                                    0x20000090   Data         108  adc.o(.bss)
    hadc2                                    0x200000fc   Data         108  adc.o(.bss)
    htim2                                    0x20000168   Data          76  tim.o(.bss)
    htim3                                    0x200001b4   Data          76  tim.o(.bss)
    htim17                                   0x20000200   Data          76  tim.o(.bss)
    text                                     0x2000024c   Data          20  fun.o(.bss)
    __libspace_start                         0x20000260   Data          96  libspace.o(.bss)
    __temporary_stack_top$libspace           0x200002c0   Data           0  libspace.o(.bss)



==============================================================================

Memory Map of the image

  Image Entry point : 0x080001d9

  Load Region LR_IROM1 (Base: 0x08000000, Size: 0x000070a0, Max: 0x00020000, ABSOLUTE)

    Execution Region ER_IROM1 (Exec base: 0x08000000, Load base: 0x08000000, Size: 0x00007010, Max: 0x00020000, ABSOLUTE)

    Exec Addr    Load Addr    Size         Type   Attr      Idx    E Section Name        Object

    0x08000000   0x08000000   0x000001d8   Data   RO            3    RESET               startup_stm32g431xx.o
    0x080001d8   0x080001d8   0x00000008   Code   RO         3858  * !!!main             c_w.l(__main.o)
    0x080001e0   0x080001e0   0x00000034   Code   RO         4129    !!!scatter          c_w.l(__scatter.o)
    0x08000214   0x08000214   0x0000001a   Code   RO         4131    !!handler_copy      c_w.l(__scatter_copy.o)
    0x0800022e   0x0800022e   0x00000002   PAD
    0x08000230   0x08000230   0x0000001c   Code   RO         4133    !!handler_zi        c_w.l(__scatter_zi.o)
    0x0800024c   0x0800024c   0x00000000   Code   RO         3853    .ARM.Collect$$_printf_percent$$00000000  c_w.l(_printf_percent.o)
    0x0800024c   0x0800024c   0x00000006   Code   RO         3852    .ARM.Collect$$_printf_percent$$00000009  c_w.l(_printf_d.o)
    0x08000252   0x08000252   0x00000004   Code   RO         3909    .ARM.Collect$$_printf_percent$$00000017  c_w.l(_printf_percent_end.o)
    0x08000256   0x08000256   0x00000002   Code   RO         3996    .ARM.Collect$$libinit$$00000000  c_w.l(libinit.o)
    0x08000258   0x08000258   0x00000004   Code   RO         4001    .ARM.Collect$$libinit$$00000001  c_w.l(libinit2.o)
    0x0800025c   0x0800025c   0x00000000   Code   RO         4004    .ARM.Collect$$libinit$$00000004  c_w.l(libinit2.o)
    0x0800025c   0x0800025c   0x00000000   Code   RO         4007    .ARM.Collect$$libinit$$0000000A  c_w.l(libinit2.o)
    0x0800025c   0x0800025c   0x00000000   Code   RO         4009    .ARM.Collect$$libinit$$0000000C  c_w.l(libinit2.o)
    0x0800025c   0x0800025c   0x00000000   Code   RO         4011    .ARM.Collect$$libinit$$0000000E  c_w.l(libinit2.o)
    0x0800025c   0x0800025c   0x00000000   Code   RO         4014    .ARM.Collect$$libinit$$00000011  c_w.l(libinit2.o)
    0x0800025c   0x0800025c   0x00000000   Code   RO         4016    .ARM.Collect$$libinit$$00000013  c_w.l(libinit2.o)
    0x0800025c   0x0800025c   0x00000000   Code   RO         4018    .ARM.Collect$$libinit$$00000015  c_w.l(libinit2.o)
    0x0800025c   0x0800025c   0x00000000   Code   RO         4020    .ARM.Collect$$libinit$$00000017  c_w.l(libinit2.o)
    0x0800025c   0x0800025c   0x00000000   Code   RO         4022    .ARM.Collect$$libinit$$00000019  c_w.l(libinit2.o)
    0x0800025c   0x0800025c   0x00000000   Code   RO         4024    .ARM.Collect$$libinit$$0000001B  c_w.l(libinit2.o)
    0x0800025c   0x0800025c   0x00000000   Code   RO         4026    .ARM.Collect$$libinit$$0000001D  c_w.l(libinit2.o)
    0x0800025c   0x0800025c   0x00000000   Code   RO         4028    .ARM.Collect$$libinit$$0000001F  c_w.l(libinit2.o)
    0x0800025c   0x0800025c   0x00000000   Code   RO         4030    .ARM.Collect$$libinit$$00000021  c_w.l(libinit2.o)
    0x0800025c   0x0800025c   0x00000000   Code   RO         4032    .ARM.Collect$$libinit$$00000023  c_w.l(libinit2.o)
    0x0800025c   0x0800025c   0x00000000   Code   RO         4034    .ARM.Collect$$libinit$$00000025  c_w.l(libinit2.o)
    0x0800025c   0x0800025c   0x00000000   Code   RO         4038    .ARM.Collect$$libinit$$0000002C  c_w.l(libinit2.o)
    0x0800025c   0x0800025c   0x00000000   Code   RO         4040    .ARM.Collect$$libinit$$0000002E  c_w.l(libinit2.o)
    0x0800025c   0x0800025c   0x00000000   Code   RO         4042    .ARM.Collect$$libinit$$00000030  c_w.l(libinit2.o)
    0x0800025c   0x0800025c   0x00000000   Code   RO         4044    .ARM.Collect$$libinit$$00000032  c_w.l(libinit2.o)
    0x0800025c   0x0800025c   0x00000002   Code   RO         4045    .ARM.Collect$$libinit$$00000033  c_w.l(libinit2.o)
    0x0800025e   0x0800025e   0x00000002   Code   RO         4067    .ARM.Collect$$libshutdown$$00000000  c_w.l(libshutdown.o)
    0x08000260   0x08000260   0x00000000   Code   RO         4080    .ARM.Collect$$libshutdown$$00000002  c_w.l(libshutdown2.o)
    0x08000260   0x08000260   0x00000000   Code   RO         4082    .ARM.Collect$$libshutdown$$00000004  c_w.l(libshutdown2.o)
    0x08000260   0x08000260   0x00000000   Code   RO         4084    .ARM.Collect$$libshutdown$$00000006  c_w.l(libshutdown2.o)
    0x08000260   0x08000260   0x00000000   Code   RO         4087    .ARM.Collect$$libshutdown$$00000009  c_w.l(libshutdown2.o)
    0x08000260   0x08000260   0x00000000   Code   RO         4090    .ARM.Collect$$libshutdown$$0000000C  c_w.l(libshutdown2.o)
    0x08000260   0x08000260   0x00000000   Code   RO         4092    .ARM.Collect$$libshutdown$$0000000E  c_w.l(libshutdown2.o)
    0x08000260   0x08000260   0x00000000   Code   RO         4095    .ARM.Collect$$libshutdown$$00000011  c_w.l(libshutdown2.o)
    0x08000260   0x08000260   0x00000002   Code   RO         4096    .ARM.Collect$$libshutdown$$00000012  c_w.l(libshutdown2.o)
    0x08000262   0x08000262   0x00000000   Code   RO         3900    .ARM.Collect$$rtentry$$00000000  c_w.l(__rtentry.o)
    0x08000262   0x08000262   0x00000000   Code   RO         3959    .ARM.Collect$$rtentry$$00000002  c_w.l(__rtentry2.o)
    0x08000262   0x08000262   0x00000006   Code   RO         3971    .ARM.Collect$$rtentry$$00000004  c_w.l(__rtentry4.o)
    0x08000268   0x08000268   0x00000000   Code   RO         3961    .ARM.Collect$$rtentry$$00000009  c_w.l(__rtentry2.o)
    0x08000268   0x08000268   0x00000004   Code   RO         3962    .ARM.Collect$$rtentry$$0000000A  c_w.l(__rtentry2.o)
    0x0800026c   0x0800026c   0x00000000   Code   RO         3964    .ARM.Collect$$rtentry$$0000000C  c_w.l(__rtentry2.o)
    0x0800026c   0x0800026c   0x00000008   Code   RO         3965    .ARM.Collect$$rtentry$$0000000D  c_w.l(__rtentry2.o)
    0x08000274   0x08000274   0x00000002   Code   RO         3999    .ARM.Collect$$rtexit$$00000000  c_w.l(rtexit.o)
    0x08000276   0x08000276   0x00000000   Code   RO         4049    .ARM.Collect$$rtexit$$00000002  c_w.l(rtexit2.o)
    0x08000276   0x08000276   0x00000004   Code   RO         4050    .ARM.Collect$$rtexit$$00000003  c_w.l(rtexit2.o)
    0x0800027a   0x0800027a   0x00000006   Code   RO         4051    .ARM.Collect$$rtexit$$00000004  c_w.l(rtexit2.o)
    0x08000280   0x08000280   0x00000040   Code   RO            4    .text               startup_stm32g431xx.o
    0x080002c0   0x080002c0   0x00000028   Code   RO         3824    .text               c_w.l(noretval__2sprintf.o)
    0x080002e8   0x080002e8   0x0000004e   Code   RO         3828    .text               c_w.l(_printf_pad.o)
    0x08000336   0x08000336   0x00000002   PAD
    0x08000338   0x08000338   0x00000078   Code   RO         3830    .text               c_w.l(_printf_dec.o)
    0x080003b0   0x080003b0   0x00000138   Code   RO         3844    .text               c_w.l(__printf_flags_wp.o)
    0x080004e8   0x080004e8   0x0000004e   Code   RO         3854    .text               c_w.l(rt_memclr_w.o)
    0x08000536   0x08000536   0x00000006   Code   RO         3856    .text               c_w.l(heapauxi.o)
    0x0800053c   0x0800053c   0x00000016   Code   RO         3901    .text               c_w.l(_rserrno.o)
    0x08000552   0x08000552   0x000000b2   Code   RO         3903    .text               c_w.l(_printf_intcommon.o)
    0x08000604   0x08000604   0x00000030   Code   RO         3905    .text               c_w.l(_printf_char_common.o)
    0x08000634   0x08000634   0x0000000a   Code   RO         3907    .text               c_w.l(_sputc.o)
    0x0800063e   0x0800063e   0x00000002   PAD
    0x08000640   0x08000640   0x00000008   Code   RO         3976    .text               c_w.l(rt_errno_addr_intlibspace.o)
    0x08000648   0x08000648   0x00000008   Code   RO         3984    .text               c_w.l(libspace.o)
    0x08000650   0x08000650   0x0000004a   Code   RO         3987    .text               c_w.l(sys_stackheap_outer.o)
    0x0800069a   0x0800069a   0x00000012   Code   RO         3989    .text               c_w.l(exit.o)
    0x080006ac   0x080006ac   0x0000000c   Code   RO         4059    .text               c_w.l(sys_exit.o)
    0x080006b8   0x080006b8   0x00000002   Code   RO         4070    .text               c_w.l(use_no_semi.o)
    0x080006ba   0x080006ba   0x00000000   Code   RO         4072    .text               c_w.l(indicate_semi.o)
    0x080006ba   0x080006ba   0x00000002   PAD
    0x080006bc   0x080006bc   0x00000068   Code   RO          436    i.ADC_Disable       stm32g4xx_hal_adc.o
    0x08000724   0x08000724   0x00000068   Code   RO          437    i.ADC_Enable        stm32g4xx_hal_adc.o
    0x0800078c   0x0800078c   0x00000002   Code   RO          320    i.BusFault_Handler  stm32g4xx_it.o
    0x0800078e   0x0800078e   0x00000002   Code   RO          321    i.DebugMon_Handler  stm32g4xx_it.o
    0x08000790   0x08000790   0x0000001c   Code   RO         3617    i.Delay_LCD         lcd.o
    0x080007ac   0x080007ac   0x00000004   Code   RO           13    i.Error_Handler     main.o
    0x080007b0   0x080007b0   0x00000094   Code   RO          670    i.HAL_ADCEx_Calibration_Start  stm32g4xx_hal_adc_ex.o
    0x08000844   0x08000844   0x000000d4   Code   RO          687    i.HAL_ADCEx_MultiModeConfigChannel  stm32g4xx_hal_adc_ex.o
    0x08000918   0x08000918   0x00000420   Code   RO          439    i.HAL_ADC_ConfigChannel  stm32g4xx_hal_adc.o
    0x08000d38   0x08000d38   0x00000006   Code   RO          446    i.HAL_ADC_GetValue  stm32g4xx_hal_adc.o
    0x08000d3e   0x08000d3e   0x00000002   PAD
    0x08000d40   0x08000d40   0x000001f8   Code   RO          448    i.HAL_ADC_Init      stm32g4xx_hal_adc.o
    0x08000f38   0x08000f38   0x000000e4   Code   RO          212    i.HAL_ADC_MspInit   adc.o
    0x0800101c   0x0800101c   0x000000f4   Code   RO          454    i.HAL_ADC_Start     stm32g4xx_hal_adc.o
    0x08001110   0x08001110   0x00000024   Code   RO          886    i.HAL_Delay         stm32g4xx_hal.o
    0x08001134   0x08001134   0x000001c8   Code   RO         1577    i.HAL_GPIO_Init     stm32g4xx_hal_gpio.o
    0x080012fc   0x080012fc   0x0000000a   Code   RO         1579    i.HAL_GPIO_ReadPin  stm32g4xx_hal_gpio.o
    0x08001306   0x08001306   0x0000000a   Code   RO         1581    i.HAL_GPIO_WritePin  stm32g4xx_hal_gpio.o
    0x08001310   0x08001310   0x0000000c   Code   RO          890    i.HAL_GetTick       stm32g4xx_hal.o
    0x0800131c   0x0800131c   0x00000010   Code   RO          893    i.HAL_IncTick       stm32g4xx_hal.o
    0x0800132c   0x0800132c   0x0000001e   Code   RO          894    i.HAL_Init          stm32g4xx_hal.o
    0x0800134a   0x0800134a   0x00000002   PAD
    0x0800134c   0x0800134c   0x00000044   Code   RO          895    i.HAL_InitTick      stm32g4xx_hal.o
    0x08001390   0x08001390   0x00000030   Code   RO          408    i.HAL_MspInit       stm32g4xx_hal_msp.o
    0x080013c0   0x080013c0   0x0000001a   Code   RO         2224    i.HAL_NVIC_EnableIRQ  stm32g4xx_hal_cortex.o
    0x080013da   0x080013da   0x00000002   PAD
    0x080013dc   0x080013dc   0x00000040   Code   RO         2230    i.HAL_NVIC_SetPriority  stm32g4xx_hal_cortex.o
    0x0800141c   0x0800141c   0x00000024   Code   RO         2231    i.HAL_NVIC_SetPriorityGrouping  stm32g4xx_hal_cortex.o
    0x08001440   0x08001440   0x000000bc   Code   RO         1980    i.HAL_PWREx_ControlVoltageScaling  stm32g4xx_hal_pwr_ex.o
    0x080014fc   0x080014fc   0x00000010   Code   RO         1992    i.HAL_PWREx_DisableUCPDDeadBattery  stm32g4xx_hal_pwr_ex.o
    0x0800150c   0x0800150c   0x00000288   Code   RO         1239    i.HAL_RCCEx_PeriphCLKConfig  stm32g4xx_hal_rcc_ex.o
    0x08001794   0x08001794   0x000001dc   Code   RO         1114    i.HAL_RCC_ClockConfig  stm32g4xx_hal_rcc.o
    0x08001970   0x08001970   0x00000070   Code   RO         1124    i.HAL_RCC_GetSysClockFreq  stm32g4xx_hal_rcc.o
    0x080019e0   0x080019e0   0x0000040c   Code   RO         1127    i.HAL_RCC_OscConfig  stm32g4xx_hal_rcc.o
    0x08001dec   0x08001dec   0x00000028   Code   RO         2235    i.HAL_SYSTICK_Config  stm32g4xx_hal_cortex.o
    0x08001e14   0x08001e14   0x00000002   Code   RO         3070    i.HAL_TIMEx_Break2Callback  stm32g4xx_hal_tim_ex.o
    0x08001e16   0x08001e16   0x00000002   Code   RO         3071    i.HAL_TIMEx_BreakCallback  stm32g4xx_hal_tim_ex.o
    0x08001e18   0x08001e18   0x00000002   Code   RO         3072    i.HAL_TIMEx_CommutCallback  stm32g4xx_hal_tim_ex.o
    0x08001e1a   0x08001e1a   0x00000002   PAD
    0x08001e1c   0x08001e1c   0x000000ac   Code   RO         3075    i.HAL_TIMEx_ConfigBreakDeadTime  stm32g4xx_hal_tim_ex.o
    0x08001ec8   0x08001ec8   0x00000002   Code   RO         3083    i.HAL_TIMEx_DirectionChangeCallback  stm32g4xx_hal_tim_ex.o
    0x08001eca   0x08001eca   0x00000002   Code   RO         3097    i.HAL_TIMEx_EncoderIndexCallback  stm32g4xx_hal_tim_ex.o
    0x08001ecc   0x08001ecc   0x00000002   Code   RO         3111    i.HAL_TIMEx_IndexErrorCallback  stm32g4xx_hal_tim_ex.o
    0x08001ece   0x08001ece   0x00000002   PAD
    0x08001ed0   0x08001ed0   0x0000009c   Code   RO         3112    i.HAL_TIMEx_MasterConfigSynchronization  stm32g4xx_hal_tim_ex.o
    0x08001f6c   0x08001f6c   0x00000002   Code   RO         3133    i.HAL_TIMEx_TransitionErrorCallback  stm32g4xx_hal_tim_ex.o
    0x08001f6e   0x08001f6e   0x00000062   Code   RO         2356    i.HAL_TIM_Base_Init  stm32g4xx_hal_tim.o
    0x08001fd0   0x08001fd0   0x000000b4   Code   RO          261    i.HAL_TIM_Base_MspInit  tim.o
    0x08002084   0x08002084   0x00000078   Code   RO         2361    i.HAL_TIM_Base_Start_IT  stm32g4xx_hal_tim.o
    0x080020fc   0x080020fc   0x000000f8   Code   RO         2365    i.HAL_TIM_ConfigClockSource  stm32g4xx_hal_tim.o
    0x080021f4   0x080021f4   0x00000028   Code   RO         3537    i.HAL_TIM_IC_CaptureCallback  fun.o
    0x0800221c   0x0800221c   0x0000010e   Code   RO         2392    i.HAL_TIM_IC_ConfigChannel  stm32g4xx_hal_tim.o
    0x0800232a   0x0800232a   0x00000062   Code   RO         2395    i.HAL_TIM_IC_Init   stm32g4xx_hal_tim.o
    0x0800238c   0x0800238c   0x00000002   Code   RO         2397    i.HAL_TIM_IC_MspInit  stm32g4xx_hal_tim.o
    0x0800238e   0x0800238e   0x00000002   PAD
    0x08002390   0x08002390   0x00000128   Code   RO         2400    i.HAL_TIM_IC_Start_IT  stm32g4xx_hal_tim.o
    0x080024b8   0x080024b8   0x000001fc   Code   RO         2404    i.HAL_TIM_IRQHandler  stm32g4xx_hal_tim.o
    0x080026b4   0x080026b4   0x00000050   Code   RO          262    i.HAL_TIM_MspPostInit  tim.o
    0x08002704   0x08002704   0x00000002   Code   RO         2407    i.HAL_TIM_OC_DelayElapsedCallback  stm32g4xx_hal_tim.o
    0x08002706   0x08002706   0x0000011e   Code   RO         2428    i.HAL_TIM_PWM_ConfigChannel  stm32g4xx_hal_tim.o
    0x08002824   0x08002824   0x00000062   Code   RO         2431    i.HAL_TIM_PWM_Init  stm32g4xx_hal_tim.o
    0x08002886   0x08002886   0x00000002   Code   RO         2433    i.HAL_TIM_PWM_MspInit  stm32g4xx_hal_tim.o
    0x08002888   0x08002888   0x00000002   Code   RO         2434    i.HAL_TIM_PWM_PulseFinishedCallback  stm32g4xx_hal_tim.o
    0x0800288a   0x0800288a   0x00000002   PAD
    0x0800288c   0x0800288c   0x000000fc   Code   RO         2436    i.HAL_TIM_PWM_Start  stm32g4xx_hal_tim.o
    0x08002988   0x08002988   0x00000044   Code   RO         3538    i.HAL_TIM_PeriodElapsedCallback  fun.o
    0x080029cc   0x080029cc   0x00000002   Code   RO         2447    i.HAL_TIM_TriggerCallback  stm32g4xx_hal_tim.o
    0x080029ce   0x080029ce   0x00000002   Code   RO          322    i.HardFault_Handler  stm32g4xx_it.o
    0x080029d0   0x080029d0   0x0000002c   Code   RO         3618    i.LCD_BusIn         lcd.o
    0x080029fc   0x080029fc   0x00000030   Code   RO         3619    i.LCD_BusOut        lcd.o
    0x08002a2c   0x08002a2c   0x00000034   Code   RO         3620    i.LCD_Clear         lcd.o
    0x08002a60   0x08002a60   0x00000020   Code   RO         3621    i.LCD_ClearLine     lcd.o
    0x08002a80   0x08002a80   0x00000090   Code   RO         3622    i.LCD_CtrlLinesConfig  lcd.o
    0x08002b10   0x08002b10   0x00000018   Code   RO         3623    i.LCD_DisplayChar   lcd.o
    0x08002b28   0x08002b28   0x0000002a   Code   RO         3626    i.LCD_DisplayStringLine  lcd.o
    0x08002b52   0x08002b52   0x00000002   PAD
    0x08002b54   0x08002b54   0x00000058   Code   RO         3627    i.LCD_DrawChar      lcd.o
    0x08002bac   0x08002bac   0x00000040   Code   RO         3633    i.LCD_Init          lcd.o
    0x08002bec   0x08002bec   0x00000080   Code   RO         3636    i.LCD_ReadReg       lcd.o
    0x08002c6c   0x08002c6c   0x00000010   Code   RO         3637    i.LCD_SetBackColor  lcd.o
    0x08002c7c   0x08002c7c   0x00000018   Code   RO         3638    i.LCD_SetCursor     lcd.o
    0x08002c94   0x08002c94   0x00000010   Code   RO         3640    i.LCD_SetTextColor  lcd.o
    0x08002ca4   0x08002ca4   0x00000058   Code   RO         3643    i.LCD_WriteRAM      lcd.o
    0x08002cfc   0x08002cfc   0x0000005c   Code   RO         3644    i.LCD_WriteRAM_Prepare  lcd.o
    0x08002d58   0x08002d58   0x0000006c   Code   RO         3645    i.LCD_WriteReg      lcd.o
    0x08002dc4   0x08002dc4   0x0000000c   Code   RO          462    i.LL_ADC_GetOffsetChannel  stm32g4xx_hal_adc.o
    0x08002dd0   0x08002dd0   0x00000008   Code   RO          463    i.LL_ADC_INJ_IsConversionOngoing  stm32g4xx_hal_adc.o
    0x08002dd8   0x08002dd8   0x00000008   Code   RO          464    i.LL_ADC_REG_IsConversionOngoing  stm32g4xx_hal_adc.o
    0x08002de0   0x08002de0   0x00000008   Code   RO          697    i.LL_ADC_REG_IsConversionOngoing  stm32g4xx_hal_adc_ex.o
    0x08002de8   0x08002de8   0x0000001e   Code   RO          467    i.LL_ADC_SetChannelSamplingTime  stm32g4xx_hal_adc.o
    0x08002e06   0x08002e06   0x00000010   Code   RO          468    i.LL_ADC_SetOffsetState  stm32g4xx_hal_adc.o
    0x08002e16   0x08002e16   0x00000002   PAD
    0x08002e18   0x08002e18   0x00000090   Code   RO          213    i.MX_ADC1_Init      adc.o
    0x08002ea8   0x08002ea8   0x0000007c   Code   RO          214    i.MX_ADC2_Init      adc.o
    0x08002f24   0x08002f24   0x000000d4   Code   RO          187    i.MX_GPIO_Init      gpio.o
    0x08002ff8   0x08002ff8   0x00000098   Code   RO          263    i.MX_TIM17_Init     tim.o
    0x08003090   0x08003090   0x00000094   Code   RO          264    i.MX_TIM2_Init      tim.o
    0x08003124   0x08003124   0x0000006c   Code   RO          265    i.MX_TIM3_Init      tim.o
    0x08003190   0x08003190   0x00000002   Code   RO          323    i.MemManage_Handler  stm32g4xx_it.o
    0x08003192   0x08003192   0x00000002   Code   RO          324    i.NMI_Handler       stm32g4xx_it.o
    0x08003194   0x08003194   0x00000002   Code   RO          325    i.PendSV_Handler    stm32g4xx_it.o
    0x08003196   0x08003196   0x00000112   Code   RO         3646    i.REG_8230_Init     lcd.o
    0x080032a8   0x080032a8   0x00000202   Code   RO         3647    i.REG_932X_Init     lcd.o
    0x080034aa   0x080034aa   0x00000002   Code   RO          326    i.SVC_Handler       stm32g4xx_it.o
    0x080034ac   0x080034ac   0x00000004   Code   RO          327    i.SysTick_Handler   stm32g4xx_it.o
    0x080034b0   0x080034b0   0x00000066   Code   RO           14    i.SystemClock_Config  main.o
    0x08003516   0x08003516   0x00000002   PAD
    0x08003518   0x08003518   0x0000001c   Code   RO         3500    i.SystemInit        system_stm32g4xx.o
    0x08003534   0x08003534   0x0000000c   Code   RO          328    i.TIM2_IRQHandler   stm32g4xx_it.o
    0x08003540   0x08003540   0x0000000c   Code   RO          329    i.TIM3_IRQHandler   stm32g4xx_it.o
    0x0800354c   0x0800354c   0x000000b0   Code   RO         2449    i.TIM_Base_SetConfig  stm32g4xx_hal_tim.o
    0x080035fc   0x080035fc   0x0000001a   Code   RO         2450    i.TIM_CCxChannelCmd  stm32g4xx_hal_tim.o
    0x08003616   0x08003616   0x00000014   Code   RO         2460    i.TIM_ETR_SetConfig  stm32g4xx_hal_tim.o
    0x0800362a   0x0800362a   0x00000002   PAD
    0x0800362c   0x0800362c   0x00000014   Code   RO         2461    i.TIM_ITRx_SetConfig  stm32g4xx_hal_tim.o
    0x08003640   0x08003640   0x0000009c   Code   RO         2462    i.TIM_OC1_SetConfig  stm32g4xx_hal_tim.o
    0x080036dc   0x080036dc   0x00000090   Code   RO         2463    i.TIM_OC2_SetConfig  stm32g4xx_hal_tim.o
    0x0800376c   0x0800376c   0x00000090   Code   RO         2464    i.TIM_OC3_SetConfig  stm32g4xx_hal_tim.o
    0x080037fc   0x080037fc   0x00000090   Code   RO         2465    i.TIM_OC4_SetConfig  stm32g4xx_hal_tim.o
    0x0800388c   0x0800388c   0x00000070   Code   RO         2466    i.TIM_OC5_SetConfig  stm32g4xx_hal_tim.o
    0x080038fc   0x080038fc   0x00000070   Code   RO         2467    i.TIM_OC6_SetConfig  stm32g4xx_hal_tim.o
    0x0800396c   0x0800396c   0x00000022   Code   RO         2469    i.TIM_TI1_ConfigInputStage  stm32g4xx_hal_tim.o
    0x0800398e   0x0800398e   0x00000002   PAD
    0x08003990   0x08003990   0x0000006c   Code   RO         2470    i.TIM_TI1_SetConfig  stm32g4xx_hal_tim.o
    0x080039fc   0x080039fc   0x00000024   Code   RO         2471    i.TIM_TI2_ConfigInputStage  stm32g4xx_hal_tim.o
    0x08003a20   0x08003a20   0x00000036   Code   RO         2472    i.TIM_TI2_SetConfig  stm32g4xx_hal_tim.o
    0x08003a56   0x08003a56   0x00000002   Code   RO          330    i.UsageFault_Handler  stm32g4xx_it.o
    0x08003a58   0x08003a58   0x00000030   Code   RO         3941    i.__ARM_fpclassify  m_wm.l(fpclassify.o)
    0x08003a88   0x08003a88   0x00000020   Code   RO         2237    i.__NVIC_SetPriority  stm32g4xx_hal_cortex.o
    0x08003aa8   0x08003aa8   0x00000c50   Code   RO         3886    i.__hardfp_pow      m_wm.l(pow.o)
    0x080046f8   0x080046f8   0x000000f8   Code   RO         3943    i.__kernel_poly     m_wm.l(poly.o)
    0x080047f0   0x080047f0   0x00000030   Code   RO         3921    i.__mathlib_dbl_divzero  m_wm.l(dunder.o)
    0x08004820   0x08004820   0x00000014   Code   RO         3923    i.__mathlib_dbl_infnan2  m_wm.l(dunder.o)
    0x08004834   0x08004834   0x00000004   PAD
    0x08004838   0x08004838   0x00000020   Code   RO         3924    i.__mathlib_dbl_invalid  m_wm.l(dunder.o)
    0x08004858   0x08004858   0x00000020   Code   RO         3925    i.__mathlib_dbl_overflow  m_wm.l(dunder.o)
    0x08004878   0x08004878   0x00000020   Code   RO         3927    i.__mathlib_dbl_underflow  m_wm.l(dunder.o)
    0x08004898   0x08004898   0x0000000e   Code   RO         3842    i._is_digit         c_w.l(__printf_wp.o)
    0x080048a6   0x080048a6   0x00000002   PAD
    0x080048a8   0x080048a8   0x00000040   Code   RO         3539    i.adc_read          fun.o
    0x080048e8   0x080048e8   0x000001bc   Code   RO         3540    i.data_proc         fun.o
    0x08004aa4   0x08004aa4   0x00000018   Code   RO         3937    i.fabs              m_wm.l(fabs.o)
    0x08004abc   0x08004abc   0x00000214   Code   RO         3541    i.key_scan          fun.o
    0x08004cd0   0x08004cd0   0x000002c8   Code   RO         3542    i.lcd_show          fun.o
    0x08004f98   0x08004f98   0x00000044   Code   RO         3543    i.led_show          fun.o
    0x08004fdc   0x08004fdc   0x00000084   Code   RO           15    i.main              main.o
    0x08005060   0x08005060   0x0000004c   Code   RO         3544    i.main_pros         fun.o
    0x080050ac   0x080050ac   0x0000006e   Code   RO         3948    i.sqrt              m_wm.l(sqrt.o)
    0x0800511a   0x0800511a   0x00000018   Code   RO         3910    x$fpl$basic         fz_wm.l(basic.o)
    0x08005132   0x08005132   0x00000002   PAD
    0x08005134   0x08005134   0x00000150   Code   RO         3860    x$fpl$dadd          fz_wm.l(daddsub_clz.o)
    0x08005284   0x08005284   0x00000010   Code   RO         3980    x$fpl$dcheck1       fz_wm.l(dcheck1.o)
    0x08005294   0x08005294   0x00000018   Code   RO         3912    x$fpl$dcmpinf       fz_wm.l(dcmpi.o)
    0x080052ac   0x080052ac   0x000002b0   Code   RO         3867    x$fpl$ddiv          fz_wm.l(ddiv.o)
    0x0800555c   0x0800555c   0x0000005e   Code   RO         3870    x$fpl$dfix          fz_wm.l(dfix.o)
    0x080055ba   0x080055ba   0x0000002e   Code   RO         3875    x$fpl$dflt          fz_wm.l(dflt_clz.o)
    0x080055e8   0x080055e8   0x00000026   Code   RO         3874    x$fpl$dfltu         fz_wm.l(dflt_clz.o)
    0x0800560e   0x0800560e   0x00000002   PAD
    0x08005610   0x08005610   0x00000078   Code   RO         3880    x$fpl$dleqf         fz_wm.l(dleqf.o)
    0x08005688   0x08005688   0x00000154   Code   RO         3882    x$fpl$dmul          fz_wm.l(dmul.o)
    0x080057dc   0x080057dc   0x0000009c   Code   RO         3914    x$fpl$dnaninf       fz_wm.l(dnaninf.o)
    0x08005878   0x08005878   0x0000000c   Code   RO         3916    x$fpl$dretinf       fz_wm.l(dretinf.o)
    0x08005884   0x08005884   0x0000006c   Code   RO         3884    x$fpl$drleqf        fz_wm.l(drleqf.o)
    0x080058f0   0x080058f0   0x00000016   Code   RO         3861    x$fpl$drsb          fz_wm.l(daddsub_clz.o)
    0x08005906   0x08005906   0x00000002   PAD
    0x08005908   0x08005908   0x00000198   Code   RO         3982    x$fpl$dsqrt         fz_wm.l(dsqrt_umaal.o)
    0x08005aa0   0x08005aa0   0x000001d4   Code   RO         3862    x$fpl$dsub          fz_wm.l(daddsub_clz.o)
    0x08005c74   0x08005c74   0x0000000a   Code   RO         4057    x$fpl$fpinit        fz_wm.l(fpinit.o)
    0x08005c7e   0x08005c7e   0x00000064   Code   RO         3997    x$fpl$retnan        fz_wm.l(retnan.o)
    0x08005ce2   0x08005ce2   0x0000005c   Code   RO         3918    x$fpl$scalbn        fz_wm.l(scalbn.o)
    0x08005d3e   0x08005d3e   0x00000030   Code   RO         4046    x$fpl$trapveneer    fz_wm.l(trapv.o)
    0x08005d6e   0x08005d6e   0x00000000   Code   RO         3920    x$fpl$usenofp       fz_wm.l(usenofp.o)
    0x08005d6e   0x08005d6e   0x00000010   Data   RO         3501    .constdata          system_stm32g4xx.o
    0x08005d7e   0x08005d7e   0x000011d0   Data   RO         3648    .constdata          lcd.o
    0x08006f4e   0x08006f4e   0x00000011   Data   RO         3845    .constdata          c_w.l(__printf_flags_wp.o)
    0x08006f5f   0x08006f5f   0x00000001   PAD
    0x08006f60   0x08006f60   0x00000088   Data   RO         3889    .constdata          m_wm.l(pow.o)
    0x08006fe8   0x08006fe8   0x00000008   Data   RO         3945    .constdata          m_wm.l(qnan.o)
    0x08006ff0   0x08006ff0   0x00000020   Data   RO         4127    Region$$Table       anon$$obj.o


    Execution Region RW_IRAM1 (Exec base: 0x20000000, Load base: 0x08007010, Size: 0x000008c0, Max: 0x00008000, ABSOLUTE)

    Exec Addr    Load Addr    Size         Type   Attr      Idx    E Section Name        Object

    0x20000000   0x08007010   0x00000004   Data   RW          216    .data               adc.o
    0x20000004   0x08007014   0x0000000c   Data   RW          914    .data               stm32g4xx_hal.o
    0x20000010   0x08007020   0x00000004   Data   RW         3503    .data               system_stm32g4xx.o
    0x20000014   0x08007024   0x00000004   PAD
    0x20000018   0x08007028   0x00000070   Data   RW         3546    .data               fun.o
    0x20000088   0x08007098   0x00000006   Data   RW         3649    .data               lcd.o
    0x2000008e   0x0800709e   0x00000002   PAD
    0x20000090        -       0x000000d8   Zero   RW          215    .bss                adc.o
    0x20000168        -       0x000000e4   Zero   RW          266    .bss                tim.o
    0x2000024c        -       0x00000014   Zero   RW         3545    .bss                fun.o
    0x20000260        -       0x00000060   Zero   RW         3985    .bss                c_w.l(libspace.o)
    0x200002c0        -       0x00000200   Zero   RW            2    HEAP                startup_stm32g431xx.o
    0x200004c0        -       0x00000400   Zero   RW            1    STACK               startup_stm32g431xx.o


==============================================================================

Image component sizes


      Code (inc. data)   RO Data    RW Data    ZI Data      Debug   Object Name

       496         40          0          4        216       2670   adc.o
      2004        458          0        112         20       8826   fun.o
       212         18          0          0          0       1023   gpio.o
      1826        110       4560          6          0      11862   lcd.o
       238         26          0          0          0     653168   main.o
        64         26        472          0       1536        848   startup_stm32g431xx.o
       162         24          0         12          0       4341   stm32g4xx_hal.o
      2092        108          0          0          0      76889   stm32g4xx_hal_adc.o
       368         18          0          0          0      68805   stm32g4xx_hal_adc_ex.o
       198         14          0          0          0      33859   stm32g4xx_hal_cortex.o
       476         34          0          0          0       3119   stm32g4xx_hal_gpio.o
        48          6          0          0          0        874   stm32g4xx_hal_msp.o
       204         18          0          0          0       1409   stm32g4xx_hal_pwr_ex.o
      1624         68          0          0          0       4794   stm32g4xx_hal_rcc.o
       648         10          0          0          0       1884   stm32g4xx_hal_rcc_ex.o
      3570        302          0          0          0      23217   stm32g4xx_hal_tim.o
       342         32          0          0          0       6352   stm32g4xx_hal_tim_ex.o
        44         12          0          0          0       5122   stm32g4xx_it.o
        28          6         16          4          0       1171   system_stm32g4xx.o
       668         44          0          0        228       4044   tim.o

    ----------------------------------------------------------------------
     15336       1374       5080        144       2000     914277   Object Totals
         0          0         32          0          0          0   (incl. Generated)
        24          0          0          6          0          0   (incl. Padding)

    ----------------------------------------------------------------------

      Code (inc. data)   RO Data    RW Data    ZI Data      Debug   Library Member Name

         8          0          0          0          0         68   __main.o
       312          4         17          0          0         92   __printf_flags_wp.o
        14          0          0          0          0         68   __printf_wp.o
         0          0          0          0          0          0   __rtentry.o
        12          0          0          0          0          0   __rtentry2.o
         6          0          0          0          0          0   __rtentry4.o
        52          8          0          0          0          0   __scatter.o
        26          0          0          0          0          0   __scatter_copy.o
        28          0          0          0          0          0   __scatter_zi.o
        48          6          0          0          0         96   _printf_char_common.o
         6          0          0          0          0          0   _printf_d.o
       120         16          0          0          0         92   _printf_dec.o
       178          0          0          0          0         88   _printf_intcommon.o
        78          0          0          0          0        108   _printf_pad.o
         0          0          0          0          0          0   _printf_percent.o
         4          0          0          0          0          0   _printf_percent_end.o
        22          0          0          0          0        100   _rserrno.o
        10          0          0          0          0         68   _sputc.o
        18          0          0          0          0         80   exit.o
         6          0          0          0          0        152   heapauxi.o
         0          0          0          0          0          0   indicate_semi.o
         2          0          0          0          0          0   libinit.o
         6          0          0          0          0          0   libinit2.o
         2          0          0          0          0          0   libshutdown.o
         2          0          0          0          0          0   libshutdown2.o
         8          4          0          0         96         68   libspace.o
        40          6          0          0          0         84   noretval__2sprintf.o
         8          4          0          0          0         68   rt_errno_addr_intlibspace.o
        78          0          0          0          0         80   rt_memclr_w.o
         2          0          0          0          0          0   rtexit.o
        10          0          0          0          0          0   rtexit2.o
        12          4          0          0          0         68   sys_exit.o
        74          0          0          0          0         80   sys_stackheap_outer.o
         2          0          0          0          0         68   use_no_semi.o
        24          0          0          0          0        164   basic.o
       826         16          0          0          0        492   daddsub_clz.o
        16          4          0          0          0        116   dcheck1.o
        24          0          0          0          0        116   dcmpi.o
       688        140          0          0          0        256   ddiv.o
        94          4          0          0          0        140   dfix.o
        84          0          0          0          0        232   dflt_clz.o
       120          4          0          0          0        140   dleqf.o
       340         12          0          0          0        152   dmul.o
       156          4          0          0          0        140   dnaninf.o
        12          0          0          0          0        116   dretinf.o
       108          0          0          0          0        128   drleqf.o
       408         56          0          0          0        168   dsqrt_umaal.o
        10          0          0          0          0        116   fpinit.o
       100          0          0          0          0        116   retnan.o
        92          0          0          0          0        116   scalbn.o
        48          0          0          0          0        116   trapv.o
         0          0          0          0          0          0   usenofp.o
       164         44          0          0          0        620   dunder.o
        24          0          0          0          0        124   fabs.o
        48          0          0          0          0        124   fpclassify.o
       248          0          0          0          0        152   poly.o
      3152        296        136          0          0        352   pow.o
         0          0          8          0          0          0   qnan.o
       110          0          0          0          0        148   sqrt.o

    ----------------------------------------------------------------------
      8110        632        162          0         96       5872   Library Totals
        20          0          1          0          0          0   (incl. Padding)

    ----------------------------------------------------------------------

      Code (inc. data)   RO Data    RW Data    ZI Data      Debug   Library Name

      1194         52         17          0         96       1528   c_w.l
      3150        240          0          0          0       2824   fz_wm.l
      3746        340        144          0          0       1520   m_wm.l

    ----------------------------------------------------------------------
      8110        632        162          0         96       5872   Library Totals

    ----------------------------------------------------------------------

==============================================================================


      Code (inc. data)   RO Data    RW Data    ZI Data      Debug   

     23446       2006       5242        144       2096     905021   Grand Totals
     23446       2006       5242        144       2096     905021   ELF Image Totals
     23446       2006       5242        144          0          0   ROM Totals

==============================================================================

    Total RO  Size (Code + RO Data)                28688 (  28.02kB)
    Total RW  Size (RW Data + ZI Data)              2240 (   2.19kB)
    Total ROM Size (Code + RO Data + RW Data)      28832 (  28.16kB)

==============================================================================

